<html>
<body>
<pre>
<h1>礦ision Build Log</h1>
<h2>Project:</h2>
D:\用户目录\Pictures\HDPLC_COAXIAL_201509\PROGRAM\glexer_HDPLC_COAXIAL\HDPLC_STM32F103ZE\Project\RVMDK\project.uvproj
Project File Date:  10/16/2015

<h2>Output:</h2>
Build target 'Flash'
compiling main.c...
compiling stm32f10x_it.c...
compiling usart_printf.c...
compiling button.c...
compiling systick.c...
compiling hdplc_struct.c...
..\..\Source\src\hdplc_struct.c(18): warning:  #223-D: function "memset" declared implicitly
..\..\Source\src\hdplc_struct.c(62): warning:  #117-D: non-void function "EtherTx" should return a value
..\..\Source\src\hdplc_struct.c(51): warning:  #177-D: variable "theRet" was declared but never referenced
..\..\Source\src\hdplc_struct.c(70): warning:  #223-D: function "memset" declared implicitly
..\..\Source\src\hdplc_struct.c(71): warning:  #223-D: function "memcpy" declared implicitly
..\..\Source\src\hdplc_struct.c(88): warning:  #117-D: non-void function "EtherRx" should return a value
..\..\Source\src\hdplc_struct.c(67): warning:  #177-D: variable "theRxByte" was declared but never referenced
..\..\Source\src\hdplc_struct.c(68): warning:  #177-D: variable "i" was declared but never referenced
..\..\Source\src\hdplc_struct.c(98): warning:  #223-D: function "strlen" declared implicitly
..\..\Source\src\hdplc_struct.c(104): warning:  #223-D: function "memcpy" declared implicitly
..\..\Source\src\hdplc_struct.c(132): warning:  #550-D: variable "theReq" was set but never used
..\..\Source\src\hdplc_struct.c(195): warning:  #940-D: missing return statement at end of non-void function "print_GetStatus"
..\..\Source\src\hdplc_struct.c(243): warning:  #940-D: missing return statement at end of non-void function "print_StartSpeedTest"
..\..\Source\src\hdplc_struct.c(278): warning:  #174-D: expression has no effect
..\..\Source\src\hdplc_struct.c(320): warning:  #223-D: function "strlen" declared implicitly
..\..\Source\src\hdplc_struct.c(346): warning:  #223-D: function "strlen" declared implicitly
..\..\Source\src\hdplc_struct.c(345): warning:  #550-D: variable "len" was set but never used
..\..\Source\src\hdplc_struct.c(379): warning:  #223-D: function "strcpy" declared implicitly
..\..\Source\src\hdplc_struct.c(380): warning:  #223-D: function "strcat" declared implicitly
..\..\Source\src\hdplc_struct.c(387): warning:  #223-D: function "strlen" declared implicitly
..\..\Source\src\hdplc_struct.c(417): warning:  #223-D: function "strlen" declared implicitly
..\..\Source\src\hdplc_struct.c(449): warning:  #223-D: function "strcpy" declared implicitly
..\..\Source\src\hdplc_struct.c(450): warning:  #223-D: function "strcat" declared implicitly
..\..\Source\src\hdplc_struct.c(467): warning:  #940-D: missing return statement at end of non-void function "run_GetAllMessages"
..\..\Source\src\hdplc_struct.c(436): warning:  #177-D: variable "theReq" was declared but never referenced
..\..\Source\src\hdplc_struct.c(437): warning:  #177-D: variable "theBuf" was declared but never referenced
..\..\Source\src\hdplc_struct.c(491): warning:  #223-D: function "strcpy" declared implicitly
..\..\Source\src\hdplc_struct.c(494): warning:  #223-D: function "strlen" declared implicitly
..\..\Source\src\hdplc_struct.c(531): warning:  #223-D: function "strcpy" declared implicitly
..\..\Source\src\hdplc_struct.c(540): warning:  #223-D: function "strcpy" declared implicitly
..\..\Source\src\hdplc_struct.c(548): warning:  #223-D: function "strcpy" declared implicitly
..\..\Source\src\hdplc_struct.c(549): warning:  #223-D: function "strcat" declared implicitly
..\..\Source\src\hdplc_struct.c(557): warning:  #223-D: function "strcpy" declared implicitly
..\..\Source\src\hdplc_struct.c(564): warning:  #940-D: missing return statement at end of non-void function "run_SetMacAddress"
..\..\Source\src\hdplc_struct.c(583): warning:  #167-D: argument of type "unsigned char *" is incompatible with parameter of type "char *"
..\..\Source\src\hdplc_struct.c(600): warning:  #940-D: missing return statement at end of non-void function "print_StartChannelEstimate"
..\..\Source\src\hdplc_struct.c(605): warning:  #940-D: missing return statement at end of non-void function "run_GetCINRMap2To28"
..\..\Source\src\hdplc_struct.c(625): warning:  #940-D: missing return statement at end of non-void function "print_GetCINRMap2To28"
..\..\Source\src\hdplc_struct.c(264): warning: C3017W: i may be used before being set
assembling startup_stm32f10x_hd.s...
compiling stm32f10x_rcc.c...
compiling misc.c...
compiling stm32f10x_usart.c...
compiling stm32f10x_gpio.c...
compiling stm32f10x_fsmc.c...
compiling core_cm3.c...
compiling system_stm32f10x.c...
compiling psock.c...
..\..\Libraries\uIP-1.0\uip\psock.c(188): warning:  #513-D: a value of type "const char *" cannot be assigned to an entity of type "const u8_t *"
..\..\Libraries\uIP-1.0\uip\psock.c(179): warning:  #550-D: variable "PT_YIELD_FLAG" was set but never used
..\..\Libraries\uIP-1.0\uip\psock.c(218): warning:  #550-D: variable "PT_YIELD_FLAG" was set but never used
..\..\Libraries\uIP-1.0\uip\psock.c(276): warning:  #167-D: argument of type "char *" is incompatible with parameter of type "u8_t *"
..\..\Libraries\uIP-1.0\uip\psock.c(274): warning:  #550-D: variable "PT_YIELD_FLAG" was set but never used
..\..\Libraries\uIP-1.0\uip\psock.c(303): warning:  #167-D: argument of type "char *" is incompatible with parameter of type "u8_t *"
..\..\Libraries\uIP-1.0\uip\psock.c(301): warning:  #550-D: variable "PT_YIELD_FLAG" was set but never used
..\..\Libraries\uIP-1.0\uip\psock.c(334): warning:  #167-D: argument of type "char *" is incompatible with parameter of type "u8_t *"
compiling timer.c...
compiling uip.c...
..\..\Libraries\uIP-1.0\uip\uip.c(700): warning:  #223-D: function "hello_world_appcall" declared implicitly
..\..\Libraries\uIP-1.0\uip\uip.c(751): warning:  #223-D: function "hello_world_appcall" declared implicitly
..\..\Libraries\uIP-1.0\uip\uip.c(790): warning:  #223-D: function "hello_world_appcall" declared implicitly
..\..\Libraries\uIP-1.0\uip\uip.c(805): warning:  #223-D: function "hello_world_appcall" declared implicitly
..\..\Libraries\uIP-1.0\uip\uip.c(1394): warning:  #223-D: function "hello_world_appcall" declared implicitly
..\..\Libraries\uIP-1.0\uip\uip.c(1483): warning:  #223-D: function "hello_world_appcall" declared implicitly
..\..\Libraries\uIP-1.0\uip\uip.c(1538): warning:  #223-D: function "hello_world_appcall" declared implicitly
..\..\Libraries\uIP-1.0\uip\uip.c(1543): warning:  #223-D: function "hello_world_appcall" declared implicitly
compiling uip_arp.c...
compiling uip-fw.c...
compiling uiplib.c...
compiling uip-neighbor.c...
..\..\Libraries\uIP-1.0\uip\uip-neighbor.c(90): warning:  #223-D: function "printf" declared implicitly
compiling uip-split.c...
compiling clock-arch.c...
compiling dm9k_uip.c...
..\..\Source\src\uIP_DM9000\dm9k_uip.c(415): warning:  #550-D: variable "isr_status" was set but never used
..\..\Source\src\uIP_DM9000\dm9k_uip.c(461): warning:  #223-D: function "printf" declared implicitly
..\..\Source\src\uIP_DM9000\dm9k_uip.c(466): warning:  #223-D: function "printf" declared implicitly
..\..\Source\src\uIP_DM9000\dm9k_uip.c(472): warning:  #223-D: function "printf" declared implicitly
..\..\Source\src\uIP_DM9000\dm9k_uip.c(477): warning:  #223-D: function "printf" declared implicitly
..\..\Source\src\uIP_DM9000\dm9k_uip.c(480): warning:  #223-D: function "printf" declared implicitly
..\..\Source\src\uIP_DM9000\dm9k_uip.c(789): warning:  #1-D: last line of file ends without a newline
compiling tapdev.c...
..\..\Source\src\uIP_DM9000\tapdev.c(57): warning:  #223-D: function "dm9k_receive_packet" declared implicitly
compiling hello-world.c...
..\..\Libraries\uIP-1.0\apps\hello-world\hello-world.c(89): warning:  #550-D: variable "PT_YIELD_FLAG" was set but never used
..\..\Libraries\uIP-1.0\apps\hello-world\hello-world.c(106): warning:  #223-D: function "printf" declared implicitly
compiling udp_demo.c...
..\..\Source\src\udp_demo.c(67): warning:  #177-D: variable "s" was declared but never referenced
..\..\Source\src\udp_demo.c(326): warning:  #174-D: expression has no effect
..\..\Source\src\udp_demo.c(312): warning:  #177-D: variable "i" was declared but never referenced
linking...
Program Size: Code=18224 RO-data=480 RW-data=172 ZI-data=14740  
FromELF: creating hex file...
".\Obj\output.axf" - 0 Error(s), 69 Warning(s).
Load "D:\\用户目录\\Pictures\\HDPLC_COAXIAL_201509\\PROGRAM\\glexer_HDPLC_COAXIAL\\HDPLC_STM32F103ZE\\Project\\RVMDK\\Obj\\output.AXF" 
Set JLink Project File to "D:\用户目录\Pictures\HDPLC_COAXIAL_201509\PROGRAM\glexer_HDPLC_COAXIAL\HDPLC_STM32F103ZE\Project\RVMDK\JLinkSettings.ini"
 
JLink info:
------------
DLL: V4.41b, compiled Dec 21 2011 19:07:35
Firmware: J-Link ARM V8 compiled Nov 25 2013 19:20:08
Hardware: V8.00
S/N : 20100213 
Feature(s) : RDI,FlashDL,FlashBP,JFlash,GDBFULL 
 
* JLink Info: TotalIRLen = 9, IRPrint = 0x0011
* JLink Info: Found Cortex-M3 r1p1, Little endian.
* JLink Info: TPIU fitted.
* JLink Info: ETM fitted.
* JLink Info:   FPUnit: 6 code (BP) slots and 2 literal slots
* JLink Info: Found Cortex-M3 r1p1, Little endian.
* JLink Info: TPIU fitted.
* JLink Info: ETM fitted.
* JLink Info:   FPUnit: 6 code (BP) slots and 2 literal slots
ROMTableAddr = 0xE00FF003
 
Target info:
------------
Device: STM32F103ZE
* JLink Info: Device "STM32F103ZE" selected (512 KB flash, 64 KB RAM).
VTarget = 3.280V
State of Pins: 
TCK: 1, TDI: 0, TDO: 1, TMS: 0, TRES: 1, TRST: 1
Hardware-Breakpoints: 6
Software-Breakpoints: 8192
Watchpoints:          4
JTAG speed: 2000 kHz
 
Erase Done.
Programming Done.
Verify OK.
