ARM Linker, 4.1 [Build 561] [Standard]

==============================================================================

Section Cross References

    main.o(i.InitNet) refers to dm9k_uip.o(i.dm9k_ReadID) for dm9k_ReadID
    main.o(i.InitNet) refers to tapdev.o(i.tapdev_init) for tapdev_init
    main.o(i.InitNet) refers to uip.o(i.uip_init) for uip_init
    main.o(i.InitNet) refers to uip.o(.data) for uip_hostaddr
    main.o(i.InitNet) refers to uip.o(.data) for uip_draddr
    main.o(i.InitNet) refers to uip.o(.data) for uip_netmask
    main.o(i.SetIP1) refers to tapdev.o(i.tapdev_init) for tapdev_init
    main.o(i.SetIP1) refers to uip.o(i.uip_init) for uip_init
    main.o(i.SetIP1) refers to uip.o(.data) for uip_hostaddr
    main.o(i.SetIP1) refers to uip.o(.data) for uip_draddr
    main.o(i.SetIP1) refers to uip.o(.data) for uip_netmask
    main.o(i.SetIP2) refers to tapdev.o(i.tapdev_init) for tapdev_init
    main.o(i.SetIP2) refers to uip.o(i.uip_init) for uip_init
    main.o(i.SetIP2) refers to uip.o(.data) for uip_hostaddr
    main.o(i.SetIP2) refers to uip.o(.data) for uip_draddr
    main.o(i.SetIP2) refers to uip.o(.data) for uip_netmask
    main.o(i.UipPro) refers to timer.o(i.timer_set) for timer_set
    main.o(i.UipPro) refers to tapdev.o(i.tapdev_read) for tapdev_read
    main.o(i.UipPro) refers to uip.o(i.htons) for htons
    main.o(i.UipPro) refers to uip.o(i.uip_process) for uip_process
    main.o(i.UipPro) refers to uip_arp.o(i.uip_arp_out) for uip_arp_out
    main.o(i.UipPro) refers to uip_arp.o(i.uip_arp_arpin) for uip_arp_arpin
    main.o(i.UipPro) refers to tapdev.o(i.tapdev_send) for tapdev_send
    main.o(i.UipPro) refers to timer.o(i.timer_expired) for timer_expired
    main.o(i.UipPro) refers to timer.o(i.timer_reset) for timer_reset
    main.o(i.UipPro) refers to uip_arp.o(i.uip_arp_timer) for uip_arp_timer
    main.o(i.UipPro) refers to main.o(.data) for .data
    main.o(i.UipPro) refers to uip.o(.data) for uip_len
    main.o(i.UipPro) refers to uip.o(.bss) for uip_buf
    main.o(i.main) refers to _scanf_str.o(.text) for _scanf_string
    main.o(i.main) refers to system_stm32f10x.o(i.SystemInit) for SystemInit
    main.o(i.main) refers to usart_printf.o(i.USART_Configuration) for USART_Configuration
    main.o(i.main) refers to usart_printf.o(i.PrintfLogo) for PrintfLogo
    main.o(i.main) refers to main.o(i.InitNet) for InitNet
    main.o(i.main) refers to printf8.o(i.__0printf$8) for __2printf
    main.o(i.main) refers to main.o(i.SetIP2) for SetIP2
    main.o(i.main) refers to udp_demo.o(i.uip_udp_init) for uip_udp_init
    main.o(i.main) refers to main.o(i.SetIP1) for SetIP1
    main.o(i.main) refers to __0scanf.o(.text) for __0scanf
    main.o(i.main) refers to main.o(i.UipPro) for UipPro
    main.o(i.main) refers to system_stm32f10x.o(.constdata) for SystemFrequency
    main.o(i.main) refers to main.o(.data) for .data
    main.o(i.main) refers to main.o(.bss) for .bss
    main.o(i.main) refers to uip.o(.data) for uip_len
    stm32f10x_it.o(i.SysTick_Handler) refers to systick.o(i.SysTick_ISR) for SysTick_ISR
    usart_printf.o(i.PrintfLogo) refers to printf8.o(i.__0printf$8) for __2printf
    usart_printf.o(i.USART_Configuration) refers to stm32f10x_rcc.o(i.RCC_APB2PeriphClockCmd) for RCC_APB2PeriphClockCmd
    usart_printf.o(i.USART_Configuration) refers to stm32f10x_gpio.o(i.GPIO_Init) for GPIO_Init
    usart_printf.o(i.USART_Configuration) refers to stm32f10x_usart.o(i.USART_Init) for USART_Init
    usart_printf.o(i.USART_Configuration) refers to stm32f10x_usart.o(i.USART_Cmd) for USART_Cmd
    usart_printf.o(i.USART_Configuration) refers to stm32f10x_usart.o(i.USART_ClearFlag) for USART_ClearFlag
    usart_printf.o(i.fgetc) refers to stm32f10x_usart.o(i.USART_GetFlagStatus) for USART_GetFlagStatus
    usart_printf.o(i.fgetc) refers to stm32f10x_usart.o(i.USART_ReceiveData) for USART_ReceiveData
    usart_printf.o(i.fputc) refers to stm32f10x_usart.o(i.USART_SendData) for USART_SendData
    usart_printf.o(i.fputc) refers to stm32f10x_usart.o(i.USART_GetFlagStatus) for USART_GetFlagStatus
    systick.o(i.CheckTimer) refers to systick.o(.bss) for .bss
    systick.o(i.DelayMS) refers to systick.o(.bss) for .bss
    systick.o(i.GetRunTime) refers to systick.o(.data) for .data
    systick.o(i.StartTimer) refers to systick.o(.bss) for .bss
    systick.o(i.SysTick_ISR) refers to systick.o(.bss) for .bss
    systick.o(i.SysTick_ISR) refers to systick.o(.data) for .data
    hdplc_struct.o(i.EtherRx) refers to memseta.o(.text) for __aeabi_memclr4
    hdplc_struct.o(i.EtherRx) refers to memcpya.o(.text) for __aeabi_memcpy
    hdplc_struct.o(i.EtherRx) refers to printf8.o(i.__0printf$8) for __2printf
    hdplc_struct.o(i.EtherRx) refers to uip.o(.data) for uip_len
    hdplc_struct.o(i.EtherTx) refers to printf8.o(i.__0printf$8) for __2printf
    hdplc_struct.o(i.EtherTx) refers to udp_demo.o(i.udp_senddata) for udp_senddata
[...]
    entry2.o(.ARM.Collect$$$$00002712) refers to startup_stm32f10x_hd.o(STACK) for __initial_sp
    entry2.o(__vectab_stack_and_reset_area) refers to startup_stm32f10x_hd.o(STACK) for __initial_sp
    entry2.o(__vectab_stack_and_reset_area) refers to entry.o(.ARM.Collect$$$$00000000) for __main
    entry5.o(.ARM.Collect$$$$00000004) refers to init.o(.text) for __scatterload
    entry7.o(.ARM.Collect$$$$00000007) refers to main.o(i.main) for main
    uldiv.o(.text) refers to llushr.o(.text) for __aeabi_llsr
    uldiv.o(.text) refers to llshl.o(.text) for __aeabi_llsl
    ctype_o.o(.text) refers to ctype_o.o(.constdata) for .constdata
    ctype_o.o(.constdata) refers to ctype_o.o(.constdata) for __ctype_table
    isalnum_o.o(.text) refers to ctype_o.o(.text) for __rt_ctype_table
    isalpha_o.o(.text) refers to ctype_o.o(.text) for __rt_ctype_table
    isblank_o.o(.text) refers to ctype_o.o(.constdata) for __ctype_table
    iscntrl_o.o(.text) refers to ctype_o.o(.text) for __rt_ctype_table
    isdigit_o.o(.text) refers to ctype_o.o(.text) for __rt_ctype_table
    isgraph_o.o(.text) refers to ctype_o.o(.text) for __rt_ctype_table
    islower_o.o(.text) refers to ctype_o.o(.text) for __rt_ctype_table
    isprint_o.o(.text) refers to ctype_o.o(.text) for __rt_ctype_table
    ispunct_o.o(.text) refers to ctype_o.o(.text) for __rt_ctype_table
    isspace_o.o(.text) refers to ctype_o.o(.text) for __rt_ctype_table
    isupper_o.o(.text) refers to ctype_o.o(.text) for __rt_ctype_table
    isxdigit_o.o(.text) refers to ctype_o.o(.text) for __rt_ctype_table
    errno.o(i.__aeabi_errno_addr) refers to errno.o(.data) for .data
    errno.o(i.__read_errno) refers to errno.o(.data) for .data
    errno.o(i.__set_errno) refers to errno.o(.data) for .data
    _strtoul.o(.text) refers to _chval.o(.text) for _chval
    _strtoul.o(.text) refers to errno.o(i.__aeabi_errno_addr) for __aeabi_errno_addr
    scanf_char_file.o(.text) refers to scanf_char.o(.text) for __vfscanf_char
    scanf_char_file.o(.text) refers to usart_printf.o(i.fgetc) for fgetc
    scanf_char_file.o(.text) refers to fgetc_b.o(.text) for __backspace
    dadd.o(.text) refers to llshl.o(.text) for __aeabi_llsl
    dadd.o(.text) refers to llsshr.o(.text) for __aeabi_lasr
    dadd.o(.text) refers to depilogue.o(.text) for _double_epilogue
    dmul.o(.text) refers to depilogue.o(.text) for _double_epilogue
    ddiv.o(.text) refers to depilogue.o(.text) for _double_round
    dfixul.o(.text) refers to llushr.o(.text) for __aeabi_llsr
    dfixul.o(.text) refers to llshl.o(.text) for __aeabi_llsl
    init.o(.text) refers to entry5.o(.ARM.Collect$$$$00000004) for __main_after_scatterload
    fgetc_b.o(.text) refers (Special) to iusesemig.o(.text) for __I$use$semihosting$fgetc
    fgetc_b.o(.text) refers to fgetc_b.o(.data) for .data
    fgetc_b.o(.data) refers (Special) to iusesemig.o(.text) for __I$use$semihosting$fgetc
    scanf_char.o(.text) refers to _scanf.o(.text) for __vfscanf
    scanf_char.o(.text) refers to isspace_o.o(.text) for isspace
    depilogue.o(.text) refers to llshl.o(.text) for __aeabi_llsl
    depilogue.o(.text) refers to llushr.o(.text) for __aeabi_llsr
    isspace_c.o(.text) refers to ctype_c.o(.text) for __ctype_lookup
    _scanf.o(.text) refers (Weak) to _scanf_str.o(.text) for _scanf_string
    ctype_c.o(.text) refers to ctype_c.o(.constdata) for .constdata


==============================================================================

Removing Unused input sections from the image.

    Removing systick.o(i.CheckTimer), (24 bytes).
    Removing systick.o(i.DelayMS), (28 bytes).
    Removing systick.o(i.StartTimer), (24 bytes).
    Removing hdplc_struct.o(i.GetCmdBody), (6 bytes).
    Removing hdplc_struct.o(i.replaceChar), (30 bytes).
    Removing startup_stm32f10x_hd.o(HEAP), (512 bytes).
    Removing stm32f10x_rcc.o(i.RCC_ADCCLKConfig), (20 bytes).
    Removing stm32f10x_rcc.o(i.RCC_APB1PeriphClockCmd), (24 bytes).
    Removing stm32f10x_rcc.o(i.RCC_APB1PeriphResetCmd), (24 bytes).
    Removing stm32f10x_rcc.o(i.RCC_APB2PeriphResetCmd), (24 bytes).
    Removing stm32f10x_rcc.o(i.RCC_AdjustHSICalibrationValue), (20 bytes).
    Removing stm32f10x_rcc.o(i.RCC_BackupResetCmd), (12 bytes).
    Removing stm32f10x_rcc.o(i.RCC_ClearFlag), (16 bytes).
    Removing stm32f10x_rcc.o(i.RCC_ClearITPendingBit), (12 bytes).
    Removing stm32f10x_rcc.o(i.RCC_ClockSecuritySystemCmd), (12 bytes).
    Removing stm32f10x_rcc.o(i.RCC_DeInit), (64 bytes).
    Removing stm32f10x_rcc.o(i.RCC_GetFlagStatus), (48 bytes).
    Removing stm32f10x_rcc.o(i.RCC_GetITStatus), (20 bytes).
    Removing stm32f10x_rcc.o(i.RCC_GetSYSCLKSource), (16 bytes).
    Removing stm32f10x_rcc.o(i.RCC_HCLKConfig), (20 bytes).
    Removing stm32f10x_rcc.o(i.RCC_HSEConfig), (52 bytes).
    Removing stm32f10x_rcc.o(i.RCC_HSICmd), (12 bytes).
    Removing stm32f10x_rcc.o(i.RCC_ITConfig), (24 bytes).
    Removing stm32f10x_rcc.o(i.RCC_LSEConfig), (32 bytes).
    Removing stm32f10x_rcc.o(i.RCC_LSICmd), (12 bytes).
    Removing stm32f10x_rcc.o(i.RCC_MCOConfig), (12 bytes).
    Removing stm32f10x_rcc.o(i.RCC_PCLK1Config), (20 bytes).
    Removing stm32f10x_rcc.o(i.RCC_PCLK2Config), (20 bytes).
    Removing stm32f10x_rcc.o(i.RCC_PLLCmd), (12 bytes).
    Removing stm32f10x_rcc.o(i.RCC_PLLConfig), (20 bytes).
    Removing stm32f10x_rcc.o(i.RCC_RTCCLKCmd), (12 bytes).
    Removing stm32f10x_rcc.o(i.RCC_RTCCLKConfig), (16 bytes).
    Removing stm32f10x_rcc.o(i.RCC_SYSCLKConfig), (20 bytes).
    Removing stm32f10x_rcc.o(i.RCC_USBCLKConfig), (12 bytes).
    Removing stm32f10x_rcc.o(i.RCC_WaitForHSEStartUp), (38 bytes).
    Removing misc.o(i.NVIC_Init), (92 bytes).
    Removing misc.o(i.NVIC_PriorityGroupConfig), (20 bytes).
    Removing misc.o(i.NVIC_SetVectorTable), (20 bytes).
    Removing misc.o(i.NVIC_SystemLPConfig), (24 bytes).
    Removing misc.o(i.SysTick_CLKSourceConfig), (24 bytes).
    Removing stm32f10x_usart.o(i.USART_ClearITPendingBit), (12 bytes).
    Removing stm32f10x_usart.o(i.USART_ClockInit), (30 bytes).
    Removing stm32f10x_usart.o(i.USART_ClockStructInit), (12 bytes).
    Removing stm32f10x_usart.o(i.USART_DMACmd), (16 bytes).
    Removing stm32f10x_usart.o(i.USART_DeInit), (116 bytes).
    Removing stm32f10x_usart.o(i.USART_GetITStatus), (62 bytes).
    Removing stm32f10x_usart.o(i.USART_HalfDuplexCmd), (20 bytes).
    Removing stm32f10x_usart.o(i.USART_ITConfig), (48 bytes).
    Removing stm32f10x_usart.o(i.USART_IrDACmd), (20 bytes).
    Removing stm32f10x_usart.o(i.USART_IrDAConfig), (16 bytes).
    Removing stm32f10x_usart.o(i.USART_LINBreakDetectLengthConfig), (16 bytes).
    Removing stm32f10x_usart.o(i.USART_LINCmd), (20 bytes).
    Removing stm32f10x_usart.o(i.USART_ReceiverWakeUpCmd), (20 bytes).
    Removing stm32f10x_usart.o(i.USART_SendBreak), (10 bytes).
    Removing stm32f10x_usart.o(i.USART_SetAddress), (16 bytes).
    Removing stm32f10x_usart.o(i.USART_SetGuardTime), (16 bytes).
    Removing stm32f10x_usart.o(i.USART_SetPrescaler), (16 bytes).
    Removing stm32f10x_usart.o(i.USART_SmartCardCmd), (20 bytes).
    Removing stm32f10x_usart.o(i.USART_SmartCardNACKCmd), (20 bytes).
    Removing stm32f10x_usart.o(i.USART_StructInit), (22 bytes).
    Removing stm32f10x_usart.o(i.USART_WakeUpConfig), (16 bytes).
    Removing stm32f10x_gpio.o(i.GPIO_AFIODeInit), (22 bytes).
    Removing stm32f10x_gpio.o(i.GPIO_DeInit), (180 bytes).
    Removing stm32f10x_gpio.o(i.GPIO_ETH_MediaInterfaceConfig), (12 bytes).
    Removing stm32f10x_gpio.o(i.GPIO_EXTILineConfig), (40 bytes).
    Removing stm32f10x_gpio.o(i.GPIO_EventOutputCmd), (12 bytes).
    Removing stm32f10x_gpio.o(i.GPIO_EventOutputConfig), (28 bytes).
    Removing stm32f10x_gpio.o(i.GPIO_PinLockConfig), (16 bytes).
    Removing stm32f10x_gpio.o(i.GPIO_PinRemapConfig), (72 bytes).
    Removing stm32f10x_gpio.o(i.GPIO_ReadInputData), (6 bytes).
    Removing stm32f10x_gpio.o(i.GPIO_ReadInputDataBit), (14 bytes).
    Removing stm32f10x_gpio.o(i.GPIO_ReadOutputData), (6 bytes).
    Removing stm32f10x_gpio.o(i.GPIO_ReadOutputDataBit), (14 bytes).
    Removing stm32f10x_gpio.o(i.GPIO_ResetBits), (4 bytes).
    Removing stm32f10x_gpio.o(i.GPIO_SetBits), (4 bytes).
    Removing stm32f10x_gpio.o(i.GPIO_StructInit), (16 bytes).
    Removing stm32f10x_gpio.o(i.GPIO_Write), (4 bytes).
    Removing stm32f10x_gpio.o(i.GPIO_WriteBit), (10 bytes).
    Removing stm32f10x_fsmc.o(i.FSMC_ClearFlag), (42 bytes).
    Removing stm32f10x_fsmc.o(i.FSMC_ClearITPendingBit), (44 bytes).
    Removing stm32f10x_fsmc.o(i.FSMC_GetECC), (18 bytes).
    Removing stm32f10x_fsmc.o(i.FSMC_GetFlagStatus), (40 bytes).
    Removing stm32f10x_fsmc.o(i.FSMC_GetITStatus), (48 bytes).
    Removing stm32f10x_fsmc.o(i.FSMC_ITConfig), (80 bytes).
    Removing stm32f10x_fsmc.o(i.FSMC_NANDCmd), (56 bytes).
    Removing stm32f10x_fsmc.o(i.FSMC_NANDDeInit), (40 bytes).
    Removing stm32f10x_fsmc.o(i.FSMC_NANDECCCmd), (56 bytes).
    Removing stm32f10x_fsmc.o(i.FSMC_NANDInit), (100 bytes).
    Removing stm32f10x_fsmc.o(i.FSMC_NANDStructInit), (54 bytes).
    Removing stm32f10x_fsmc.o(i.FSMC_NORSRAMDeInit), (36 bytes).
    Removing stm32f10x_fsmc.o(i.FSMC_NORSRAMStructInit), (96 bytes).
    Removing stm32f10x_fsmc.o(i.FSMC_PCCARDCmd), (32 bytes).
    Removing stm32f10x_fsmc.o(i.FSMC_PCCARDDeInit), (28 bytes).
    Removing stm32f10x_fsmc.o(i.FSMC_PCCARDInit), (112 bytes).
    Removing stm32f10x_fsmc.o(i.FSMC_PCCARDStructInit), (60 bytes).
    Removing core_cm3.o(.emb_text), (32 bytes).
    Removing system_stm32f10x.o(.constdata), (4 bytes).
    Removing system_stm32f10x.o(.constdata), (4 bytes).
    Removing system_stm32f10x.o(.constdata), (4 bytes).
    Removing system_stm32f10x.o(.constdata), (4 bytes).
    Removing psock.o(i.buf_bufdata), (122 bytes).
    Removing psock.o(i.psock_datalen), (10 bytes).
    Removing psock.o(i.psock_generator_send), (108 bytes).
    Removing psock.o(i.psock_readbuf), (156 bytes).
    Removing timer.o(i.timer_restart), (12 bytes).
    Removing uip.o(i.uip_chksum), (20 bytes).
    Removing uip.o(i.uip_connect), (232 bytes).
    Removing uip.o(i.uip_listen), (48 bytes).
    Removing uip.o(i.uip_setipid), (12 bytes).
    Removing uip.o(i.uip_unlisten), (48 bytes).
    Removing uip.o(.constdata), (4 bytes).
    Removing uip.o(.constdata), (4 bytes).
    Removing uip_arp.o(i.uip_arp_init), (44 bytes).
    Removing uip_arp.o(.constdata), (4 bytes).
    Removing uip-fw.o(i.fwcache_register), (88 bytes).
    Removing uip-fw.o(i.time_exceeded), (132 bytes).
    Removing uip-fw.o(i.uip_fw_default), (12 bytes).
    Removing uip-fw.o(i.uip_fw_forward), (188 bytes).
    Removing uip-fw.o(i.uip_fw_init), (28 bytes).
    Removing uip-fw.o(i.uip_fw_output), (92 bytes).
    Removing uip-fw.o(i.uip_fw_periodic), (28 bytes).
    Removing uip-fw.o(i.uip_fw_register), (16 bytes).
    Removing uip-fw.o(.bss), (28 bytes).
    Removing uip-fw.o(.data), (8 bytes).
    Removing uiplib.o(i.uiplib_ipaddrconv), (78 bytes).
    Removing uip-neighbor.o(i.find_entry), (56 bytes).
    Removing uip-neighbor.o(i.uip_neighbor_add), (136 bytes).
    Removing uip-neighbor.o(i.uip_neighbor_init), (32 bytes).
    Removing uip-neighbor.o(i.uip_neighbor_lookup), (14 bytes).
    Removing uip-neighbor.o(i.uip_neighbor_periodic), (36 bytes).
    Removing uip-neighbor.o(i.uip_neighbor_update), (16 bytes).
    Removing uip-neighbor.o(.bss), (96 bytes).
    Removing uip-neighbor.o(.constdata), (65 bytes).
    Removing uip-split.o(i.uip_split_output), (184 bytes).
    Removing dm9k_uip.o(i.dm9k_debug_test), (1416 bytes).
    Removing dm9k_uip.o(i.dm9k_interrupt), (36 bytes).
    Removing dm9k_uip.o(i.etherdev_chkmedia), (26 bytes).
    Removing dm9k_uip.o(i.etherdev_poll), (4 bytes).
    Removing dm9k_uip.o(i.etherdev_read), (4 bytes).
    Removing udp_demo.o(.bss), (4096 bytes).
    Removing udp_demo.o(.data), (2 bytes).
    Removing hello-world.o(i.hello_world_init), (8 bytes).
    Removing dadd.o(.text), (330 bytes).
    Removing dmul.o(.text), (226 bytes).
    Removing ddiv.o(.text), (222 bytes).
    Removing dfixul.o(.text), (48 bytes).
    Removing cdrcmple.o(.text), (40 bytes).
    Removing depilogue.o(.text), (194 bytes).

148 unused section(s) (total 12253 bytes) removed from the image.

==============================================================================

Image Symbol Table

    Local Symbols

    Symbol Name                              Value     Ov Type        Size  Object(Section)

    ../../microlib/ctype/ctype.c             0x00000000   Number         0  isgraph_o.o ABSOLUTE
    ../../microlib/ctype/ctype.c             0x00000000   Number         0  isdigit_o.o ABSOLUTE
    ../../microlib/ctype/ctype.c             0x00000000   Number         0  ctype_c.o ABSOLUTE
    ../../microlib/ctype/ctype.c             0x00000000   Number         0  isprint_o.o ABSOLUTE
    ../../microlib/ctype/ctype.c             0x00000000   Number         0  ispunct_o.o ABSOLUTE
    ../../microlib/ctype/ctype.c             0x00000000   Number         0  isupper_o.o ABSOLUTE
    ../../microlib/ctype/ctype.c             0x00000000   Number         0  ctype_o.o ABSOLUTE
    ../../microlib/ctype/ctype.c             0x00000000   Number         0  isalnum_o.o ABSOLUTE
    ../../microlib/ctype/ctype.c             0x00000000   Number         0  isalpha_o.o ABSOLUTE
    ../../microlib/ctype/ctype.c             0x00000000   Number         0  isblank_o.o ABSOLUTE
    ../../microlib/ctype/ctype.c             0x00000000   Number         0  isxdigit_o.o ABSOLUTE
    ../../microlib/ctype/ctype.c             0x00000000   Number         0  iscntrl_o.o ABSOLUTE
    ../../microlib/ctype/ctype.c             0x00000000   Number         0  isspace_o.o ABSOLUTE
    ../../microlib/ctype/ctype.c             0x00000000   Number         0  islower_o.o ABSOLUTE
    ../../microlib/ctype/ctype.c             0x00000000   Number         0  isspace_c.o ABSOLUTE
    ../../microlib/division.c                0x00000000   Number         0  uidiv.o ABSOLUTE
    ../../microlib/division.c                0x00000000   Number         0  uldiv.o ABSOLUTE
    ../../microlib/errno.c                   0x00000000   Number         0  errno.o ABSOLUTE
    ../../microlib/fpadd.c                   0x00000000   Number         0  dadd.o ABSOLUTE
    ../../microlib/fpdiv.c                   0x00000000   Number         0  ddiv.o ABSOLUTE
    ../../microlib/fpepilogue.c              0x00000000   Number         0  depilogue.o ABSOLUTE
    ../../microlib/fpfix.c                   0x00000000   Number         0  dfixul.o ABSOLUTE
    ../../microlib/fpmul.c                   0x00000000   Number         0  dmul.o ABSOLUTE
    ../../microlib/init/entry.s              0x00000000   Number         0  entry.o ABSOLUTE
    ../../microlib/init/entry.s              0x00000000   Number         0  entry5.o ABSOLUTE
    ../../microlib/init/entry.s              0x00000000   Number         0  entry7.o ABSOLUTE
    ../../microlib/init/entry.s              0x00000000   Number         0  entry2.o ABSOLUTE
    ../../microlib/longlong.c                0x00000000   Number         0  llshl.o ABSOLUTE
    ../../microlib/longlong.c                0x00000000   Number         0  llsshr.o ABSOLUTE
    ../../microlib/longlong.c                0x00000000   Number         0  llushr.o ABSOLUTE
    ../../microlib/printf/printf.c           0x00000000   Number         0  printfb.o ABSOLUTE
    ../../microlib/printf/printf.c           0x00000000   Number         0  printf0.o ABSOLUTE
    ../../microlib/printf/printf.c           0x00000000   Number         0  printf1.o ABSOLUTE
    ../../microlib/printf/printf.c           0x00000000   Number         0  printf2.o ABSOLUTE
    ../../microlib/printf/printf.c           0x00000000   Number         0  printf4.o ABSOLUTE
    ../../microlib/printf/printf.c           0x00000000   Number         0  printf5.o ABSOLUTE
    ../../microlib/printf/printf.c           0x00000000   Number         0  printf6.o ABSOLUTE
    ../../microlib/printf/printf.c           0x00000000   Number         0  printf7.o ABSOLUTE
    ../../microlib/printf/printf.c           0x00000000   Number         0  printf3.o ABSOLUTE
    ../../microlib/printf/printf.c           0x00000000   Number         0  printfa.o ABSOLUTE
    ../../microlib/printf/printf.c           0x00000000   Number         0  printf8.o ABSOLUTE
    ../../microlib/printf/stubs.s            0x00000000   Number         0  stubs.o ABSOLUTE
    ../../microlib/stdio/fgetc.c             0x00000000   Number         0  fgetc_b.o ABSOLUTE
    ../../microlib/stdio/getc.c              0x00000000   Number         0  getc.o ABSOLUTE
    ../../microlib/stdio/streams.c           0x00000000   Number         0  stdin.o ABSOLUTE
    ../../microlib/stdio/streams.c           0x00000000   Number         0  stdout.o ABSOLUTE
    ../../microlib/string/memcpy.c           0x00000000   Number         0  memcpya.o ABSOLUTE
    ../../microlib/string/memcpy.c           0x00000000   Number         0  memcpyb.o ABSOLUTE
    ../../microlib/string/memset.c           0x00000000   Number         0  memseta.o ABSOLUTE
    ../../microlib/string/strcat.c           0x00000000   Number         0  strcat.o ABSOLUTE
    ../../microlib/string/strcpy.c           0x00000000   Number         0  strcpy.o ABSOLUTE
    ../../microlib/string/strlen.c           0x00000000   Number         0  strlen.o ABSOLUTE
    ../../microlib/string/strncpy.c          0x00000000   Number         0  strncpy.o ABSOLUTE
    ../../microlib/stubs.s                   0x00000000   Number         0  iusesemig.o ABSOLUTE
    ../../microlib/stubs.s                   0x00000000   Number         0  iusefp.o ABSOLUTE
    ../../scanf.c                            0x00000000   Number         0  _scanf.o ABSOLUTE
    ../../scanf.c                            0x00000000   Number         0  scanf_char_file.o ABSOLUTE
    ../../scanf.c                            0x00000000   Number         0  scanf_char.o ABSOLUTE
    ../../scanf.c                            0x00000000   Number         0  strtoul.o ABSOLUTE
    ../../scanf.c                            0x00000000   Number         0  _chval.o ABSOLUTE
    ../../scanf.c                            0x00000000   Number         0  _strtoul.o ABSOLUTE
    ../../scanf.c                            0x00000000   Number         0  __0scanf.o ABSOLUTE
    ../../scanf.c                            0x00000000   Number         0  _scanf_str.o ABSOLUTE
    ..\..\Libraries\CMSIS\Core\CM3\core_cm3.c 0x00000000   Number         0  core_cm3.o ABSOLUTE
    ..\..\Libraries\CMSIS\Core\CM3\startup\arm\startup_stm32f10x_hd.s 0x00000000   Number         0  startup_stm32f10x_hd.o ABSOLUTE
    ..\..\Libraries\CMSIS\Core\CM3\system_stm32f10x.c 0x00000000   Number         0  system_stm32f10x.o ABSOLUTE
    ..\..\Libraries\STM32F10x_StdPeriph_Driver\src\misc.c 0x00000000   Number         0  misc.o ABSOLUTE
    ..\..\Libraries\STM32F10x_StdPeriph_Driver\src\stm32f10x_fsmc.c 0x00000000   Number         0  stm32f10x_fsmc.o ABSOLUTE
    ..\..\Libraries\STM32F10x_StdPeriph_Driver\src\stm32f10x_gpio.c 0x00000000   Number         0  stm32f10x_gpio.o ABSOLUTE
    ..\..\Libraries\STM32F10x_StdPeriph_Driver\src\stm32f10x_rcc.c 0x00000000   Number         0  stm32f10x_rcc.o ABSOLUTE
    ..\..\Libraries\STM32F10x_StdPeriph_Driver\src\stm32f10x_usart.c 0x00000000   Number         0  stm32f10x_usart.o ABSOLUTE
    ..\..\Libraries\uIP-1.0\apps\hello-world\hello-world.c 0x00000000   Number         0  hello-world.o ABSOLUTE
    ..\..\Libraries\uIP-1.0\uip\psock.c      0x00000000   Number         0  psock.o ABSOLUTE
    ..\..\Libraries\uIP-1.0\uip\timer.c      0x00000000   Number         0  timer.o ABSOLUTE
    ..\..\Libraries\uIP-1.0\uip\uip-fw.c     0x00000000   Number         0  uip-fw.o ABSOLUTE
    ..\..\Libraries\uIP-1.0\uip\uip-neighbor.c 0x00000000   Number         0  uip-neighbor.o ABSOLUTE
    ..\..\Libraries\uIP-1.0\uip\uip-split.c  0x00000000   Number         0  uip-split.o ABSOLUTE
    ..\..\Libraries\uIP-1.0\uip\uip.c        0x00000000   Number         0  uip.o ABSOLUTE
    ..\..\Libraries\uIP-1.0\uip\uip_arp.c    0x00000000   Number         0  uip_arp.o ABSOLUTE
    ..\..\Libraries\uIP-1.0\uip\uiplib.c     0x00000000   Number         0  uiplib.o ABSOLUTE
    ..\..\Source\src\hdplc_struct.c          0x00000000   Number         0  hdplc_struct.o ABSOLUTE
    ..\..\Source\src\main.c                  0x00000000   Number         0  main.o ABSOLUTE
    ..\..\Source\src\stm32f10x_it.c          0x00000000   Number         0  stm32f10x_it.o ABSOLUTE
    ..\..\Source\src\systick.c               0x00000000   Number         0  systick.o ABSOLUTE
    ..\..\Source\src\uIP_DM9000\clock-arch.c 0x00000000   Number         0  clock-arch.o ABSOLUTE
    ..\..\Source\src\uIP_DM9000\dm9k_uip.c   0x00000000   Number         0  dm9k_uip.o ABSOLUTE
    ..\..\Source\src\uIP_DM9000\tapdev.c     0x00000000   Number         0  tapdev.o ABSOLUTE
    ..\..\Source\src\udp_demo.c              0x00000000   Number         0  udp_demo.o ABSOLUTE
    ..\..\Source\src\usart_printf.c          0x00000000   Number         0  usart_printf.o ABSOLUTE
    ..\\..\\Libraries\\CMSIS\\Core\\CM3\\core_cm3.c 0x00000000   Number         0  core_cm3.o ABSOLUTE
    cdrcmple.s                               0x00000000   Number         0  cdrcmple.o ABSOLUTE
    dc.s                                     0x00000000   Number         0  dc.o ABSOLUTE
    handlers.s                               0x00000000   Number         0  handlers.o ABSOLUTE
    init.s                                   0x00000000   Number         0  init.o ABSOLUTE
    RESET                                    0x08000000   Section      304  startup_stm32f10x_hd.o(RESET)
    .ARM.Collect$$$$00000000                 0x08000130   Section        0  entry.o(.ARM.Collect$$$$00000000)
    .ARM.Collect$$$$00000001                 0x08000130   Section        4  entry2.o(.ARM.Collect$$$$00000001)
    .ARM.Collect$$$$00000004                 0x08000134   Section        4  entry5.o(.ARM.Collect$$$$00000004)
    .ARM.Collect$$$$00000007                 0x08000138   Section        8  entry7.o(.ARM.Collect$$$$00000007)
    .ARM.Collect$$$$00002712                 0x08000140   Section        4  entry2.o(.ARM.Collect$$$$00002712)
    __lit__00000000                          0x08000140   Data           4  entry2.o(.ARM.Collect$$$$00002712)
    .text                                    0x08000144   Section       48  startup_stm32f10x_hd.o(.text)
    .text                                    0x08000174   Section        0  memcpya.o(.text)
    .text                                    0x08000198   Section        0  memseta.o(.text)
    .text                                    0x080001be   Section        0  strcat.o(.text)
    .text                                    0x080001da   Section        0  strncpy.o(.text)
    .text                                    0x080001f2   Section        0  strlen.o(.text)
    .text                                    0x08000202   Section        0  strcpy.o(.text)
    .text                                    0x08000214   Section        0  __0scanf.o(.text)
    .text                                    0x08000234   Section        0  _scanf_str.o(.text)
    .text                                    0x0800030c   Section        0  strtoul.o(.text)
    .text                                    0x0800037e   Section        0  uldiv.o(.text)
    .text                                    0x080003e4   Section        0  ctype_o.o(.text)
    .text                                    0x080003ec   Section        0  isspace_o.o(.text)
    .text                                    0x080003fe   Section        0  _strtoul.o(.text)
    .text                                    0x0800049c   Section        0  scanf_char_file.o(.text)
    .text                                    0x080004b0   Section       36  init.o(.text)
    .text                                    0x080004d4   Section        0  fgetc_b.o(.text)
    .text                                    0x08000500   Section        0  llshl.o(.text)
    .text                                    0x0800051e   Section        0  llushr.o(.text)
    .text                                    0x0800053e   Section        0  _chval.o(.text)
    .text                                    0x08000560   Section        0  scanf_char.o(.text)
    _scanf_char_input                        0x08000561   Thumb Code    12  scanf_char.o(.text)
    .text                                    0x0800058c   Section        0  _scanf.o(.text)
    .text                                    0x080008c4   Section        0  iusesemig.o(.text)
    i.BusFault_Handler                       0x080008c4   Section        0  stm32f10x_it.o(i.BusFault_Handler)
    i.DM9K_CtrlLinesConfig                   0x080008c8   Section        0  dm9k_uip.o(i.DM9K_CtrlLinesConfig)
    DM9K_CtrlLinesConfig                     0x080008c9   Thumb Code    96  dm9k_uip.o(i.DM9K_CtrlLinesConfig)
    i.DM9K_FSMCConfig                        0x08000938   Section        0  dm9k_uip.o(i.DM9K_FSMCConfig)
    DM9K_FSMCConfig                          0x08000939   Thumb Code    76  dm9k_uip.o(i.DM9K_FSMCConfig)
    i.DebugMon_Handler                       0x08000984   Section        0  stm32f10x_it.o(i.DebugMon_Handler)
    i.EtherRx                                0x08000988   Section        0  hdplc_struct.o(i.EtherRx)
    i.EtherTx                                0x080009e0   Section        0  hdplc_struct.o(i.EtherTx)
    i.FSMC_NORSRAMCmd                        0x08000a0c   Section        0  stm32f10x_fsmc.o(i.FSMC_NORSRAMCmd)
    i.FSMC_NORSRAMInit                       0x08000a2c   Section        0  stm32f10x_fsmc.o(i.FSMC_NORSRAMInit)
    i.GPIO_Init                              0x08000ae8   Section        0  stm32f10x_gpio.o(i.GPIO_Init)
    i.GetRunTime                             0x08000b8c   Section        0  systick.o(i.GetRunTime)
    i.HardFault_Handler                      0x08000ba4   Section        0  stm32f10x_it.o(i.HardFault_Handler)
    i.InitNet                                0x08000ba8   Section        0  main.o(i.InitNet)
    i.Initialize                             0x08000be8   Section        0  hdplc_struct.o(i.Initialize)
    i.MemManage_Handler                      0x08000c3c   Section        0  stm32f10x_it.o(i.MemManage_Handler)
    i.NMI_Handler                            0x08000c3e   Section        0  stm32f10x_it.o(i.NMI_Handler)
    i.PendSV_Handler                         0x08000c40   Section        0  stm32f10x_it.o(i.PendSV_Handler)
    i.PrintfLogo                             0x08000c44   Section        0  usart_printf.o(i.PrintfLogo)
    i.RCC_AHBPeriphClockCmd                  0x08000d5c   Section        0  stm32f10x_rcc.o(i.RCC_AHBPeriphClockCmd)
    i.RCC_APB2PeriphClockCmd                 0x08000d74   Section        0  stm32f10x_rcc.o(i.RCC_APB2PeriphClockCmd)
    i.RCC_GetClocksFreq                      0x08000d8c   Section        0  stm32f10x_rcc.o(i.RCC_GetClocksFreq)
    i.SVC_Handler                            0x08000e24   Section        0  stm32f10x_it.o(i.SVC_Handler)
    i.SetIP1                                 0x08000e28   Section        0  main.o(i.SetIP1)
    i.SetIP2                                 0x08000e64   Section        0  main.o(i.SetIP2)
    i.SetSysClockTo72                        0x08000ea0   Section        0  system_stm32f10x.o(i.SetSysClockTo72)
    SetSysClockTo72                          0x08000ea1   Thumb Code   138  system_stm32f10x.o(i.SetSysClockTo72)
    i.String2Hex                             0x08000f34   Section        0  hdplc_struct.o(i.String2Hex)
    i.SysTick_Handler                        0x08000f80   Section        0  stm32f10x_it.o(i.SysTick_Handler)
    i.SysTick_ISR                            0x08000f84   Section        0  systick.o(i.SysTick_ISR)
    i.SystemInit                             0x08000fd8   Section        0  system_stm32f10x.o(i.SystemInit)
    i.USART_ClearFlag                        0x08001018   Section        0  stm32f10x_usart.o(i.USART_ClearFlag)
    i.USART_Cmd                              0x0800101e   Section        0  stm32f10x_usart.o(i.USART_Cmd)
    i.USART_Configuration                    0x08001034   Section        0  usart_printf.o(i.USART_Configuration)
    i.USART_GetFlagStatus                    0x080010c8   Section        0  stm32f10x_usart.o(i.USART_GetFlagStatus)
    i.USART_Init                             0x080010d8   Section        0  stm32f10x_usart.o(i.USART_Init)
    i.USART_ReceiveData                      0x08001164   Section        0  stm32f10x_usart.o(i.USART_ReceiveData)
    i.USART_SendData                         0x0800116c   Section        0  stm32f10x_usart.o(i.USART_SendData)
    i.UipPro                                 0x08001174   Section        0  main.o(i.UipPro)
    i.UsageFault_Handler                     0x0800128c   Section        0  stm32f10x_it.o(i.UsageFault_Handler)
    i.__0printf$8                            0x08001290   Section        0  printf8.o(i.__0printf$8)
    i.__aeabi_errno_addr                     0x080012b0   Section        0  errno.o(i.__aeabi_errno_addr)
    i.__scatterload_copy                     0x080012b8   Section       14  handlers.o(i.__scatterload_copy)
    i.__scatterload_null                     0x080012c6   Section        2  handlers.o(i.__scatterload_null)
    i.__scatterload_zeroinit                 0x080012c8   Section       14  handlers.o(i.__scatterload_zeroinit)
    i._printf_core                           0x080012d8   Section        0  printf8.o(i._printf_core)
    _printf_core                             0x080012d9   Thumb Code  1064  printf8.o(i._printf_core)
    i._printf_post_padding                   0x08001700   Section        0  printf8.o(i._printf_post_padding)
    _printf_post_padding                     0x08001701   Thumb Code    38  printf8.o(i._printf_post_padding)
    i._printf_pre_padding                    0x08001726   Section        0  printf8.o(i._printf_pre_padding)
    _printf_pre_padding                      0x08001727   Thumb Code    46  printf8.o(i._printf_pre_padding)
    i.chksum                                 0x08001754   Section        0  uip.o(i.chksum)
    chksum                                   0x08001755   Thumb Code    58  uip.o(i.chksum)
    i.clock_time                             0x0800178e   Section        0  clock-arch.o(i.clock_time)
    i.data_acked                             0x08001794   Section        0  psock.o(i.data_acked)
    data_acked                               0x08001795   Thumb Code    66  psock.o(i.data_acked)
    i.dm9k_ReadID                            0x080017e0   Section        0  dm9k_uip.o(i.dm9k_ReadID)
    i.dm9k_hash_table                        0x08001828   Section        0  dm9k_uip.o(i.dm9k_hash_table)
    i.dm9k_initnic                           0x08001880   Section        0  dm9k_uip.o(i.dm9k_initnic)
    i.dm9k_phy_write                         0x080018c8   Section        0  dm9k_uip.o(i.dm9k_phy_write)
    i.dm9k_receive_packet                    0x08001904   Section        0  dm9k_uip.o(i.dm9k_receive_packet)
    i.dm9k_reset                             0x080019b4   Section        0  dm9k_uip.o(i.dm9k_reset)
    i.dm9k_send_packet                       0x08001a10   Section        0  dm9k_uip.o(i.dm9k_send_packet)
    i.dm9k_udelay                            0x08001a78   Section        0  dm9k_uip.o(i.dm9k_udelay)
    i.etherdev_init                          0x08001a9c   Section        0  dm9k_uip.o(i.etherdev_init)
    i.etherdev_send                          0x08001ab8   Section        0  dm9k_uip.o(i.etherdev_send)
    i.fgetc                                  0x08001abc   Section        0  usart_printf.o(i.fgetc)
    i.fputc                                  0x08001adc   Section        0  usart_printf.o(i.fputc)
    i.getc                                   0x08001b00   Section        0  getc.o(i.getc)
    i.handle_connection                      0x08001b04   Section        0  hello-world.o(i.handle_connection)
    handle_connection                        0x08001b05   Thumb Code   136  hello-world.o(i.handle_connection)
    i.hello_world_appcall                    0x08001bb4   Section        0  hello-world.o(i.hello_world_appcall)
    i.htons                                  0x08001be4   Section        0  uip.o(i.htons)
    i.ior                                    0x08001bf0   Section        0  dm9k_uip.o(i.ior)
    i.iow                                    0x08001c00   Section        0  dm9k_uip.o(i.iow)
    i.main                                   0x08001c0c   Section        0  main.o(i.main)
    i.print_GetCINRMap2To28                  0x08001e88   Section        0  hdplc_struct.o(i.print_GetCINRMap2To28)
    i.print_GetPhyRate                       0x08001f24   Section        0  hdplc_struct.o(i.print_GetPhyRate)
    i.print_GetStatus                        0x08002020   Section        0  hdplc_struct.o(i.print_GetStatus)
    i.print_StartChannelEstimate             0x0800233c   Section        0  hdplc_struct.o(i.print_StartChannelEstimate)
    i.print_StartSpeedTest                   0x080023bc   Section        0  hdplc_struct.o(i.print_StartSpeedTest)
    i.print_SystemCmd                        0x0800242c   Section        0  hdplc_struct.o(i.print_SystemCmd)
    i.psock_init                             0x080024a8   Section        0  psock.o(i.psock_init)
    i.psock_newdata                          0x080024c0   Section        0  psock.o(i.psock_newdata)
    i.psock_readto                           0x080024e8   Section        0  psock.o(i.psock_readto)
    i.psock_send                             0x080025cc   Section        0  psock.o(i.psock_send)
    i.run_GetAllMessages                     0x08002618   Section        0  hdplc_struct.o(i.run_GetAllMessages)
    i.run_GetCINRMap2To28                    0x080026e4   Section        0  hdplc_struct.o(i.run_GetCINRMap2To28)
    i.run_GetPhyRate                         0x080026ee   Section        0  hdplc_struct.o(i.run_GetPhyRate)
    i.run_GetStatus                          0x08002702   Section        0  hdplc_struct.o(i.run_GetStatus)
    i.run_SetMacAddress                      0x08002718   Section        0  hdplc_struct.o(i.run_SetMacAddress)
    i.run_SetMacAddressSub                   0x0800282c   Section        0  hdplc_struct.o(i.run_SetMacAddressSub)
    i.run_StartChannelEstimate               0x080028b8   Section        0  hdplc_struct.o(i.run_StartChannelEstimate)
    i.run_StartSpeedTest                     0x080028f4   Section        0  hdplc_struct.o(i.run_StartSpeedTest)
    i.run_SysGetPhyRate                      0x08002980   Section        0  hdplc_struct.o(i.run_SysGetPhyRate)
    i.run_SystemCmd                          0x08002a70   Section        0  hdplc_struct.o(i.run_SystemCmd)
    i.send_data                              0x08002b24   Section        0  psock.o(i.send_data)
    send_data                                0x08002b25   Thumb Code    60  psock.o(i.send_data)
    i.tapdev_init                            0x08002b68   Section        0  tapdev.o(i.tapdev_init)
    i.tapdev_read                            0x08002b6c   Section        0  tapdev.o(i.tapdev_read)
    i.tapdev_send                            0x08002b7c   Section        0  tapdev.o(i.tapdev_send)
    i.timer_expired                          0x08002b90   Section        0  timer.o(i.timer_expired)
    i.timer_reset                            0x08002baa   Section        0  timer.o(i.timer_reset)
    i.timer_set                              0x08002bb4   Section        0  timer.o(i.timer_set)
    i.udp_appcall                            0x08002bc4   Section        0  udp_demo.o(i.udp_appcall)
    i.udp_demo_appcall                       0x08003388   Section        0  udp_demo.o(i.udp_demo_appcall)
    i.udp_senddata                           0x0800339c   Section        0  udp_demo.o(i.udp_senddata)
    i.uip_add32                              0x080033b4   Section        0  uip.o(i.uip_add32)
    i.uip_add_rcv_nxt                        0x08003410   Section        0  uip.o(i.uip_add_rcv_nxt)
    uip_add_rcv_nxt                          0x08003411   Thumb Code    38  uip.o(i.uip_add_rcv_nxt)
    i.uip_arp_arpin                          0x0800343c   Section        0  uip_arp.o(i.uip_arp_arpin)
    i.uip_arp_out                            0x08003508   Section        0  uip_arp.o(i.uip_arp_out)
    i.uip_arp_timer                          0x08003664   Section        0  uip_arp.o(i.uip_arp_timer)
    i.uip_arp_update                         0x080036a8   Section        0  uip_arp.o(i.uip_arp_update)
    uip_arp_update                           0x080036a9   Thumb Code   178  uip_arp.o(i.uip_arp_update)
    i.uip_init                               0x08003764   Section        0  uip.o(i.uip_init)
    i.uip_ipchksum                           0x080037cc   Section        0  uip.o(i.uip_ipchksum)
    i.uip_log                                0x080037f0   Section        0  hello-world.o(i.uip_log)
    i.uip_process                            0x08003810   Section        0  uip.o(i.uip_process)
    i.uip_send                               0x08004390   Section        0  uip.o(i.uip_send)
    i.uip_tcpchksum                          0x080043b0   Section        0  uip.o(i.uip_tcpchksum)
    i.uip_udp_init                           0x080043b8   Section        0  udp_demo.o(i.uip_udp_init)
    i.uip_udp_new                            0x080043f4   Section        0  uip.o(i.uip_udp_new)
    i.uip_udpchksum                          0x08004498   Section        0  uip.o(i.uip_udpchksum)
    i.upper_layer_chksum                     0x080044a0   Section        0  uip.o(i.upper_layer_chksum)
    upper_layer_chksum                       0x080044a1   Thumb Code    62  uip.o(i.upper_layer_chksum)
    .constdata                               0x080044e4   Section        4  system_stm32f10x.o(.constdata)
    .constdata                               0x080044e8   Section        6  uip_arp.o(.constdata)
    broadcast_ethaddr                        0x080044e8   Data           6  uip_arp.o(.constdata)
    .constdata                               0x080044ee   Section      129  ctype_o.o(.constdata)
    .constdata                               0x08004570   Section        4  ctype_o.o(.constdata)
    table                                    0x08004570   Data           4  ctype_o.o(.constdata)
    .data                                    0x20000000   Section       40  main.o(.data)
    timer_ok                                 0x20000000   Data           1  main.o(.data)
    periodic_timer                           0x20000018   Data           8  main.o(.data)
    arp_timer                                0x20000020   Data           8  main.o(.data)
    .data                                    0x20000028   Section        8  systick.o(.data)
    s_count                                  0x20000028   Data           1  systick.o(.data)
    .data                                    0x20000030   Section       20  stm32f10x_rcc.o(.data)
    ADCPrescTable                            0x20000030   Data           4  stm32f10x_rcc.o(.data)
    APBAHBPrescTable                         0x20000034   Data          16  stm32f10x_rcc.o(.data)
    .data                                    0x20000044   Section        6  uip.o(.data)
    .data                                    0x2000004c   Section       44  uip.o(.data)
    c                                        0x2000004d   Data           1  uip.o(.data)
    opt                                      0x2000004e   Data           1  uip.o(.data)
    ipid                                     0x20000054   Data           2  uip.o(.data)
    lastport                                 0x20000056   Data           2  uip.o(.data)
    tmp16                                    0x20000058   Data           2  uip.o(.data)
    iss                                      0x20000070   Data           4  uip.o(.data)
    .data                                    0x20000078   Section        4  uip.o(.data)
    .data                                    0x2000007c   Section        4  uip.o(.data)
    .data                                    0x20000080   Section        8  uip_arp.o(.data)
    i                                        0x20000080   Data           1  uip_arp.o(.data)
    c                                        0x20000081   Data           1  uip_arp.o(.data)
    arptime                                  0x20000082   Data           1  uip_arp.o(.data)
    tmpage                                   0x20000083   Data           1  uip_arp.o(.data)
    ipaddr                                   0x20000084   Data           4  uip_arp.o(.data)
    .data                                    0x20000088   Section        8  dm9k_uip.o(.data)
    DEF_MAC_ADDR                             0x2000008a   Data           6  dm9k_uip.o(.data)
    .data                                    0x20000090   Section       12  udp_demo.o(.data)
    conn_udp                                 0x20000098   Data           4  udp_demo.o(.data)
    .data                                    0x2000009c   Section        4  stdin.o(.data)
    .data                                    0x200000a0   Section        4  stdout.o(.data)
    .data                                    0x200000a4   Section        4  errno.o(.data)
    _errno                                   0x200000a4   Data           4  errno.o(.data)
    .data                                    0x200000a8   Section        3  fgetc_b.o(.data)
    ungetc_sp                                0x200000a8   Data           1  fgetc_b.o(.data)
    ungetc_stack                             0x200000a9   Data           2  fgetc_b.o(.data)
    .bss                                     0x200000ac   Section      100  main.o(.bss)
    .bss                                     0x20000110   Section       32  systick.o(.bss)
    .bss                                     0x20000130   Section      120  hdplc_struct.o(.bss)
    .bss                                     0x200001a8   Section     9112  uip.o(.bss)
    .bss                                     0x20002540   Section       96  uip_arp.o(.bss)
    arp_table                                0x20002540   Data          96  uip_arp.o(.bss)
    .bss                                     0x200025a0   Section     4100  udp_demo.o(.bss)
    STACK                                    0x200035a8   Section     1024  startup_stm32f10x_hd.o(STACK)

    Global Symbols

    Symbol Name                              Value     Ov Type        Size  Object(Section)

    BuildAttributes$$THM_ISAv4$P$D$K$B$S$PE$A:L22UL41UL21$X:L11$S22US41US21$IEEE1$IW$USESV6$~STKCKD$USESV7$~SHL$OSPACE$ROPI$EBA8$MICROLIB$REQ8$PRES8$EABIv2 0x00000000   Number         0  anon$$obj.o ABSOLUTE
    __ARM_use_no_argv                        0x00000000   Number         0  main.o ABSOLUTE
    _printf_a                                0x00000000   Number         0  stubs.o ABSOLUTE
    _printf_c                                0x00000000   Number         0  stubs.o ABSOLUTE
    _printf_charcount                        0x00000000   Number         0  stubs.o ABSOLUTE
    _printf_d                                0x00000000   Number         0  stubs.o ABSOLUTE
    _printf_e                                0x00000000   Number         0  stubs.o ABSOLUTE
    _printf_f                                0x00000000   Number         0  stubs.o ABSOLUTE
    _printf_flags                            0x00000000   Number         0  stubs.o ABSOLUTE
    _printf_fp_dec                           0x00000000   Number         0  stubs.o ABSOLUTE
    _printf_fp_hex                           0x00000000   Number         0  stubs.o ABSOLUTE
    _printf_g                                0x00000000   Number         0  stubs.o ABSOLUTE
    _printf_i                                0x00000000   Number         0  stubs.o ABSOLUTE
    _printf_int_dec                          0x00000000   Number         0  stubs.o ABSOLUTE
    _printf_l                                0x00000000   Number         0  stubs.o ABSOLUTE
    _printf_lc                               0x00000000   Number         0  stubs.o ABSOLUTE
    _printf_ll                               0x00000000   Number         0  stubs.o ABSOLUTE
    _printf_lld                              0x00000000   Number         0  stubs.o ABSOLUTE
    _printf_lli                              0x00000000   Number         0  stubs.o ABSOLUTE
    _printf_llo                              0x00000000   Number         0  stubs.o ABSOLUTE
    _printf_llu                              0x00000000   Number         0  stubs.o ABSOLUTE
    _printf_llx                              0x00000000   Number         0  stubs.o ABSOLUTE
    _printf_longlong_dec                     0x00000000   Number         0  stubs.o ABSOLUTE
    _printf_longlong_hex                     0x00000000   Number         0  stubs.o ABSOLUTE
    _printf_longlong_oct                     0x00000000   Number         0  stubs.o ABSOLUTE
    _printf_ls                               0x00000000   Number         0  stubs.o ABSOLUTE
    _printf_mbtowc                           0x00000000   Number         0  stubs.o ABSOLUTE
    _printf_n                                0x00000000   Number         0  stubs.o ABSOLUTE
    _printf_o                                0x00000000   Number         0  stubs.o ABSOLUTE
    _printf_p                                0x00000000   Number         0  stubs.o ABSOLUTE
    _printf_percent                          0x00000000   Number         0  stubs.o ABSOLUTE
    _printf_pre_padding                      0x00000000   Number         0  stubs.o ABSOLUTE
    _printf_return_value                     0x00000000   Number         0  stubs.o ABSOLUTE
    _printf_s                                0x00000000   Number         0  stubs.o ABSOLUTE
    _printf_sizespec                         0x00000000   Number         0  stubs.o ABSOLUTE
    _printf_str                              0x00000000   Number         0  stubs.o ABSOLUTE
    _printf_truncate_signed                  0x00000000   Number         0  stubs.o ABSOLUTE
    _printf_truncate_unsigned                0x00000000   Number         0  stubs.o ABSOLUTE
    _printf_u                                0x00000000   Number         0  stubs.o ABSOLUTE
    _printf_wc                               0x00000000   Number         0  stubs.o ABSOLUTE
    _printf_wctomb                           0x00000000   Number         0  stubs.o ABSOLUTE
    _printf_widthprec                        0x00000000   Number         0  stubs.o ABSOLUTE
    _printf_x                                0x00000000   Number         0  stubs.o ABSOLUTE
    __decompress                              - Undefined Weak Reference
    _scanf_int                                - Undefined Weak Reference
    _scanf_longlong                           - Undefined Weak Reference
    _scanf_real                               - Undefined Weak Reference
    __Vectors_Size                           0x00000130   Number         0  startup_stm32f10x_hd.o ABSOLUTE
    __Vectors                                0x08000000   Data           4  startup_stm32f10x_hd.o(RESET)
    __Vectors_End                            0x08000130   Data           0  startup_stm32f10x_hd.o(RESET)
    __main                                   0x08000131   Thumb Code     0  entry.o(.ARM.Collect$$$$00000000)
    _main_stk                                0x08000131   Thumb Code     0  entry2.o(.ARM.Collect$$$$00000001)
    _main_scatterload                        0x08000135   Thumb Code     0  entry5.o(.ARM.Collect$$$$00000004)
    __main_after_scatterload                 0x08000139   Thumb Code     0  entry5.o(.ARM.Collect$$$$00000004)
    _main_init                               0x08000139   Thumb Code     0  entry7.o(.ARM.Collect$$$$00000007)
    SystemInit_ExtMemCtl                     0x08000145   Thumb Code     2  startup_stm32f10x_hd.o(.text)
    Reset_Handler                            0x08000147   Thumb Code    14  startup_stm32f10x_hd.o(.text)
    ADC1_2_IRQHandler                        0x08000167   Thumb Code     0  startup_stm32f10x_hd.o(.text)
    ADC3_IRQHandler                          0x08000167   Thumb Code     0  startup_stm32f10x_hd.o(.text)
    CAN1_RX1_IRQHandler                      0x08000167   Thumb Code     0  startup_stm32f10x_hd.o(.text)
    CAN1_SCE_IRQHandler                      0x08000167   Thumb Code     0  startup_stm32f10x_hd.o(.text)
    DMA1_Channel1_IRQHandler                 0x08000167   Thumb Code     0  startup_stm32f10x_hd.o(.text)
    DMA1_Channel2_IRQHandler                 0x08000167   Thumb Code     0  startup_stm32f10x_hd.o(.text)
    DMA1_Channel3_IRQHandler                 0x08000167   Thumb Code     0  startup_stm32f10x_hd.o(.text)
    DMA1_Channel4_IRQHandler                 0x08000167   Thumb Code     0  startup_stm32f10x_hd.o(.text)
    DMA1_Channel5_IRQHandler                 0x08000167   Thumb Code     0  startup_stm32f10x_hd.o(.text)
    DMA1_Channel6_IRQHandler                 0x08000167   Thumb Code     0  startup_stm32f10x_hd.o(.text)
    DMA1_Channel7_IRQHandler                 0x08000167   Thumb Code     0  startup_stm32f10x_hd.o(.text)
    DMA2_Channel1_IRQHandler                 0x08000167   Thumb Code     0  startup_stm32f10x_hd.o(.text)
    DMA2_Channel2_IRQHandler                 0x08000167   Thumb Code     0  startup_stm32f10x_hd.o(.text)
    DMA2_Channel3_IRQHandler                 0x08000167   Thumb Code     0  startup_stm32f10x_hd.o(.text)
    DMA2_Channel4_5_IRQHandler               0x08000167   Thumb Code     0  startup_stm32f10x_hd.o(.text)
    EXTI0_IRQHandler                         0x08000167   Thumb Code     0  startup_stm32f10x_hd.o(.text)
    EXTI15_10_IRQHandler                     0x08000167   Thumb Code     0  startup_stm32f10x_hd.o(.text)
    EXTI1_IRQHandler                         0x08000167   Thumb Code     0  startup_stm32f10x_hd.o(.text)
    EXTI2_IRQHandler                         0x08000167   Thumb Code     0  startup_stm32f10x_hd.o(.text)
    EXTI3_IRQHandler                         0x08000167   Thumb Code     0  startup_stm32f10x_hd.o(.text)
    EXTI4_IRQHandler                         0x08000167   Thumb Code     0  startup_stm32f10x_hd.o(.text)
    EXTI9_5_IRQHandler                       0x08000167   Thumb Code     0  startup_stm32f10x_hd.o(.text)
    FLASH_IRQHandler                         0x08000167   Thumb Code     0  startup_stm32f10x_hd.o(.text)
    FSMC_IRQHandler                          0x08000167   Thumb Code     0  startup_stm32f10x_hd.o(.text)
    I2C1_ER_IRQHandler                       0x08000167   Thumb Code     0  startup_stm32f10x_hd.o(.text)
    I2C1_EV_IRQHandler                       0x08000167   Thumb Code     0  startup_stm32f10x_hd.o(.text)
    I2C2_ER_IRQHandler                       0x08000167   Thumb Code     0  startup_stm32f10x_hd.o(.text)
    I2C2_EV_IRQHandler                       0x08000167   Thumb Code     0  startup_stm32f10x_hd.o(.text)
    PVD_IRQHandler                           0x08000167   Thumb Code     0  startup_stm32f10x_hd.o(.text)
    RCC_IRQHandler                           0x08000167   Thumb Code     0  startup_stm32f10x_hd.o(.text)
    RTCAlarm_IRQHandler                      0x08000167   Thumb Code     0  startup_stm32f10x_hd.o(.text)
    RTC_IRQHandler                           0x08000167   Thumb Code     0  startup_stm32f10x_hd.o(.text)
    SDIO_IRQHandler                          0x08000167   Thumb Code     0  startup_stm32f10x_hd.o(.text)
    SPI1_IRQHandler                          0x08000167   Thumb Code     0  startup_stm32f10x_hd.o(.text)
    SPI2_IRQHandler                          0x08000167   Thumb Code     0  startup_stm32f10x_hd.o(.text)
    SPI3_IRQHandler                          0x08000167   Thumb Code     0  startup_stm32f10x_hd.o(.text)
    TAMPER_IRQHandler                        0x08000167   Thumb Code     0  startup_stm32f10x_hd.o(.text)
    TIM1_BRK_IRQHandler                      0x08000167   Thumb Code     0  startup_stm32f10x_hd.o(.text)
    TIM1_CC_IRQHandler                       0x08000167   Thumb Code     0  startup_stm32f10x_hd.o(.text)
    TIM1_TRG_COM_IRQHandler                  0x08000167   Thumb Code     0  startup_stm32f10x_hd.o(.text)
    TIM1_UP_IRQHandler                       0x08000167   Thumb Code     0  startup_stm32f10x_hd.o(.text)
    TIM2_IRQHandler                          0x08000167   Thumb Code     0  startup_stm32f10x_hd.o(.text)
    TIM3_IRQHandler                          0x08000167   Thumb Code     0  startup_stm32f10x_hd.o(.text)
    TIM4_IRQHandler                          0x08000167   Thumb Code     0  startup_stm32f10x_hd.o(.text)
    TIM5_IRQHandler                          0x08000167   Thumb Code     0  startup_stm32f10x_hd.o(.text)
    TIM6_IRQHandler                          0x08000167   Thumb Code     0  startup_stm32f10x_hd.o(.text)
    TIM7_IRQHandler                          0x08000167   Thumb Code     0  startup_stm32f10x_hd.o(.text)
    TIM8_BRK_IRQHandler                      0x08000167   Thumb Code     0  startup_stm32f10x_hd.o(.text)
    TIM8_CC_IRQHandler                       0x08000167   Thumb Code     0  startup_stm32f10x_hd.o(.text)
    TIM8_TRG_COM_IRQHandler                  0x08000167   Thumb Code     0  startup_stm32f10x_hd.o(.text)
    TIM8_UP_IRQHandler                       0x08000167   Thumb Code     0  startup_stm32f10x_hd.o(.text)
    UART4_IRQHandler                         0x08000167   Thumb Code     0  startup_stm32f10x_hd.o(.text)
    UART5_IRQHandler                         0x08000167   Thumb Code     0  startup_stm32f10x_hd.o(.text)
    USART1_IRQHandler                        0x08000167   Thumb Code     0  startup_stm32f10x_hd.o(.text)
    USART2_IRQHandler                        0x08000167   Thumb Code     0  startup_stm32f10x_hd.o(.text)
    USART3_IRQHandler                        0x08000167   Thumb Code     0  startup_stm32f10x_hd.o(.text)
    USBWakeUp_IRQHandler                     0x08000167   Thumb Code     0  startup_stm32f10x_hd.o(.text)
    USB_HP_CAN1_TX_IRQHandler                0x08000167   Thumb Code     0  startup_stm32f10x_hd.o(.text)
    USB_LP_CAN1_RX0_IRQHandler               0x08000167   Thumb Code     0  startup_stm32f10x_hd.o(.text)
    WWDG_IRQHandler                          0x08000167   Thumb Code     0  startup_stm32f10x_hd.o(.text)
    __aeabi_memcpy                           0x08000175   Thumb Code    36  memcpya.o(.text)
    __aeabi_memcpy4                          0x08000175   Thumb Code     0  memcpya.o(.text)
    __aeabi_memcpy8                          0x08000175   Thumb Code     0  memcpya.o(.text)
    __aeabi_memset                           0x08000199   Thumb Code    14  memseta.o(.text)
    __aeabi_memset4                          0x08000199   Thumb Code     0  memseta.o(.text)
    __aeabi_memset8                          0x08000199   Thumb Code     0  memseta.o(.text)
    __aeabi_memclr                           0x080001a7   Thumb Code     4  memseta.o(.text)
    __aeabi_memclr4                          0x080001a7   Thumb Code     0  memseta.o(.text)
    __aeabi_memclr8                          0x080001a7   Thumb Code     0  memseta.o(.text)
    _memset$wrapper                          0x080001ab   Thumb Code    20  memseta.o(.text)
    strcat                                   0x080001bf   Thumb Code    28  strcat.o(.text)
    strncpy                                  0x080001db   Thumb Code    24  strncpy.o(.text)
    strlen                                   0x080001f3   Thumb Code    16  strlen.o(.text)
    strcpy                                   0x08000203   Thumb Code    18  strcpy.o(.text)
    __0scanf                                 0x08000215   Thumb Code    26  __0scanf.o(.text)
    _scanf_string                            0x08000235   Thumb Code   216  _scanf_str.o(.text)
    strtoul                                  0x0800030d   Thumb Code   114  strtoul.o(.text)
    __aeabi_uldivmod                         0x0800037f   Thumb Code   102  uldiv.o(.text)
    __rt_ctype_table                         0x080003e5   Thumb Code     4  ctype_o.o(.text)
    isspace                                  0x080003ed   Thumb Code    18  isspace_o.o(.text)
    _strtoul                                 0x080003ff   Thumb Code   156  _strtoul.o(.text)
    __vfscanf_char_file                      0x0800049d   Thumb Code    12  scanf_char_file.o(.text)
    __scatterload                            0x080004b1   Thumb Code    28  init.o(.text)
    __scatterload_rt2                        0x080004b1   Thumb Code     0  init.o(.text)
    _fgetc$bs                                0x080004d5   Thumb Code    28  fgetc_b.o(.text)
    __backspace                              0x080004f1   Thumb Code    10  fgetc_b.o(.text)
    __aeabi_llsl                             0x08000501   Thumb Code    30  llshl.o(.text)
    _ll_shift_l                              0x08000501   Thumb Code     0  llshl.o(.text)
    __aeabi_llsr                             0x0800051f   Thumb Code    32  llushr.o(.text)
    _ll_ushift_r                             0x0800051f   Thumb Code     0  llushr.o(.text)
    _chval                                   0x0800053f   Thumb Code    32  _chval.o(.text)
    __vfscanf_char                           0x0800056d   Thumb Code    22  scanf_char.o(.text)
    __vfscanf                                0x0800058d   Thumb Code   818  _scanf.o(.text)
    BusFault_Handler                         0x080008c5   Thumb Code     2  stm32f10x_it.o(i.BusFault_Handler)
    __I$use$semihosting$fgetc                0x080008c5   Thumb Code     0  iusesemig.o(.text)
    DebugMon_Handler                         0x08000985   Thumb Code     2  stm32f10x_it.o(i.DebugMon_Handler)
    EtherRx                                  0x08000989   Thumb Code    42  hdplc_struct.o(i.EtherRx)
    EtherTx                                  0x080009e1   Thumb Code    30  hdplc_struct.o(i.EtherTx)
    FSMC_NORSRAMCmd                          0x08000a0d   Thumb Code    28  stm32f10x_fsmc.o(i.FSMC_NORSRAMCmd)
    FSMC_NORSRAMInit                         0x08000a2d   Thumb Code   188  stm32f10x_fsmc.o(i.FSMC_NORSRAMInit)
    GPIO_Init                                0x08000ae9   Thumb Code   164  stm32f10x_gpio.o(i.GPIO_Init)
    GetRunTime                               0x08000b8d   Thumb Code    18  systick.o(i.GetRunTime)
    HardFault_Handler                        0x08000ba5   Thumb Code     2  stm32f10x_it.o(i.HardFault_Handler)
    InitNet                                  0x08000ba9   Thumb Code    52  main.o(i.InitNet)
    Initialize                               0x08000be9   Thumb Code    80  hdplc_struct.o(i.Initialize)
    MemManage_Handler                        0x08000c3d   Thumb Code     2  stm32f10x_it.o(i.MemManage_Handler)
    NMI_Handler                              0x08000c3f   Thumb Code     2  stm32f10x_it.o(i.NMI_Handler)
    PendSV_Handler                           0x08000c41   Thumb Code     2  stm32f10x_it.o(i.PendSV_Handler)
    PrintfLogo                               0x08000c45   Thumb Code    62  usart_printf.o(i.PrintfLogo)
    RCC_AHBPeriphClockCmd                    0x08000d5d   Thumb Code    18  stm32f10x_rcc.o(i.RCC_AHBPeriphClockCmd)
    RCC_APB2PeriphClockCmd                   0x08000d75   Thumb Code    18  stm32f10x_rcc.o(i.RCC_APB2PeriphClockCmd)
    RCC_GetClocksFreq                        0x08000d8d   Thumb Code   136  stm32f10x_rcc.o(i.RCC_GetClocksFreq)
    SVC_Handler                              0x08000e25   Thumb Code     2  stm32f10x_it.o(i.SVC_Handler)
    SetIP1                                   0x08000e29   Thumb Code    48  main.o(i.SetIP1)
    SetIP2                                   0x08000e65   Thumb Code    48  main.o(i.SetIP2)
    String2Hex                               0x08000f35   Thumb Code    76  hdplc_struct.o(i.String2Hex)
    SysTick_Handler                          0x08000f81   Thumb Code     4  stm32f10x_it.o(i.SysTick_Handler)
    SysTick_ISR                              0x08000f85   Thumb Code    74  systick.o(i.SysTick_ISR)
    SystemInit                               0x08000fd9   Thumb Code    52  system_stm32f10x.o(i.SystemInit)
    USART_ClearFlag                          0x08001019   Thumb Code     6  stm32f10x_usart.o(i.USART_ClearFlag)
    USART_Cmd                                0x0800101f   Thumb Code    20  stm32f10x_usart.o(i.USART_Cmd)
    USART_Configuration                      0x08001035   Thumb Code   138  usart_printf.o(i.USART_Configuration)
    USART_GetFlagStatus                      0x080010c9   Thumb Code    14  stm32f10x_usart.o(i.USART_GetFlagStatus)
    USART_Init                               0x080010d9   Thumb Code   134  stm32f10x_usart.o(i.USART_Init)
    USART_ReceiveData                        0x08001165   Thumb Code     8  stm32f10x_usart.o(i.USART_ReceiveData)
    USART_SendData                           0x0800116d   Thumb Code     8  stm32f10x_usart.o(i.USART_SendData)
    UipPro                                   0x08001175   Thumb Code   252  main.o(i.UipPro)
    UsageFault_Handler                       0x0800128d   Thumb Code     2  stm32f10x_it.o(i.UsageFault_Handler)
    __0printf$8                              0x08001291   Thumb Code    22  printf8.o(i.__0printf$8)
    __1printf$8                              0x08001291   Thumb Code     0  printf8.o(i.__0printf$8)
    __2printf                                0x08001291   Thumb Code     0  printf8.o(i.__0printf$8)
    __aeabi_errno_addr                       0x080012b1   Thumb Code     4  errno.o(i.__aeabi_errno_addr)
    __rt_errno_addr                          0x080012b1   Thumb Code     0  errno.o(i.__aeabi_errno_addr)
    __scatterload_copy                       0x080012b9   Thumb Code    14  handlers.o(i.__scatterload_copy)
    __scatterload_null                       0x080012c7   Thumb Code     2  handlers.o(i.__scatterload_null)
    __scatterload_zeroinit                   0x080012c9   Thumb Code    14  handlers.o(i.__scatterload_zeroinit)
    clock_time                               0x0800178f   Thumb Code     4  clock-arch.o(i.clock_time)
    dm9k_ReadID                              0x080017e1   Thumb Code    66  dm9k_uip.o(i.dm9k_ReadID)
    dm9k_hash_table                          0x08001829   Thumb Code    76  dm9k_uip.o(i.dm9k_hash_table)
    dm9k_initnic                             0x08001881   Thumb Code    68  dm9k_uip.o(i.dm9k_initnic)
    dm9k_phy_write                           0x080018c9   Thumb Code    56  dm9k_uip.o(i.dm9k_phy_write)
    dm9k_receive_packet                      0x08001905   Thumb Code   172  dm9k_uip.o(i.dm9k_receive_packet)
    dm9k_reset                               0x080019b5   Thumb Code    82  dm9k_uip.o(i.dm9k_reset)
    dm9k_send_packet                         0x08001a11   Thumb Code    96  dm9k_uip.o(i.dm9k_send_packet)
    dm9k_udelay                              0x08001a79   Thumb Code    34  dm9k_uip.o(i.dm9k_udelay)
    etherdev_init                            0x08001a9d   Thumb Code    24  dm9k_uip.o(i.etherdev_init)
    etherdev_send                            0x08001ab9   Thumb Code     4  dm9k_uip.o(i.etherdev_send)
    fgetc                                    0x08001abd   Thumb Code    26  usart_printf.o(i.fgetc)
    fputc                                    0x08001add   Thumb Code    30  usart_printf.o(i.fputc)
    getc                                     0x08001b01   Thumb Code     4  getc.o(i.getc)
    hello_world_appcall                      0x08001bb5   Thumb Code    40  hello-world.o(i.hello_world_appcall)
    htons                                    0x08001be5   Thumb Code    10  uip.o(i.htons)
    ior                                      0x08001bf1   Thumb Code    10  dm9k_uip.o(i.ior)
    iow                                      0x08001c01   Thumb Code     8  dm9k_uip.o(i.iow)
    main                                     0x08001c0d   Thumb Code   236  main.o(i.main)
    print_GetCINRMap2To28                    0x08001e89   Thumb Code    54  hdplc_struct.o(i.print_GetCINRMap2To28)
    print_GetPhyRate                         0x08001f25   Thumb Code    74  hdplc_struct.o(i.print_GetPhyRate)
    print_GetStatus                          0x08002021   Thumb Code   238  hdplc_struct.o(i.print_GetStatus)
    print_StartChannelEstimate               0x0800233d   Thumb Code    28  hdplc_struct.o(i.print_StartChannelEstimate)
    print_StartSpeedTest                     0x080023bd   Thumb Code    28  hdplc_struct.o(i.print_StartSpeedTest)
    print_SystemCmd                          0x0800242d   Thumb Code    46  hdplc_struct.o(i.print_SystemCmd)
    psock_init                               0x080024a9   Thumb Code    24  psock.o(i.psock_init)
    psock_newdata                            0x080024c1   Thumb Code    34  psock.o(i.psock_newdata)
    psock_readto                             0x080024e9   Thumb Code   218  psock.o(i.psock_readto)
    psock_send                               0x080025cd   Thumb Code    74  psock.o(i.psock_send)
    run_GetAllMessages                       0x08002619   Thumb Code   136  hdplc_struct.o(i.run_GetAllMessages)
    run_GetCINRMap2To28                      0x080026e5   Thumb Code    10  hdplc_struct.o(i.run_GetCINRMap2To28)
    run_GetPhyRate                           0x080026ef   Thumb Code    20  hdplc_struct.o(i.run_GetPhyRate)
    run_GetStatus                            0x08002703   Thumb Code    20  hdplc_struct.o(i.run_GetStatus)
    run_SetMacAddress                        0x08002719   Thumb Code   152  hdplc_struct.o(i.run_SetMacAddress)
    run_SetMacAddressSub                     0x0800282d   Thumb Code   116  hdplc_struct.o(i.run_SetMacAddressSub)
    run_StartChannelEstimate                 0x080028b9   Thumb Code    52  hdplc_struct.o(i.run_StartChannelEstimate)
    run_StartSpeedTest                       0x080028f5   Thumb Code    86  hdplc_struct.o(i.run_StartSpeedTest)
    run_SysGetPhyRate                        0x08002981   Thumb Code   182  hdplc_struct.o(i.run_SysGetPhyRate)
    run_SystemCmd                            0x08002a71   Thumb Code   134  hdplc_struct.o(i.run_SystemCmd)
    tapdev_init                              0x08002b69   Thumb Code     4  tapdev.o(i.tapdev_init)
    tapdev_read                              0x08002b6d   Thumb Code    12  tapdev.o(i.tapdev_read)
    tapdev_send                              0x08002b7d   Thumb Code    10  tapdev.o(i.tapdev_send)
    timer_expired                            0x08002b91   Thumb Code    26  timer.o(i.timer_expired)
    timer_reset                              0x08002bab   Thumb Code    10  timer.o(i.timer_reset)
    timer_set                                0x08002bb5   Thumb Code    14  timer.o(i.timer_set)
    udp_appcall                              0x08002bc5   Thumb Code  1626  udp_demo.o(i.udp_appcall)
    udp_demo_appcall                         0x08003389   Thumb Code    16  udp_demo.o(i.udp_demo_appcall)
    udp_senddata                             0x0800339d   Thumb Code    20  udp_demo.o(i.udp_senddata)
    uip_add32                                0x080033b5   Thumb Code    86  uip.o(i.uip_add32)
    uip_arp_arpin                            0x0800343d   Thumb Code   186  uip_arp.o(i.uip_arp_arpin)
    uip_arp_out                              0x08003509   Thumb Code   306  uip_arp.o(i.uip_arp_out)
    uip_arp_timer                            0x08003665   Thumb Code    58  uip_arp.o(i.uip_arp_timer)
    uip_init                                 0x08003765   Thumb Code    92  uip.o(i.uip_init)
    uip_ipchksum                             0x080037cd   Thumb Code    30  uip.o(i.uip_ipchksum)
    uip_log                                  0x080037f1   Thumb Code     8  hello-world.o(i.uip_log)
    uip_process                              0x08003811   Thumb Code  2940  uip.o(i.uip_process)
    uip_send                                 0x08004391   Thumb Code    26  uip.o(i.uip_send)
    uip_tcpchksum                            0x080043b1   Thumb Code     6  uip.o(i.uip_tcpchksum)
    uip_udp_init                             0x080043b9   Thumb Code    56  udp_demo.o(i.uip_udp_init)
    uip_udp_new                              0x080043f5   Thumb Code   154  uip.o(i.uip_udp_new)
    uip_udpchksum                            0x08004499   Thumb Code     6  uip.o(i.uip_udpchksum)
    SystemFrequency                          0x080044e4   Data           4  system_stm32f10x.o(.constdata)
    __ctype_table                            0x080044ee   Data         129  ctype_o.o(.constdata)
    Region$$Table$$Base                      0x08004574   Number         0  anon$$obj.o(Region$$Table)
    Region$$Table$$Limit                     0x08004594   Number         0  anon$$obj.o(Region$$Table)
    c_choice                                 0x20000001   Data           1  main.o(.data)
    send_flag                                0x20000004   Data           4  main.o(.data)
    rec_flag                                 0x20000008   Data           4  main.o(.data)
    circle_flag                              0x2000000c   Data           4  main.o(.data)
    circle_state                             0x20000010   Data           4  main.o(.data)
    i_ip                                     0x20000014   Data           4  main.o(.data)
    g_RunTime                                0x2000002c   Data           4  systick.o(.data)
    uip_ethaddr                              0x20000044   Data           6  uip.o(.data)
    uip_flags                                0x2000004c   Data           1  uip.o(.data)
    uip_len                                  0x20000050   Data           2  uip.o(.data)
    uip_slen                                 0x20000052   Data           2  uip.o(.data)
    uip_hostaddr                             0x2000005a   Data           4  uip.o(.data)
    uip_appdata                              0x20000060   Data           4  uip.o(.data)
    uip_sappdata                             0x20000064   Data           4  uip.o(.data)
    uip_conn                                 0x20000068   Data           4  uip.o(.data)
    uip_udp_conn                             0x2000006c   Data           4  uip.o(.data)
    uip_acc32                                0x20000074   Data           4  uip.o(.data)
    uip_draddr                               0x20000078   Data           4  uip.o(.data)
    uip_netmask                              0x2000007c   Data           4  uip.o(.data)
    SendPackOk                               0x20000088   Data           1  dm9k_uip.o(.data)
    s_FSMC_Init_Ok                           0x20000089   Data           1  dm9k_uip.o(.data)
    udp_sta                                  0x20000090   Data           1  udp_demo.o(.data)
    ini_flag                                 0x20000094   Data           4  udp_demo.o(.data)
    __stdin                                  0x2000009c   Data           4  stdin.o(.data)
    __stdout                                 0x200000a0   Data           4  stdout.o(.data)
    inStr                                    0x200000ac   Data         100  main.o(.bss)
    g_Tmr                                    0x20000110   Data          32  systick.o(.bss)
    inCmd                                    0x20000130   Data         100  hdplc_struct.o(.bss)
    inMac                                    0x20000194   Data          20  hdplc_struct.o(.bss)
    uip_buf                                  0x200001a8   Data        4098  uip.o(.bss)
    uip_conns                                0x200011ac   Data        4640  uip.o(.bss)
    uip_listenports                          0x200023cc   Data          80  uip.o(.bss)
    uip_udp_conns                            0x2000241c   Data         240  uip.o(.bss)
    uip_stat                                 0x2000250c   Data          52  uip.o(.bss)
    inPlc                                    0x200025a0   Data        4100  udp_demo.o(.bss)
    __initial_sp                             0x200039a8   Data           0  startup_stm32f10x_hd.o(STACK)



==============================================================================

Memory Map of the image

  Image Entry point : 0x08000131

  Load Region LR_IROM1 (Base: 0x08000000, Size: 0x00004640, Max: 0x00080000, ABSOLUTE)

    Execution Region ER_IROM1 (Base: 0x08000000, Size: 0x00004594, Max: 0x00080000, ABSOLUTE)

    Base Addr    Size         Type   Attr      Idx    E Section Name        Object

    0x08000000   0x00000130   Data   RO          474    RESET               startup_stm32f10x_hd.o
    0x08000130   0x00000000   Code   RO         1794  * .ARM.Collect$$$$00000000  mc_w.l(entry.o)
    0x08000130   0x00000004   Code   RO         2081    .ARM.Collect$$$$00000001  mc_w.l(entry2.o)
    0x08000134   0x00000004   Code   RO         2084    .ARM.Collect$$$$00000004  mc_w.l(entry5.o)
    0x08000138   0x00000008   Code   RO         2085    .ARM.Collect$$$$00000007  mc_w.l(entry7.o)
    0x08000140   0x00000004   Code   RO         2082    .ARM.Collect$$$$00002712  mc_w.l(entry2.o)
    0x08000144   0x00000030   Code   RO          475    .text               startup_stm32f10x_hd.o
    0x08000174   0x00000024   Code   RO         1800    .text               mc_w.l(memcpya.o)
    0x08000198   0x00000026   Code   RO         1802    .text               mc_w.l(memseta.o)
    0x080001be   0x0000001c   Code   RO         1804    .text               mc_w.l(strcat.o)
    0x080001da   0x00000018   Code   RO         1806    .text               mc_w.l(strncpy.o)
    0x080001f2   0x00000010   Code   RO         1808    .text               mc_w.l(strlen.o)
    0x08000202   0x00000012   Code   RO         1810    .text               mc_w.l(strcpy.o)
    0x08000214   0x00000020   Code   RO         2075    .text               mc_w.l(__0scanf.o)
    0x08000234   0x000000d8   Code   RO         2077    .text               mc_w.l(_scanf_str.o)
    0x0800030c   0x00000072   Code   RO         2079    .text               mc_w.l(strtoul.o)
    0x0800037e   0x00000066   Code   RO         2089    .text               mc_w.l(uldiv.o)
    0x080003e4   0x00000008   Code   RO         2091    .text               mc_w.l(ctype_o.o)
    0x080003ec   0x00000012   Code   RO         2113    .text               mc_w.l(isspace_o.o)
    0x080003fe   0x0000009c   Code   RO         2126    .text               mc_w.l(_strtoul.o)
    0x0800049a   0x00000002   PAD
    0x0800049c   0x00000014   Code   RO         2128    .text               mc_w.l(scanf_char_file.o)
    0x080004b0   0x00000024   Code   RO         2141    .text               mc_w.l(init.o)
    0x080004d4   0x0000002c   Code   RO         2143    .text               mc_w.l(fgetc_b.o)
    0x08000500   0x0000001e   Code   RO         2146    .text               mc_w.l(llshl.o)
    0x0800051e   0x00000020   Code   RO         2148    .text               mc_w.l(llushr.o)
    0x0800053e   0x00000020   Code   RO         2152    .text               mc_w.l(_chval.o)
    0x0800055e   0x00000002   PAD
    0x08000560   0x0000002c   Code   RO         2154    .text               mc_w.l(scanf_char.o)
    0x0800058c   0x00000338   Code   RO         2160    .text               mc_w.l(_scanf.o)
    0x080008c4   0x00000000   Code   RO         2162    .text               mc_w.l(iusesemig.o)
    0x080008c4   0x00000002   Code   RO          188    i.BusFault_Handler  stm32f10x_it.o
    0x080008c6   0x00000002   PAD
    0x080008c8   0x00000070   Code   RO         1562    i.DM9K_CtrlLinesConfig  dm9k_uip.o
    0x08000938   0x0000004c   Code   RO         1563    i.DM9K_FSMCConfig   dm9k_uip.o
    0x08000984   0x00000002   Code   RO          189    i.DebugMon_Handler  stm32f10x_it.o
    0x08000986   0x00000002   PAD
    0x08000988   0x00000058   Code   RO          327    i.EtherRx           hdplc_struct.o
    0x080009e0   0x0000002c   Code   RO          328    i.EtherTx           hdplc_struct.o
    0x08000a0c   0x00000020   Code   RO         1009    i.FSMC_NORSRAMCmd   stm32f10x_fsmc.o
    0x08000a2c   0x000000bc   Code   RO         1011    i.FSMC_NORSRAMInit  stm32f10x_fsmc.o
    0x08000ae8   0x000000a4   Code   RO          890    i.GPIO_Init         stm32f10x_gpio.o
    0x08000b8c   0x00000018   Code   RO          286    i.GetRunTime        systick.o
    0x08000ba4   0x00000002   Code   RO          190    i.HardFault_Handler  stm32f10x_it.o
    0x08000ba6   0x00000002   PAD
    0x08000ba8   0x00000040   Code   RO            1    i.InitNet           main.o
    0x08000be8   0x00000054   Code   RO          330    i.Initialize        hdplc_struct.o
    0x08000c3c   0x00000002   Code   RO          191    i.MemManage_Handler  stm32f10x_it.o
    0x08000c3e   0x00000002   Code   RO          192    i.NMI_Handler       stm32f10x_it.o
    0x08000c40   0x00000002   Code   RO          193    i.PendSV_Handler    stm32f10x_it.o
    0x08000c42   0x00000002   PAD
    0x08000c44   0x00000118   Code   RO          254    i.PrintfLogo        usart_printf.o
    0x08000d5c   0x00000018   Code   RO          481    i.RCC_AHBPeriphClockCmd  stm32f10x_rcc.o
    0x08000d74   0x00000018   Code   RO          484    i.RCC_APB2PeriphClockCmd  stm32f10x_rcc.o
    0x08000d8c   0x00000098   Code   RO          492    i.RCC_GetClocksFreq  stm32f10x_rcc.o
    0x08000e24   0x00000002   Code   RO          194    i.SVC_Handler       stm32f10x_it.o
    0x08000e26   0x00000002   PAD
    0x08000e28   0x0000003c   Code   RO            2    i.SetIP1            main.o
    0x08000e64   0x0000003c   Code   RO            3    i.SetIP2            main.o
    0x08000ea0   0x00000094   Code   RO         1128    i.SetSysClockTo72   system_stm32f10x.o
    0x08000f34   0x0000004c   Code   RO          331    i.String2Hex        hdplc_struct.o
    0x08000f80   0x00000004   Code   RO          195    i.SysTick_Handler   stm32f10x_it.o
    0x08000f84   0x00000054   Code   RO          288    i.SysTick_ISR       systick.o
    0x08000fd8   0x00000040   Code   RO         1129    i.SystemInit        system_stm32f10x.o
    0x08001018   0x00000006   Code   RO          716    i.USART_ClearFlag   stm32f10x_usart.o
    0x0800101e   0x00000014   Code   RO          720    i.USART_Cmd         stm32f10x_usart.o
    0x08001032   0x00000002   PAD
    0x08001034   0x00000094   Code   RO          255    i.USART_Configuration  usart_printf.o
    0x080010c8   0x0000000e   Code   RO          723    i.USART_GetFlagStatus  stm32f10x_usart.o
    0x080010d6   0x00000002   PAD
    0x080010d8   0x0000008c   Code   RO          727    i.USART_Init        stm32f10x_usart.o
    0x08001164   0x00000008   Code   RO          732    i.USART_ReceiveData  stm32f10x_usart.o
    0x0800116c   0x00000008   Code   RO          735    i.USART_SendData    stm32f10x_usart.o
    0x08001174   0x00000118   Code   RO            4    i.UipPro            main.o
    0x0800128c   0x00000002   Code   RO          196    i.UsageFault_Handler  stm32f10x_it.o
    0x0800128e   0x00000002   PAD
    0x08001290   0x00000020   Code   RO         2021    i.__0printf$8       mc_w.l(printf8.o)
    0x080012b0   0x00000008   Code   RO         2119    i.__aeabi_errno_addr  mc_w.l(errno.o)
    0x080012b8   0x0000000e   Code   RO         2168    i.__scatterload_copy  mc_w.l(handlers.o)
    0x080012c6   0x00000002   Code   RO         2169    i.__scatterload_null  mc_w.l(handlers.o)
    0x080012c8   0x0000000e   Code   RO         2170    i.__scatterload_zeroinit  mc_w.l(handlers.o)
    0x080012d6   0x00000002   PAD
    0x080012d8   0x00000428   Code   RO         2028    i._printf_core      mc_w.l(printf8.o)
    0x08001700   0x00000026   Code   RO         2029    i._printf_post_padding  mc_w.l(printf8.o)
    0x08001726   0x0000002e   Code   RO         2030    i._printf_pre_padding  mc_w.l(printf8.o)
    0x08001754   0x0000003a   Code   RO         1251    i.chksum            uip.o
    0x0800178e   0x00000004   Code   RO         1550    i.clock_time        clock-arch.o
    0x08001792   0x00000002   PAD
    0x08001794   0x0000004c   Code   RO         1156    i.data_acked        psock.o
    0x080017e0   0x00000048   Code   RO         1564    i.dm9k_ReadID       dm9k_uip.o
    0x08001828   0x00000058   Code   RO         1566    i.dm9k_hash_table   dm9k_uip.o
    0x08001880   0x00000048   Code   RO         1567    i.dm9k_initnic      dm9k_uip.o
    0x080018c8   0x0000003c   Code   RO         1569    i.dm9k_phy_write    dm9k_uip.o
    0x08001904   0x000000b0   Code   RO         1570    i.dm9k_receive_packet  dm9k_uip.o
    0x080019b4   0x0000005c   Code   RO         1571    i.dm9k_reset        dm9k_uip.o
    0x08001a10   0x00000068   Code   RO         1572    i.dm9k_send_packet  dm9k_uip.o
    0x08001a78   0x00000022   Code   RO         1573    i.dm9k_udelay       dm9k_uip.o
    0x08001a9a   0x00000002   PAD
    0x08001a9c   0x0000001c   Code   RO         1575    i.etherdev_init     dm9k_uip.o
    0x08001ab8   0x00000004   Code   RO         1578    i.etherdev_send     dm9k_uip.o
    0x08001abc   0x00000020   Code   RO          256    i.fgetc             usart_printf.o
    0x08001adc   0x00000024   Code   RO          257    i.fputc             usart_printf.o
    0x08001b00   0x00000004   Code   RO         1797    i.getc              mc_w.l(getc.o)
    0x08001b04   0x000000b0   Code   RO         1765    i.handle_connection  hello-world.o
    0x08001bb4   0x00000030   Code   RO         1766    i.hello_world_appcall  hello-world.o
    0x08001be4   0x0000000a   Code   RO         1252    i.htons             uip.o
    0x08001bee   0x00000002   PAD
    0x08001bf0   0x00000010   Code   RO         1579    i.ior               dm9k_uip.o
    0x08001c00   0x0000000c   Code   RO         1580    i.iow               dm9k_uip.o
    0x08001c0c   0x0000027c   Code   RO            5    i.main              main.o
    0x08001e88   0x0000009c   Code   RO          332    i.print_GetCINRMap2To28  hdplc_struct.o
    0x08001f24   0x000000fc   Code   RO          333    i.print_GetPhyRate  hdplc_struct.o
    0x08002020   0x0000031c   Code   RO          334    i.print_GetStatus   hdplc_struct.o
    0x0800233c   0x00000080   Code   RO          335    i.print_StartChannelEstimate  hdplc_struct.o
    0x080023bc   0x00000070   Code   RO          336    i.print_StartSpeedTest  hdplc_struct.o
    0x0800242c   0x0000007c   Code   RO          337    i.print_SystemCmd   hdplc_struct.o
    0x080024a8   0x00000018   Code   RO         1159    i.psock_init        psock.o
    0x080024c0   0x00000028   Code   RO         1160    i.psock_newdata     psock.o
    0x080024e8   0x000000e4   Code   RO         1162    i.psock_readto      psock.o
    0x080025cc   0x0000004a   Code   RO         1163    i.psock_send        psock.o
    0x08002616   0x00000002   PAD
    0x08002618   0x000000cc   Code   RO          339    i.run_GetAllMessages  hdplc_struct.o
    0x080026e4   0x0000000a   Code   RO          340    i.run_GetCINRMap2To28  hdplc_struct.o
    0x080026ee   0x00000014   Code   RO          341    i.run_GetPhyRate    hdplc_struct.o
    0x08002702   0x00000014   Code   RO          342    i.run_GetStatus     hdplc_struct.o
    0x08002716   0x00000002   PAD
    0x08002718   0x00000114   Code   RO          343    i.run_SetMacAddress  hdplc_struct.o
    0x0800282c   0x0000008c   Code   RO          344    i.run_SetMacAddressSub  hdplc_struct.o
    0x080028b8   0x0000003c   Code   RO          345    i.run_StartChannelEstimate  hdplc_struct.o
    0x080028f4   0x0000008c   Code   RO          346    i.run_StartSpeedTest  hdplc_struct.o
    0x08002980   0x000000f0   Code   RO          347    i.run_SysGetPhyRate  hdplc_struct.o
    0x08002a70   0x000000b4   Code   RO          348    i.run_SystemCmd     hdplc_struct.o
    0x08002b24   0x00000044   Code   RO         1164    i.send_data         psock.o
    0x08002b68   0x00000004   Code   RO         1681    i.tapdev_init       tapdev.o
    0x08002b6c   0x00000010   Code   RO         1682    i.tapdev_read       tapdev.o
    0x08002b7c   0x00000014   Code   RO         1683    i.tapdev_send       tapdev.o
    0x08002b90   0x0000001a   Code   RO         1221    i.timer_expired     timer.o
    0x08002baa   0x0000000a   Code   RO         1222    i.timer_reset       timer.o
    0x08002bb4   0x0000000e   Code   RO         1224    i.timer_set         timer.o
    0x08002bc2   0x00000002   PAD
    0x08002bc4   0x000007c4   Code   RO         1708    i.udp_appcall       udp_demo.o
    0x08003388   0x00000014   Code   RO         1709    i.udp_demo_appcall  udp_demo.o
    0x0800339c   0x00000018   Code   RO         1710    i.udp_senddata      udp_demo.o
    0x080033b4   0x0000005c   Code   RO         1253    i.uip_add32         uip.o
    0x08003410   0x0000002c   Code   RO         1254    i.uip_add_rcv_nxt   uip.o
    0x0800343c   0x000000cc   Code   RO         1375    i.uip_arp_arpin     uip_arp.o
    0x08003508   0x0000015c   Code   RO         1377    i.uip_arp_out       uip_arp.o
    0x08003664   0x00000044   Code   RO         1378    i.uip_arp_timer     uip_arp.o
    0x080036a8   0x000000bc   Code   RO         1379    i.uip_arp_update    uip_arp.o
    0x08003764   0x00000068   Code   RO         1257    i.uip_init          uip.o
    0x080037cc   0x00000024   Code   RO         1258    i.uip_ipchksum      uip.o
    0x080037f0   0x00000020   Code   RO         1768    i.uip_log           hello-world.o
    0x08003810   0x00000b80   Code   RO         1260    i.uip_process       uip.o
    0x08004390   0x00000020   Code   RO         1261    i.uip_send          uip.o
    0x080043b0   0x00000006   Code   RO         1263    i.uip_tcpchksum     uip.o
    0x080043b6   0x00000002   PAD
    0x080043b8   0x0000003c   Code   RO         1711    i.uip_udp_init      udp_demo.o
    0x080043f4   0x000000a4   Code   RO         1264    i.uip_udp_new       uip.o
    0x08004498   0x00000006   Code   RO         1265    i.uip_udpchksum     uip.o
    0x0800449e   0x00000002   PAD
    0x080044a0   0x00000044   Code   RO         1267    i.upper_layer_chksum  uip.o
    0x080044e4   0x00000004   Data   RO         1130    .constdata          system_stm32f10x.o
    0x080044e8   0x00000006   Data   RO         1381    .constdata          uip_arp.o
    0x080044ee   0x00000081   Data   RO         2092    .constdata          mc_w.l(ctype_o.o)
    0x0800456f   0x00000001   PAD
    0x08004570   0x00000004   Data   RO         2093    .constdata          mc_w.l(ctype_o.o)
    0x08004574   0x00000020   Data   RO         2166    Region$$Table       anon$$obj.o


    Execution Region RW_IRAM1 (Base: 0x20000000, Size: 0x000039a8, Max: 0x00010000, ABSOLUTE)

    Base Addr    Size         Type   Attr      Idx    E Section Name        Object

    0x20000000   0x00000028   Data   RW            7    .data               main.o
    0x20000028   0x00000008   Data   RW          290    .data               systick.o
    0x20000030   0x00000014   Data   RW          512    .data               stm32f10x_rcc.o
    0x20000044   0x00000006   Data   RW         1271    .data               uip.o
    0x2000004a   0x00000002   PAD
    0x2000004c   0x0000002c   Data   RW         1272    .data               uip.o
    0x20000078   0x00000004   Data   RW         1273    .data               uip.o
    0x2000007c   0x00000004   Data   RW         1274    .data               uip.o
    0x20000080   0x00000008   Data   RW         1383    .data               uip_arp.o
    0x20000088   0x00000008   Data   RW         1581    .data               dm9k_uip.o
    0x20000090   0x0000000c   Data   RW         1715    .data               udp_demo.o
    0x2000009c   0x00000004   Data   RW         1799    .data               mc_w.l(stdin.o)
    0x200000a0   0x00000004   Data   RW         2086    .data               mc_w.l(stdout.o)
    0x200000a4   0x00000004   Data   RW         2122    .data               mc_w.l(errno.o)
    0x200000a8   0x00000003   Data   RW         2144    .data               mc_w.l(fgetc_b.o)
    0x200000ab   0x00000001   PAD
    0x200000ac   0x00000064   Zero   RW            6    .bss                main.o
    0x20000110   0x00000020   Zero   RW          289    .bss                systick.o
    0x20000130   0x00000078   Zero   RW          349    .bss                hdplc_struct.o
    0x200001a8   0x00002398   Zero   RW         1268    .bss                uip.o
    0x20002540   0x00000060   Zero   RW         1380    .bss                uip_arp.o
    0x200025a0   0x00001004   Zero   RW         1713    .bss                udp_demo.o
    0x200035a4   0x00000004   PAD
    0x200035a8   0x00000400   Zero   RW          472    STACK               startup_stm32f10x_hd.o


==============================================================================

Image component sizes


      Code (inc. data)   RO Data    RW Data    ZI Data      Debug   Object Name

         4          0          0          0          0        489   clock-arch.o
       946         78          0          8          0      11016   dm9k_uip.o
      3150       1546          0          0        120      15497   hdplc_struct.o
       256         72          0          0          0       2316   hello-world.o
      1100        464          0         40        100     261262   main.o
       510         34          0          0          0       5361   psock.o
        48         12        304          0       1024        956   startup_stm32f10x_hd.o
       220          4          0          0          0       2105   stm32f10x_fsmc.o
       164          0          0          0          0       1988   stm32f10x_gpio.o
        20          0          0          0          0       4118   stm32f10x_it.o
       200         28          0         20          0       4733   stm32f10x_rcc.o
       196          6          0          0          0       5434   stm32f10x_usart.o
       212         22          4          0          0       2177   system_stm32f10x.o
       108         16          0          8         32       6741   systick.o
        40         14          0          0          0       1438   tapdev.o
        50          0          0          0          0       2018   timer.o
      2092       1426          0         12       4100      11203   udp_demo.o
      3564        440          0         58       9112      18394   uip.o
       808         80          6          8         96       4282   uip_arp.o
       496        240          0          0          0       2443   usart_printf.o

    ----------------------------------------------------------------------
     14216       4482        346        156      14588     363971   Object Totals
         0          0         32          0          0          0   (incl. Generated)
        32          0          0          2          4          1   (incl. Padding)

    ----------------------------------------------------------------------

      Code (inc. data)   RO Data    RW Data    ZI Data      Debug   Library Member Name

        32          6          0          0          0         84   __0scanf.o
        32          0          0          0          0         68   _chval.o
       824          6          0          0          0        100   _scanf.o
       216          0          0          0          0         96   _scanf_str.o
       156          0          0          0          0         92   _strtoul.o
         8          4        133          0          0         68   ctype_o.o
         0          0          0          0          0          0   entry.o
         8          4          0          0          0          0   entry2.o
         4          0          0          0          0          0   entry5.o
         8          4          0          0          0          0   entry7.o
         8          4          0          4          0         68   errno.o
        44          6          0          3          0        144   fgetc_b.o
         4          0          0          0          0         68   getc.o
        30          0          0          0          0          0   handlers.o
        36          8          0          0          0         68   init.o
        18          0          0          0          0         76   isspace_o.o
         0          0          0          0          0          0   iusesemig.o
        30          0          0          0          0         68   llshl.o
        32          0          0          0          0         68   llushr.o
        36          0          0          0          0         68   memcpya.o
        38          0          0          0          0        108   memseta.o
      1180         54          0          0          0        352   printf8.o
        44         10          0          0          0         84   scanf_char.o
        20          8          0          0          0         68   scanf_char_file.o
         0          0          0          4          0          0   stdin.o
         0          0          0          4          0          0   stdout.o
        28          0          0          0          0         68   strcat.o
        18          0          0          0          0         68   strcpy.o
        16          0          0          0          0         68   strlen.o
        24          0          0          0          0         76   strncpy.o
       114          0          0          0          0         92   strtoul.o
       102          0          0          0          0         92   uldiv.o

    ----------------------------------------------------------------------
      3116        114        134         16          0       2212   Library Totals
         6          0          1          1          0          0   (incl. Padding)

    ----------------------------------------------------------------------

      Code (inc. data)   RO Data    RW Data    ZI Data      Debug   Library Name

      3110        114        133         15          0       2212   mc_w.l

    ----------------------------------------------------------------------
      3116        114        134         16          0       2212   Library Totals

    ----------------------------------------------------------------------

==============================================================================


      Code (inc. data)   RO Data    RW Data    ZI Data      Debug   

     17332       4596        480        172      14588     359632   Grand Totals
     17332       4596        480        172      14588     359632   ELF Image Totals
     17332       4596        480        172          0          0   ROM Totals

==============================================================================

    Total RO  Size (Code + RO Data)                17812 (  17.39kB)
    Total RW  Size (RW Data + ZI Data)             14760 (  14.41kB)
    Total ROM Size (Code + RO Data + RW Data)      17984 (  17.56kB)

==============================================================================

