ARM Linker, 4.1 [Build 561] [Standard]

==============================================================================

Section Cross References

    stm32f10x_it.o(i.ETH_IRQHandler) refers to netconf.o(i.LwIP_Pkt_Handle) for LwIP_Pkt_Handle
    stm32f10x_it.o(i.ETH_IRQHandler) refers to stm32_eth.o(i.ETH_GetRxPktSize) for ETH_GetRxPktSize
    stm32f10x_it.o(i.ETH_IRQHandler) refers to stm32_eth.o(i.ETH_DMAClearITPendingBit) for ETH_DMAClearITPendingBit
    stm32f10x_it.o(i.EXTI15_10_IRQHandler) refers to stm32f10x_exti.o(i.EXTI_GetITStatus) for EXTI_GetITStatus
    stm32f10x_it.o(i.EXTI15_10_IRQHandler) refers to stm3210c_eval_ioe.o(i.IOE_GetGITStatus) for IOE_GetGITStatus
    stm32f10x_it.o(i.EXTI15_10_IRQHandler) refers to stm3210c_eval_ioe.o(i.IOE_TS_GetState) for IOE_TS_GetState
    stm32f10x_it.o(i.EXTI15_10_IRQHandler) refers to stm3210c_eval_lcd.o(i.LCD_DisplayStringLine) for LCD_DisplayStringLine
    stm32f10x_it.o(i.EXTI15_10_IRQHandler) refers to stm32_eval.o(i.STM_EVAL_LEDOn) for STM_EVAL_LEDOn
    stm32f10x_it.o(i.EXTI15_10_IRQHandler) refers to client.o(i.tcp_led_control) for tcp_led_control
    stm32f10x_it.o(i.EXTI15_10_IRQHandler) refers to stm32_eval.o(i.STM_EVAL_LEDOff) for STM_EVAL_LEDOff
    stm32f10x_it.o(i.EXTI15_10_IRQHandler) refers to stm3210c_eval_ioe.o(i.IOE_ClearGITPending) for IOE_ClearGITPending
    stm32f10x_it.o(i.EXTI15_10_IRQHandler) refers to stm32f10x_exti.o(i.EXTI_ClearITPendingBit) for EXTI_ClearITPendingBit
    stm32f10x_it.o(i.EXTI15_10_IRQHandler) refers to stm32f10x_it.o(.data) for TS_State
    stm32f10x_it.o(i.SysTick_Handler) refers to main.o(i.Time_Update) for Time_Update
    main.o(i.Delay) refers to main.o(.data) for LocalTime
    main.o(i.Get_Adc) refers to stm32f10x_adc.o(i.ADC_RegularChannelConfig) for ADC_RegularChannelConfig
    main.o(i.Get_Adc) refers to stm32f10x_adc.o(i.ADC_SoftwareStartConvCmd) for ADC_SoftwareStartConvCmd
    main.o(i.Get_Adc) refers to stm32f10x_adc.o(i.ADC_GetFlagStatus) for ADC_GetFlagStatus
    main.o(i.Get_Adc) refers to stm32f10x_adc.o(i.ADC_GetConversionValue) for ADC_GetConversionValue
    main.o(i.Get_Adc) refers to main.o(.data) for g_usAdcValue
    main.o(i.System_Periodic_Handle) refers to netconf.o(i.LwIP_Periodic_Handle) for LwIP_Periodic_Handle
    main.o(i.System_Periodic_Handle) refers to printf8.o(i.__0printf$8) for __2printf
    main.o(i.System_Periodic_Handle) refers to main.o(.data) for LocalTime
    main.o(i.Time_Update) refers to main.o(.data) for LocalTime
    main.o(i.main) refers to _scanf_str.o(.text) for _scanf_string
    main.o(i.main) refers to stm32f107.o(i.System_Setup) for System_Setup
    main.o(i.main) refers to usart_printf.o(i.USART_Configuration) for USART_Configuration
    main.o(i.main) refers to netconf.o(i.LwIP_Init) for LwIP_Init
    main.o(i.main) refers to client.o(i.client_init) for client_init
    main.o(i.main) refers to printf8.o(i.__0printf$8) for __2printf
    main.o(i.main) refers to __0scanf.o(.text) for __0scanf
    main.o(i.main) refers to stm32f107.o(i.ADC_Configuration) for ADC_Configuration
    main.o(i.main) refers to main.o(i.Get_Adc) for Get_Adc
    main.o(i.main) refers to client.o(i.menu_handle) for menu_handle
    main.o(i.main) refers to main.o(i.System_Periodic_Handle) for System_Periodic_Handle
    main.o(i.main) refers to main.o(.data) for circle_flag
    main.o(i.main) refers to main.o(.bss) for inStr
    stm32f107.o(i.ADC_Configuration) refers to stm32f10x_adc.o(i.ADC_DeInit) for ADC_DeInit
    stm32f107.o(i.ADC_Configuration) refers to stm32f10x_adc.o(i.ADC_Init) for ADC_Init
    stm32f107.o(i.ADC_Configuration) refers to stm32f10x_adc.o(i.ADC_Cmd) for ADC_Cmd
    stm32f107.o(i.ADC_Configuration) refers to stm32f10x_adc.o(i.ADC_ResetCalibration) for ADC_ResetCalibration
    stm32f107.o(i.ADC_Configuration) refers to stm32f10x_adc.o(i.ADC_GetResetCalibrationStatus) for ADC_GetResetCalibrationStatus
    stm32f107.o(i.ADC_Configuration) refers to stm32f10x_adc.o(i.ADC_StartCalibration) for ADC_StartCalibration
    stm32f107.o(i.ADC_Configuration) refers to stm32f10x_adc.o(i.ADC_GetCalibrationStatus) for ADC_GetCalibrationStatus
    stm32f107.o(i.Ethernet_Configuration) refers to stm32f10x_gpio.o(i.GPIO_ETH_MediaInterfaceConfig) for GPIO_ETH_MediaInterfaceConfig
    stm32f107.o(i.Ethernet_Configuration) refers to stm32f10x_rcc.o(i.RCC_PLL3Config) for RCC_PLL3Config
    stm32f107.o(i.Ethernet_Configuration) refers to stm32f10x_rcc.o(i.RCC_PLL3Cmd) for RCC_PLL3Cmd
    stm32f107.o(i.Ethernet_Configuration) refers to stm32f10x_rcc.o(i.RCC_GetFlagStatus) for RCC_GetFlagStatus
    stm32f107.o(i.Ethernet_Configuration) refers to stm32f10x_rcc.o(i.RCC_MCOConfig) for RCC_MCOConfig
    stm32f107.o(i.Ethernet_Configuration) refers to stm32_eth.o(i.ETH_DeInit) for ETH_DeInit
    stm32f107.o(i.Ethernet_Configuration) refers to stm32_eth.o(i.ETH_SoftwareReset) for ETH_SoftwareReset
[...]
    .data                                    0x20000000   Section        4  stm32f10x_it.o(.data)
    TS_State                                 0x20000000   Data           4  stm32f10x_it.o(.data)
    .data                                    0x20000004   Section       56  main.o(.data)
    exe_count                                0x20000004   Data           1  main.o(.data)
    g_usAdcValue                             0x20000020   Data           2  main.o(.data)
    sum_Adc                                  0x20000022   Data           2  main.o(.data)
    .data                                    0x2000003c   Section       26  netconf.o(.data)
    IPaddress                                0x2000004c   Data           4  netconf.o(.data)
    .data                                    0x20000058   Section        8  client.o(.data)
    TcpPCB                                   0x20000058   Data           4  client.o(.data)
    upcb                                     0x2000005c   Data           4  client.o(.data)
    .data                                    0x20000060   Section       20  stm32f10x_rcc.o(.data)
    APBAHBPrescTable                         0x20000060   Data          16  stm32f10x_rcc.o(.data)
    ADCPrescTable                            0x20000070   Data           4  stm32f10x_rcc.o(.data)
    .data                                    0x20000074   Section       16  stm32_eth.o(.data)
    .data                                    0x20000084   Section       24  stm3210c_eval_ioe.o(.data)
    _x                                       0x20000088   Data           4  stm3210c_eval_ioe.o(.data)
    _y                                       0x2000008c   Data           4  stm3210c_eval_ioe.o(.data)
    tmp                                      0x20000090   Data           4  stm3210c_eval_ioe.o(.data)
    .data                                    0x2000009c   Section       36  stm32_eval.o(.data)
    .data                                    0x200000c0   Section        4  stm3210c_eval_lcd.o(.data)
    TextColor                                0x200000c0   Data           2  stm3210c_eval_lcd.o(.data)
    BackColor                                0x200000c2   Data           2  stm3210c_eval_lcd.o(.data)
    .data                                    0x200000c4   Section       18  ethernetif.o(.data)
    .data                                    0x200000d8   Section       33  tcp.o(.data)
    port                                     0x200000d8   Data           2  tcp.o(.data)
    iss                                      0x200000dc   Data           4  tcp.o(.data)
    tcp_timer                                0x200000f8   Data           1  tcp.o(.data)
    .data                                    0x200000fc   Section       32  tcp_in.o(.data)
    tcphdr                                   0x200000fc   Data           4  tcp_in.o(.data)
    iphdr                                    0x20000100   Data           4  tcp_in.o(.data)
    seqno                                    0x20000104   Data           4  tcp_in.o(.data)
    ackno                                    0x20000108   Data           4  tcp_in.o(.data)
    flags                                    0x2000010c   Data           1  tcp_in.o(.data)
    tcplen                                   0x2000010e   Data           2  tcp_in.o(.data)
    recv_flags                               0x20000110   Data           1  tcp_in.o(.data)
    recv_data                                0x20000114   Data           4  tcp_in.o(.data)
    .data                                    0x2000011c   Section        4  udp.o(.data)
    .data                                    0x20000120   Section       13  mem.o(.data)
    ram                                      0x20000120   Data           4  mem.o(.data)
    ram_end                                  0x20000124   Data           4  mem.o(.data)
    lfree                                    0x20000128   Data           4  mem.o(.data)
    mem_sem                                  0x2000012c   Data           1  mem.o(.data)
    .data                                    0x20000130   Section       12  netif.o(.data)
    netifnum                                 0x20000130   Data           1  netif.o(.data)
    .data                                    0x2000013c   Section        4  raw.o(.data)
    raw_pcbs                                 0x2000013c   Data           4  raw.o(.data)
    .data                                    0x20000140   Section       12  ip.o(.data)
    ip_id                                    0x20000140   Data           2  ip.o(.data)
    current_netif                            0x20000144   Data           4  ip.o(.data)
    current_header                           0x20000148   Data           4  ip.o(.data)
    .data                                    0x2000014c   Section        6  ip_frag.o(.data)
    reassdatagrams                           0x2000014c   Data           4  ip_frag.o(.data)
    ip_reass_pbufcount                       0x20000150   Data           2  ip_frag.o(.data)
    .data                                    0x20000152   Section        1  etharp.o(.data)
    etharp_cached_entry                      0x20000152   Data           1  etharp.o(.data)
    .data                                    0x20000154   Section        4  stdin.o(.data)
    .data                                    0x20000158   Section        4  stdout.o(.data)
    .data                                    0x2000015c   Section        4  errno.o(.data)
    _errno                                   0x2000015c   Data           4  errno.o(.data)
    .data                                    0x20000160   Section        3  fgetc_b.o(.data)
    ungetc_sp                                0x20000160   Data           1  fgetc_b.o(.data)
    ungetc_stack                             0x20000161   Data           2  fgetc_b.o(.data)
    .bss                                     0x20000164   Section      100  main.o(.bss)
    .bss                                     0x200001c8   Section       48  netconf.o(.bss)
    .bss                                     0x200001f8   Section     4100  client.o(.bss)
    inPlc                                    0x200001f8   Data        4100  client.o(.bss)
    .bss                                     0x200011fc   Section      120  hdplc_struct.o(.bss)
    .bss                                     0x20001274   Section     9216  ethernetif.o(.bss)
    .bss                                     0x20003674   Section       20  tcp_in.o(.bss)
    inseg                                    0x20003674   Data          20  tcp_in.o(.bss)
    .bss                                     0x20003688   Section    20500  mem.o(.bss)
    ram_heap                                 0x20003688   Data       20500  mem.o(.bss)
    .bss                                     0x2000869c   Section    18095  memp.o(.bss)
    memp_tab                                 0x2000869c   Data          36  memp.o(.bss)
    memp_memory                              0x200086c0   Data       18059  memp.o(.bss)
    .bss                                     0x2000cd4b   Section     1504  ip_frag.o(.bss)
    buf                                      0x2000cd4b   Data        1504  ip_frag.o(.bss)
    .bss                                     0x2000d32c   Section      200  etharp.o(.bss)
    arp_table                                0x2000d32c   Data         200  etharp.o(.bss)
    STACK                                    0x2000d3f8   Section     1024  startup_stm32f10x_cl.o(STACK)

    Global Symbols

    Symbol Name                              Value     Ov Type        Size  Object(Section)

    BuildAttributes$$THM_ISAv4$P$D$K$B$S$PE$A:L22UL41UL21$X:L11$S22US41US21$IEEE1$IW$USESV6$~STKCKD$USESV7$~SHL$OSPACE$ROPI$EBA8$MICROLIB$REQ8$PRES8$EABIv2 0x00000000   Number         0  anon$$obj.o ABSOLUTE
    __ARM_use_no_argv                        0x00000000   Number         0  main.o ABSOLUTE
    _printf_a                                0x00000000   Number         0  stubs.o ABSOLUTE
    _printf_c                                0x00000000   Number         0  stubs.o ABSOLUTE
    _printf_charcount                        0x00000000   Number         0  stubs.o ABSOLUTE
    _printf_d                                0x00000000   Number         0  stubs.o ABSOLUTE
    _printf_e                                0x00000000   Number         0  stubs.o ABSOLUTE
    _printf_f                                0x00000000   Number         0  stubs.o ABSOLUTE
    _printf_flags                            0x00000000   Number         0  stubs.o ABSOLUTE
    _printf_fp_dec                           0x00000000   Number         0  stubs.o ABSOLUTE
    _printf_fp_hex                           0x00000000   Number         0  stubs.o ABSOLUTE
    _printf_g                                0x00000000   Number         0  stubs.o ABSOLUTE
    _printf_i                                0x00000000   Number         0  stubs.o ABSOLUTE
    _printf_int_dec                          0x00000000   Number         0  stubs.o ABSOLUTE
    _printf_l                                0x00000000   Number         0  stubs.o ABSOLUTE
    _printf_lc                               0x00000000   Number         0  stubs.o ABSOLUTE
    _printf_ll                               0x00000000   Number         0  stubs.o ABSOLUTE
    _printf_lld                              0x00000000   Number         0  stubs.o ABSOLUTE
    _printf_lli                              0x00000000   Number         0  stubs.o ABSOLUTE
    _printf_llo                              0x00000000   Number         0  stubs.o ABSOLUTE
    _printf_llu                              0x00000000   Number         0  stubs.o ABSOLUTE
    _printf_llx                              0x00000000   Number         0  stubs.o ABSOLUTE
    _printf_longlong_dec                     0x00000000   Number         0  stubs.o ABSOLUTE
    _printf_longlong_hex                     0x00000000   Number         0  stubs.o ABSOLUTE
    _printf_longlong_oct                     0x00000000   Number         0  stubs.o ABSOLUTE
    _printf_ls                               0x00000000   Number         0  stubs.o ABSOLUTE
    _printf_mbtowc                           0x00000000   Number         0  stubs.o ABSOLUTE
    _printf_n                                0x00000000   Number         0  stubs.o ABSOLUTE
    _printf_o                                0x00000000   Number         0  stubs.o ABSOLUTE
    _printf_p                                0x00000000   Number         0  stubs.o ABSOLUTE
    _printf_percent                          0x00000000   Number         0  stubs.o ABSOLUTE
    _printf_pre_padding                      0x00000000   Number         0  stubs.o ABSOLUTE
    _printf_return_value                     0x00000000   Number         0  stubs.o ABSOLUTE
    _printf_s                                0x00000000   Number         0  stubs.o ABSOLUTE
    _printf_sizespec                         0x00000000   Number         0  stubs.o ABSOLUTE
    _printf_str                              0x00000000   Number         0  stubs.o ABSOLUTE
    _printf_truncate_signed                  0x00000000   Number         0  stubs.o ABSOLUTE
    _printf_truncate_unsigned                0x00000000   Number         0  stubs.o ABSOLUTE
    _printf_u                                0x00000000   Number         0  stubs.o ABSOLUTE
    _printf_wc                               0x00000000   Number         0  stubs.o ABSOLUTE
    _printf_wctomb                           0x00000000   Number         0  stubs.o ABSOLUTE
    _printf_widthprec                        0x00000000   Number         0  stubs.o ABSOLUTE
    _printf_x                                0x00000000   Number         0  stubs.o ABSOLUTE
    _scanf_int                                - Undefined Weak Reference
    _scanf_longlong                           - Undefined Weak Reference
    _scanf_real                               - Undefined Weak Reference
    __Vectors_Size                           0x00000150   Number         0  startup_stm32f10x_cl.o ABSOLUTE
    __Vectors                                0x08000000   Data           4  startup_stm32f10x_cl.o(RESET)
    __Vectors_End                            0x08000150   Data           0  startup_stm32f10x_cl.o(RESET)
    __main                                   0x08000151   Thumb Code     0  entry.o(.ARM.Collect$$$$00000000)
    _main_stk                                0x08000151   Thumb Code     0  entry2.o(.ARM.Collect$$$$00000001)
    _main_scatterload                        0x08000155   Thumb Code     0  entry5.o(.ARM.Collect$$$$00000004)
    __main_after_scatterload                 0x08000159   Thumb Code     0  entry5.o(.ARM.Collect$$$$00000004)
    _main_init                               0x08000159   Thumb Code     0  entry7.o(.ARM.Collect$$$$00000007)
    Reset_Handler                            0x08000165   Thumb Code     4  startup_stm32f10x_cl.o(.text)
    ADC1_2_IRQHandler                        0x0800017b   Thumb Code     0  startup_stm32f10x_cl.o(.text)
    CAN1_RX0_IRQHandler                      0x0800017b   Thumb Code     0  startup_stm32f10x_cl.o(.text)
    CAN1_RX1_IRQHandler                      0x0800017b   Thumb Code     0  startup_stm32f10x_cl.o(.text)
    CAN1_SCE_IRQHandler                      0x0800017b   Thumb Code     0  startup_stm32f10x_cl.o(.text)
    CAN1_TX_IRQHandler                       0x0800017b   Thumb Code     0  startup_stm32f10x_cl.o(.text)
    CAN2_RX0_IRQHandler                      0x0800017b   Thumb Code     0  startup_stm32f10x_cl.o(.text)
    CAN2_RX1_IRQHandler                      0x0800017b   Thumb Code     0  startup_stm32f10x_cl.o(.text)
    CAN2_SCE_IRQHandler                      0x0800017b   Thumb Code     0  startup_stm32f10x_cl.o(.text)
    CAN2_TX_IRQHandler                       0x0800017b   Thumb Code     0  startup_stm32f10x_cl.o(.text)
    DMA1_Channel1_IRQHandler                 0x0800017b   Thumb Code     0  startup_stm32f10x_cl.o(.text)
    DMA1_Channel2_IRQHandler                 0x0800017b   Thumb Code     0  startup_stm32f10x_cl.o(.text)
    DMA1_Channel3_IRQHandler                 0x0800017b   Thumb Code     0  startup_stm32f10x_cl.o(.text)
    DMA1_Channel4_IRQHandler                 0x0800017b   Thumb Code     0  startup_stm32f10x_cl.o(.text)
    DMA1_Channel5_IRQHandler                 0x0800017b   Thumb Code     0  startup_stm32f10x_cl.o(.text)
    DMA1_Channel6_IRQHandler                 0x0800017b   Thumb Code     0  startup_stm32f10x_cl.o(.text)
    DMA1_Channel7_IRQHandler                 0x0800017b   Thumb Code     0  startup_stm32f10x_cl.o(.text)
    DMA2_Channel1_IRQHandler                 0x0800017b   Thumb Code     0  startup_stm32f10x_cl.o(.text)
    DMA2_Channel2_IRQHandler                 0x0800017b   Thumb Code     0  startup_stm32f10x_cl.o(.text)
    DMA2_Channel3_IRQHandler                 0x0800017b   Thumb Code     0  startup_stm32f10x_cl.o(.text)
    DMA2_Channel4_IRQHandler                 0x0800017b   Thumb Code     0  startup_stm32f10x_cl.o(.text)
    DMA2_Channel5_IRQHandler                 0x0800017b   Thumb Code     0  startup_stm32f10x_cl.o(.text)
    ETH_WKUP_IRQHandler                      0x0800017b   Thumb Code     0  startup_stm32f10x_cl.o(.text)
    EXTI0_IRQHandler                         0x0800017b   Thumb Code     0  startup_stm32f10x_cl.o(.text)
    EXTI1_IRQHandler                         0x0800017b   Thumb Code     0  startup_stm32f10x_cl.o(.text)
    EXTI2_IRQHandler                         0x0800017b   Thumb Code     0  startup_stm32f10x_cl.o(.text)
    EXTI3_IRQHandler                         0x0800017b   Thumb Code     0  startup_stm32f10x_cl.o(.text)
    EXTI4_IRQHandler                         0x0800017b   Thumb Code     0  startup_stm32f10x_cl.o(.text)
    EXTI9_5_IRQHandler                       0x0800017b   Thumb Code     0  startup_stm32f10x_cl.o(.text)
    FLASH_IRQHandler                         0x0800017b   Thumb Code     0  startup_stm32f10x_cl.o(.text)
    I2C1_ER_IRQHandler                       0x0800017b   Thumb Code     0  startup_stm32f10x_cl.o(.text)
    I2C1_EV_IRQHandler                       0x0800017b   Thumb Code     0  startup_stm32f10x_cl.o(.text)
    I2C2_ER_IRQHandler                       0x0800017b   Thumb Code     0  startup_stm32f10x_cl.o(.text)
    I2C2_EV_IRQHandler                       0x0800017b   Thumb Code     0  startup_stm32f10x_cl.o(.text)
    OTG_FS_IRQHandler                        0x0800017b   Thumb Code     0  startup_stm32f10x_cl.o(.text)
    OTG_FS_WKUP_IRQHandler                   0x0800017b   Thumb Code     0  startup_stm32f10x_cl.o(.text)
    PVD_IRQHandler                           0x0800017b   Thumb Code     0  startup_stm32f10x_cl.o(.text)
    RCC_IRQHandler                           0x0800017b   Thumb Code     0  startup_stm32f10x_cl.o(.text)
    RTCAlarm_IRQHandler                      0x0800017b   Thumb Code     0  startup_stm32f10x_cl.o(.text)
    RTC_IRQHandler                           0x0800017b   Thumb Code     0  startup_stm32f10x_cl.o(.text)
    SPI1_IRQHandler                          0x0800017b   Thumb Code     0  startup_stm32f10x_cl.o(.text)
    SPI2_IRQHandler                          0x0800017b   Thumb Code     0  startup_stm32f10x_cl.o(.text)
    SPI3_IRQHandler                          0x0800017b   Thumb Code     0  startup_stm32f10x_cl.o(.text)
    TAMPER_IRQHandler                        0x0800017b   Thumb Code     0  startup_stm32f10x_cl.o(.text)
    TIM1_BRK_IRQHandler                      0x0800017b   Thumb Code     0  startup_stm32f10x_cl.o(.text)
    TIM1_CC_IRQHandler                       0x0800017b   Thumb Code     0  startup_stm32f10x_cl.o(.text)
    TIM1_TRG_COM_IRQHandler                  0x0800017b   Thumb Code     0  startup_stm32f10x_cl.o(.text)
    TIM1_UP_IRQHandler                       0x0800017b   Thumb Code     0  startup_stm32f10x_cl.o(.text)
    TIM2_IRQHandler                          0x0800017b   Thumb Code     0  startup_stm32f10x_cl.o(.text)
    TIM3_IRQHandler                          0x0800017b   Thumb Code     0  startup_stm32f10x_cl.o(.text)
    TIM4_IRQHandler                          0x0800017b   Thumb Code     0  startup_stm32f10x_cl.o(.text)
    TIM5_IRQHandler                          0x0800017b   Thumb Code     0  startup_stm32f10x_cl.o(.text)
    TIM6_IRQHandler                          0x0800017b   Thumb Code     0  startup_stm32f10x_cl.o(.text)
    TIM7_IRQHandler                          0x0800017b   Thumb Code     0  startup_stm32f10x_cl.o(.text)
    UART4_IRQHandler                         0x0800017b   Thumb Code     0  startup_stm32f10x_cl.o(.text)
    UART5_IRQHandler                         0x0800017b   Thumb Code     0  startup_stm32f10x_cl.o(.text)
    USART1_IRQHandler                        0x0800017b   Thumb Code     0  startup_stm32f10x_cl.o(.text)
    USART2_IRQHandler                        0x0800017b   Thumb Code     0  startup_stm32f10x_cl.o(.text)
    USART3_IRQHandler                        0x0800017b   Thumb Code     0  startup_stm32f10x_cl.o(.text)
    WWDG_IRQHandler                          0x0800017b   Thumb Code     0  startup_stm32f10x_cl.o(.text)
    __aeabi_memcpy                           0x08000181   Thumb Code    36  memcpya.o(.text)
    __aeabi_memcpy4                          0x08000181   Thumb Code     0  memcpya.o(.text)
    __aeabi_memcpy8                          0x08000181   Thumb Code     0  memcpya.o(.text)
    __aeabi_memset                           0x080001a5   Thumb Code    14  memseta.o(.text)
    __aeabi_memset4                          0x080001a5   Thumb Code     0  memseta.o(.text)
    __aeabi_memset8                          0x080001a5   Thumb Code     0  memseta.o(.text)
    __aeabi_memclr                           0x080001b3   Thumb Code     4  memseta.o(.text)
    __aeabi_memclr4                          0x080001b3   Thumb Code     0  memseta.o(.text)
    __aeabi_memclr8                          0x080001b3   Thumb Code     0  memseta.o(.text)
    _memset$wrapper                          0x080001b7   Thumb Code    20  memseta.o(.text)
    strcat                                   0x080001cb   Thumb Code    28  strcat.o(.text)
    strlen                                   0x080001e7   Thumb Code    16  strlen.o(.text)
    strcpy                                   0x080001f7   Thumb Code    18  strcpy.o(.text)
    __0scanf                                 0x08000209   Thumb Code    26  __0scanf.o(.text)
    _scanf_string                            0x08000229   Thumb Code   216  _scanf_str.o(.text)
    strtoul                                  0x08000301   Thumb Code   114  strtoul.o(.text)
    __aeabi_uldivmod                         0x08000373   Thumb Code   102  uldiv.o(.text)
    __rt_ctype_table                         0x080003d9   Thumb Code     4  ctype_o.o(.text)
    isspace                                  0x080003e1   Thumb Code    18  isspace_o.o(.text)
    _strtoul                                 0x080003f3   Thumb Code   156  _strtoul.o(.text)
    __vfscanf_char_file                      0x08000491   Thumb Code    12  scanf_char_file.o(.text)
    __scatterload                            0x080004a5   Thumb Code    28  init.o(.text)
    __scatterload_rt2                        0x080004a5   Thumb Code     0  init.o(.text)
    _fgetc$bs                                0x080004c9   Thumb Code    28  fgetc_b.o(.text)
    __backspace                              0x080004e5   Thumb Code    10  fgetc_b.o(.text)
    __aeabi_llsl                             0x080004f5   Thumb Code    30  llshl.o(.text)
    _ll_shift_l                              0x080004f5   Thumb Code     0  llshl.o(.text)
    __aeabi_llsr                             0x08000513   Thumb Code    32  llushr.o(.text)
    _ll_ushift_r                             0x08000513   Thumb Code     0  llushr.o(.text)
    _chval                                   0x08000533   Thumb Code    32  _chval.o(.text)
    __vfscanf_char                           0x08000561   Thumb Code    22  scanf_char.o(.text)
    __vfscanf                                0x08000581   Thumb Code   818  _scanf.o(.text)
    __I$use$semihosting$fgetc                0x080008b9   Thumb Code     0  iusesemig.o(.text)
    __decompress                             0x080008b9   Thumb Code     0  __dczerorl2.o(.text)
    __decompress1                            0x080008b9   Thumb Code    92  __dczerorl2.o(.text)
    ADC_Cmd                                  0x08000915   Thumb Code    22  stm32f10x_adc.o(i.ADC_Cmd)
    ADC_Configuration                        0x0800092d   Thumb Code    94  stm32f107.o(i.ADC_Configuration)
    ADC_DeInit                               0x08000991   Thumb Code    78  stm32f10x_adc.o(i.ADC_DeInit)
    ADC_GetCalibrationStatus                 0x080009ed   Thumb Code    20  stm32f10x_adc.o(i.ADC_GetCalibrationStatus)
    ADC_GetConversionValue                   0x08000a01   Thumb Code     8  stm32f10x_adc.o(i.ADC_GetConversionValue)
    ADC_GetFlagStatus                        0x08000a09   Thumb Code    18  stm32f10x_adc.o(i.ADC_GetFlagStatus)
    ADC_GetResetCalibrationStatus            0x08000a1b   Thumb Code    20  stm32f10x_adc.o(i.ADC_GetResetCalibrationStatus)
    ADC_Init                                 0x08000a31   Thumb Code    70  stm32f10x_adc.o(i.ADC_Init)
    ADC_RegularChannelConfig                 0x08000a81   Thumb Code   184  stm32f10x_adc.o(i.ADC_RegularChannelConfig)
    ADC_ResetCalibration                     0x08000b39   Thumb Code    10  stm32f10x_adc.o(i.ADC_ResetCalibration)
    ADC_SoftwareStartConvCmd                 0x08000b43   Thumb Code    22  stm32f10x_adc.o(i.ADC_SoftwareStartConvCmd)
    ADC_StartCalibration                     0x08000b59   Thumb Code    10  stm32f10x_adc.o(i.ADC_StartCalibration)
    BusFault_Handler                         0x08000b63   Thumb Code     4  stm32f10x_it.o(i.BusFault_Handler)
    DebugMon_Handler                         0x08000b67   Thumb Code     2  stm32f10x_it.o(i.DebugMon_Handler)
    ETH_DMAClearITPendingBit                 0x08000b69   Thumb Code     6  stm32_eth.o(i.ETH_DMAClearITPendingBit)
    ETH_DMAITConfig                          0x08000b75   Thumb Code    26  stm32_eth.o(i.ETH_DMAITConfig)
    ETH_DMAReceptionCmd                      0x08000b95   Thumb Code    30  stm32_eth.o(i.ETH_DMAReceptionCmd)
    ETH_DMARxDescChainInit                   0x08000bb9   Thumb Code    76  stm32_eth.o(i.ETH_DMARxDescChainInit)
    ETH_DMARxDescReceiveITConfig             0x08000c0d   Thumb Code    22  stm32_eth.o(i.ETH_DMARxDescReceiveITConfig)
    ETH_DMATransmissionCmd                   0x08000c25   Thumb Code    30  stm32_eth.o(i.ETH_DMATransmissionCmd)
    ETH_DMATxDescChainInit                   0x08000c49   Thumb Code    70  stm32_eth.o(i.ETH_DMATxDescChainInit)
    ETH_DMATxDescChecksumInsertionConfig     0x08000c99   Thumb Code     8  stm32_eth.o(i.ETH_DMATxDescChecksumInsertionConfig)
    ETH_DeInit                               0x08000ca1   Thumb Code    22  stm32_eth.o(i.ETH_DeInit)
    ETH_FlushTransmitFIFO                    0x08000cc5   Thumb Code    14  stm32_eth.o(i.ETH_FlushTransmitFIFO)
    ETH_GetCurrentTxBuffer                   0x08000cd9   Thumb Code     8  ethernetif.o(i.ETH_GetCurrentTxBuffer)
    ETH_GetDMARxDescFrameLength              0x08000ce5   Thumb Code    10  stm32_eth.o(i.ETH_GetDMARxDescFrameLength)
    ETH_GetRxPktSize                         0x08000cf1   Thumb Code    66  stm32_eth.o(i.ETH_GetRxPktSize)
    ETH_GetSoftwareResetStatus               0x08000d39   Thumb Code    20  stm32_eth.o(i.ETH_GetSoftwareResetStatus)
    ETH_IRQHandler                           0x08000d51   Thumb Code    32  stm32f10x_it.o(i.ETH_IRQHandler)
    ETH_Init                                 0x08000d71   Thumb Code   552  stm32_eth.o(i.ETH_Init)
    ETH_MACAddressConfig                     0x08000fbd   Thumb Code    46  stm32_eth.o(i.ETH_MACAddressConfig)
    ETH_MACReceptionCmd                      0x08000ff1   Thumb Code    30  stm32_eth.o(i.ETH_MACReceptionCmd)
    ETH_MACTransmissionCmd                   0x08001015   Thumb Code    30  stm32_eth.o(i.ETH_MACTransmissionCmd)
    ETH_ReadPHYRegister                      0x08001039   Thumb Code    88  stm32_eth.o(i.ETH_ReadPHYRegister)
    ETH_RxPkt_ChainMode                      0x08001099   Thumb Code   148  ethernetif.o(i.ETH_RxPkt_ChainMode)
    ETH_SoftwareReset                        0x08001135   Thumb Code    14  stm32_eth.o(i.ETH_SoftwareReset)
    ETH_Start                                0x08001149   Thumb Code    32  stm32_eth.o(i.ETH_Start)
    ETH_StructInit                           0x08001169   Thumb Code   164  stm32_eth.o(i.ETH_StructInit)
    ETH_TxPkt_ChainMode                      0x0800120d   Thumb Code    94  ethernetif.o(i.ETH_TxPkt_ChainMode)
    ETH_WritePHYRegister                     0x08001275   Thumb Code    88  stm32_eth.o(i.ETH_WritePHYRegister)
    EXTI15_10_IRQHandler                     0x080012d5   Thumb Code   302  stm32f10x_it.o(i.EXTI15_10_IRQHandler)
    EXTI_ClearITPendingBit                   0x08001469   Thumb Code     6  stm32f10x_exti.o(i.EXTI_ClearITPendingBit)
    EXTI_GetITStatus                         0x08001475   Thumb Code    34  stm32f10x_exti.o(i.EXTI_GetITStatus)
    EtherTx                                  0x080014a1   Thumb Code    54  client.o(i.EtherTx)
    Ethernet_Configuration                   0x080014e5   Thumb Code   156  stm32f107.o(i.Ethernet_Configuration)
    GPIO_Configuration                       0x08001585   Thumb Code   312  stm32f107.o(i.GPIO_Configuration)
    GPIO_ETH_MediaInterfaceConfig            0x080016cd   Thumb Code     6  stm32f10x_gpio.o(i.GPIO_ETH_MediaInterfaceConfig)
    GPIO_Init                                0x080016d9   Thumb Code   274  stm32f10x_gpio.o(i.GPIO_Init)
    GPIO_WriteBit                            0x080017eb   Thumb Code    10  stm32f10x_gpio.o(i.GPIO_WriteBit)
    GetCmdBody                               0x080017f5   Thumb Code     8  hdplc_struct.o(i.GetCmdBody)
    Get_Adc                                  0x080017fd   Thumb Code    68  main.o(i.Get_Adc)
    HardFault_Handler                        0x0800184d   Thumb Code     4  stm32f10x_it.o(i.HardFault_Handler)
    I2C_AcknowledgeConfig                    0x08001851   Thumb Code    24  stm32f10x_i2c.o(i.I2C_AcknowledgeConfig)
    I2C_CheckEvent                           0x08001869   Thumb Code    38  stm32f10x_i2c.o(i.I2C_CheckEvent)
    I2C_Cmd                                  0x0800188f   Thumb Code    24  stm32f10x_i2c.o(i.I2C_Cmd)
    I2C_GenerateSTART                        0x080018a7   Thumb Code    24  stm32f10x_i2c.o(i.I2C_GenerateSTART)
    I2C_GenerateSTOP                         0x080018bf   Thumb Code    24  stm32f10x_i2c.o(i.I2C_GenerateSTOP)
    I2C_Init                                 0x080018d9   Thumb Code   222  stm32f10x_i2c.o(i.I2C_Init)
    I2C_ReadDataBuffer                       0x080019c5   Thumb Code   344  stm3210c_eval_ioe.o(i.I2C_ReadDataBuffer)
    I2C_ReadDeviceRegister                   0x08001b2d   Thumb Code   330  stm3210c_eval_ioe.o(i.I2C_ReadDeviceRegister)
    I2C_ReceiveData                          0x08001c89   Thumb Code     8  stm32f10x_i2c.o(i.I2C_ReceiveData)
    I2C_Send7bitAddress                      0x08001c91   Thumb Code    18  stm32f10x_i2c.o(i.I2C_Send7bitAddress)
    I2C_SendData                             0x08001ca3   Thumb Code     4  stm32f10x_i2c.o(i.I2C_SendData)
    I2C_SoftwareResetCmd                     0x08001ca7   Thumb Code    22  stm32f10x_i2c.o(i.I2C_SoftwareResetCmd)
    I2C_WriteDeviceRegister                  0x08001cbd   Thumb Code   236  stm3210c_eval_ioe.o(i.I2C_WriteDeviceRegister)
    IOE_ClearGITPending                      0x08001db9   Thumb Code    20  stm3210c_eval_ioe.o(i.IOE_ClearGITPending)
    IOE_GetGITStatus                         0x08001dcd   Thumb Code    30  stm3210c_eval_ioe.o(i.IOE_GetGITStatus)
    IOE_TS_GetState                          0x08001e29   Thumb Code   148  stm3210c_eval_ioe.o(i.IOE_TS_GetState)
    Initialize                               0x08001f35   Thumb Code   104  hdplc_struct.o(i.Initialize)
    LCD_CtrlLinesWrite                       0x08001fa1   Thumb Code    20  stm3210c_eval_lcd.o(i.LCD_CtrlLinesWrite)
    LCD_DisplayChar                          0x08001fb5   Thumb Code    34  stm3210c_eval_lcd.o(i.LCD_DisplayChar)
    LCD_DisplayStringLine                    0x08001fdd   Thumb Code    64  stm3210c_eval_lcd.o(i.LCD_DisplayStringLine)
    LCD_DrawChar                             0x0800201d   Thumb Code   110  stm3210c_eval_lcd.o(i.LCD_DrawChar)
    LCD_SetCursor                            0x08002099   Thumb Code    24  stm3210c_eval_lcd.o(i.LCD_SetCursor)
    LCD_WriteRAM                             0x080020b1   Thumb Code    50  stm3210c_eval_lcd.o(i.LCD_WriteRAM)
    LCD_WriteRAM_Prepare                     0x080020e9   Thumb Code    16  stm3210c_eval_lcd.o(i.LCD_WriteRAM_Prepare)
    LCD_WriteReg                             0x080020f9   Thumb Code    74  stm3210c_eval_lcd.o(i.LCD_WriteReg)
    LCD_WriteRegIndex                        0x0800214d   Thumb Code    66  stm3210c_eval_lcd.o(i.LCD_WriteRegIndex)
    LCD_nCS_StartByte                        0x08002199   Thumb Code    38  stm3210c_eval_lcd.o(i.LCD_nCS_StartByte)
    LwIP_Init                                0x080021c9   Thumb Code    92  netconf.o(i.LwIP_Init)
    LwIP_Periodic_Handle                     0x0800223d   Thumb Code    46  netconf.o(i.LwIP_Periodic_Handle)
    LwIP_Pkt_Handle                          0x08002275   Thumb Code    10  netconf.o(i.LwIP_Pkt_Handle)
    MemManage_Handler                        0x08002285   Thumb Code     4  stm32f10x_it.o(i.MemManage_Handler)
    NMI_Handler                              0x08002289   Thumb Code     2  stm32f10x_it.o(i.NMI_Handler)
    NVIC_Configuration                       0x0800228b   Thumb Code    52  stm32f107.o(i.NVIC_Configuration)
    NVIC_Init                                0x080022c1   Thumb Code   118  misc.o(i.NVIC_Init)
    NVIC_PriorityGroupConfig                 0x08002345   Thumb Code    10  misc.o(i.NVIC_PriorityGroupConfig)
    NVIC_SetVectorTable                      0x08002381   Thumb Code    12  misc.o(i.NVIC_SetVectorTable)
    PendSV_Handler                           0x08002395   Thumb Code     2  stm32f10x_it.o(i.PendSV_Handler)
    RCC_AHBPeriphClockCmd                    0x08002399   Thumb Code    26  stm32f10x_rcc.o(i.RCC_AHBPeriphClockCmd)
    RCC_AHBPeriphResetCmd                    0x080023b9   Thumb Code    26  stm32f10x_rcc.o(i.RCC_AHBPeriphResetCmd)
    RCC_APB1PeriphClockCmd                   0x080023d9   Thumb Code    26  stm32f10x_rcc.o(i.RCC_APB1PeriphClockCmd)
    RCC_APB2PeriphClockCmd                   0x080023f9   Thumb Code    26  stm32f10x_rcc.o(i.RCC_APB2PeriphClockCmd)
    RCC_APB2PeriphResetCmd                   0x08002419   Thumb Code    26  stm32f10x_rcc.o(i.RCC_APB2PeriphResetCmd)
    RCC_GetClocksFreq                        0x08002439   Thumb Code   374  stm32f10x_rcc.o(i.RCC_GetClocksFreq)
    RCC_GetFlagStatus                        0x080025c9   Thumb Code    56  stm32f10x_rcc.o(i.RCC_GetFlagStatus)
    RCC_MCOConfig                            0x08002605   Thumb Code     6  stm32f10x_rcc.o(i.RCC_MCOConfig)
    RCC_PLL3Cmd                              0x08002611   Thumb Code     6  stm32f10x_rcc.o(i.RCC_PLL3Cmd)
    RCC_PLL3Config                           0x0800261d   Thumb Code    18  stm32f10x_rcc.o(i.RCC_PLL3Config)
    SPI_I2S_GetFlagStatus                    0x08002635   Thumb Code    18  stm32f10x_spi.o(i.SPI_I2S_GetFlagStatus)
    SPI_I2S_SendData                         0x08002647   Thumb Code     4  stm32f10x_spi.o(i.SPI_I2S_SendData)
    STM_EVAL_LEDOff                          0x0800264d   Thumb Code    16  stm32_eval.o(i.STM_EVAL_LEDOff)
    STM_EVAL_LEDOn                           0x08002665   Thumb Code    16  stm32_eval.o(i.STM_EVAL_LEDOn)
    SVC_Handler                              0x0800267d   Thumb Code     2  stm32f10x_it.o(i.SVC_Handler)
    Set_MAC_Address                          0x08002791   Thumb Code    40  ethernetif.o(i.Set_MAC_Address)
    String2Hex                               0x080027bd   Thumb Code   112  hdplc_struct.o(i.String2Hex)
    SysTick_Handler                          0x0800282d   Thumb Code     8  stm32f10x_it.o(i.SysTick_Handler)
    SystemInit                               0x08002835   Thumb Code    84  system_stm32f10x.o(i.SystemInit)
    System_Periodic_Handle                   0x08002895   Thumb Code    18  main.o(i.System_Periodic_Handle)
    System_Setup                             0x080028b5   Thumb Code   122  stm32f107.o(i.System_Setup)
    Time_Update                              0x08002931   Thumb Code    12  main.o(i.Time_Update)
    USART_ClearFlag                          0x08002941   Thumb Code    18  stm32f10x_usart.o(i.USART_ClearFlag)
    USART_Cmd                                0x08002953   Thumb Code    24  stm32f10x_usart.o(i.USART_Cmd)
    USART_Configuration                      0x0800296d   Thumb Code   136  usart_printf.o(i.USART_Configuration)
    USART_GetFlagStatus                      0x080029fd   Thumb Code    26  stm32f10x_usart.o(i.USART_GetFlagStatus)
    USART_Init                               0x08002a19   Thumb Code   156  stm32f10x_usart.o(i.USART_Init)
    USART_ReceiveData                        0x08002ab9   Thumb Code    10  stm32f10x_usart.o(i.USART_ReceiveData)
    USART_SendData                           0x08002ac3   Thumb Code     8  stm32f10x_usart.o(i.USART_SendData)
    UsageFault_Handler                       0x08002acb   Thumb Code     4  stm32f10x_it.o(i.UsageFault_Handler)
    __0printf$8                              0x08002ad1   Thumb Code    22  printf8.o(i.__0printf$8)
    __1printf$8                              0x08002ad1   Thumb Code     0  printf8.o(i.__0printf$8)
    __2printf                                0x08002ad1   Thumb Code     0  printf8.o(i.__0printf$8)
    __aeabi_errno_addr                       0x08002af1   Thumb Code     4  errno.o(i.__aeabi_errno_addr)
    __rt_errno_addr                          0x08002af1   Thumb Code     0  errno.o(i.__aeabi_errno_addr)
    __scatterload_copy                       0x08002af9   Thumb Code    14  handlers.o(i.__scatterload_copy)
    __scatterload_null                       0x08002b07   Thumb Code     2  handlers.o(i.__scatterload_null)
    __scatterload_zeroinit                   0x08002b09   Thumb Code    14  handlers.o(i.__scatterload_zeroinit)
    client_init                              0x08002f95   Thumb Code    86  client.o(i.client_init)
    etharp_arp_input                         0x08002ffd   Thumb Code   308  etharp.o(i.etharp_arp_input)
    etharp_ip_input                          0x08003131   Thumb Code    58  etharp.o(i.etharp_ip_input)
    etharp_output                            0x0800316d   Thumb Code   190  etharp.o(i.etharp_output)
    etharp_query                             0x08003231   Thumb Code   436  etharp.o(i.etharp_query)
    etharp_request                           0x080034b5   Thumb Code    36  etharp.o(i.etharp_request)
    etharp_tmr                               0x08003531   Thumb Code   154  etharp.o(i.etharp_tmr)
    ethernet_input                           0x080035d1   Thumb Code   108  etharp.o(i.ethernet_input)
    ethernetif_init                          0x0800363d   Thumb Code    68  ethernetif.o(i.ethernetif_init)
    ethernetif_input                         0x08003689   Thumb Code    44  ethernetif.o(i.ethernetif_input)
    fgetc                                    0x080036b5   Thumb Code    26  usart_printf.o(i.fgetc)
    fputc                                    0x080038d9   Thumb Code    40  usart_printf.o(i.fputc)
    getc                                     0x08003945   Thumb Code     4  getc.o(i.getc)
    htonl                                    0x08003949   Thumb Code    26  inet.o(i.htonl)
    htons                                    0x08003963   Thumb Code    12  inet.o(i.htons)
    icmp_dest_unreach                        0x0800396f   Thumb Code    18  icmp.o(i.icmp_dest_unreach)
    icmp_input                               0x08003981   Thumb Code   404  icmp.o(i.icmp_input)
    icmp_time_exceeded                       0x08003b8d   Thumb Code    18  icmp.o(i.icmp_time_exceeded)
    inet_chksum                              0x08003b9f   Thumb Code    20  inet_chksum.o(i.inet_chksum)
    inet_chksum_pbuf                         0x08003bb3   Thumb Code    86  inet_chksum.o(i.inet_chksum_pbuf)
    ip_addr_isbroadcast                      0x08003c09   Thumb Code    78  ip_addr.o(i.ip_addr_isbroadcast)
    ip_frag                                  0x08003c59   Thumb Code   326  ip_frag.o(i.ip_frag)
    ip_input                                 0x08003da5   Thumb Code   394  ip.o(i.ip_input)
    ip_output                                0x08003f3d   Thumb Code    52  ip.o(i.ip_output)
    ip_output_if                             0x08003f71   Thumb Code   254  ip.o(i.ip_output_if)
    ip_reass                                 0x08004075   Thumb Code   394  ip_frag.o(i.ip_reass)
    ip_route                                 0x08004555   Thumb Code    70  ip.o(i.ip_route)
    main                                     0x08004731   Thumb Code   420  main.o(i.main)
    mem_free                                 0x08004a59   Thumb Code   106  mem.o(i.mem_free)
    mem_init                                 0x08004ad1   Thumb Code    80  mem.o(i.mem_init)
    mem_malloc                               0x08004b35   Thumb Code   290  mem.o(i.mem_malloc)
    mem_realloc                              0x08004c65   Thumb Code   316  mem.o(i.mem_realloc)
    memp_free                                0x08004dad   Thumb Code    38  memp.o(i.memp_free)
    memp_init                                0x08004dd9   Thumb Code    82  memp.o(i.memp_init)
    memp_malloc                              0x08004e3d   Thumb Code    54  memp.o(i.memp_malloc)
    menu_handle                              0x08004e79   Thumb Code  1534  client.o(i.menu_handle)
    netif_add                                0x08005575   Thumb Code    96  netif.o(i.netif_add)
    netif_is_up                              0x080055dd   Thumb Code    12  netif.o(i.netif_is_up)
    netif_set_addr                           0x080055e9   Thumb Code    40  netif.o(i.netif_set_addr)
    netif_set_default                        0x08005611   Thumb Code     6  netif.o(i.netif_set_default)
    netif_set_gw                             0x0800561d   Thumb Code    12  netif.o(i.netif_set_gw)
    netif_set_ipaddr                         0x08005629   Thumb Code   110  netif.o(i.netif_set_ipaddr)
    netif_set_netmask                        0x080056a1   Thumb Code    12  netif.o(i.netif_set_netmask)
    netif_set_up                             0x080056ad   Thumb Code    44  netif.o(i.netif_set_up)
    ntohl                                    0x080056d9   Thumb Code    12  inet.o(i.ntohl)
    ntohs                                    0x080056e5   Thumb Code    12  inet.o(i.ntohs)
    pbuf_alloc                               0x080056f1   Thumb Code   542  pbuf.o(i.pbuf_alloc)
    pbuf_cat                                 0x0800590f   Thumb Code    80  pbuf.o(i.pbuf_cat)
    pbuf_chain                               0x0800595f   Thumb Code    22  pbuf.o(i.pbuf_chain)
    pbuf_clen                                0x08005975   Thumb Code    18  pbuf.o(i.pbuf_clen)
    pbuf_copy                                0x08005987   Thumb Code   220  pbuf.o(i.pbuf_copy)
    pbuf_copy_partial                        0x08005a63   Thumb Code   154  pbuf.o(i.pbuf_copy_partial)
    pbuf_free                                0x08005afd   Thumb Code   152  pbuf.o(i.pbuf_free)
    pbuf_header                              0x08005b95   Thumb Code   140  pbuf.o(i.pbuf_header)
    pbuf_realloc                             0x08005c21   Thumb Code   176  pbuf.o(i.pbuf_realloc)
    pbuf_ref                                 0x08005cd1   Thumb Code    10  pbuf.o(i.pbuf_ref)
    print_GetCINRMap2To28                    0x08005d91   Thumb Code    64  hdplc_struct.o(i.print_GetCINRMap2To28)
    print_GetPhyRate                         0x08005e35   Thumb Code    86  hdplc_struct.o(i.print_GetPhyRate)
    print_GetStatus                          0x08005f3d   Thumb Code   256  hdplc_struct.o(i.print_GetStatus)
    print_StartChannelEstimate               0x08006269   Thumb Code    36  hdplc_struct.o(i.print_StartChannelEstimate)
    print_StartSpeedTest                     0x080062f1   Thumb Code    36  hdplc_struct.o(i.print_StartSpeedTest)
    print_SystemCmd                          0x08006369   Thumb Code    54  hdplc_struct.o(i.print_SystemCmd)
    raw_input                                0x080063ed   Thumb Code   100  raw.o(i.raw_input)
    rec_handle                               0x08006455   Thumb Code   316  client.o(i.rec_handle)
    run_GetAllMessages                       0x08006641   Thumb Code   146  hdplc_struct.o(i.run_GetAllMessages)
    run_GetCINRMap2To28                      0x0800671d   Thumb Code    18  hdplc_struct.o(i.run_GetCINRMap2To28)
    run_GetPhyRate                           0x0800672f   Thumb Code    28  hdplc_struct.o(i.run_GetPhyRate)
    run_GetStatus                            0x0800674b   Thumb Code    36  hdplc_struct.o(i.run_GetStatus)
    run_SetMacAddress                        0x08006771   Thumb Code   234  hdplc_struct.o(i.run_SetMacAddress)
    run_SetMacAddressSub                     0x080068dd   Thumb Code   160  hdplc_struct.o(i.run_SetMacAddressSub)
    run_StartChannelEstimate                 0x08006995   Thumb Code    62  hdplc_struct.o(i.run_StartChannelEstimate)
    run_StartSpeedTest                       0x080069dd   Thumb Code   102  hdplc_struct.o(i.run_StartSpeedTest)
    run_SysGetPhyRate                        0x08006a79   Thumb Code   214  hdplc_struct.o(i.run_SysGetPhyRate)
    run_SystemCmd                            0x08006b8d   Thumb Code   184  hdplc_struct.o(i.run_SystemCmd)
    tcp_abandon                              0x08006c71   Thumb Code   146  tcp.o(i.tcp_abandon)
    tcp_alloc                                0x08006d0d   Thumb Code   186  tcp.o(i.tcp_alloc)
    tcp_close                                0x08006dd5   Thumb Code   242  tcp.o(i.tcp_close)
    tcp_eff_send_mss                         0x08006ed9   Thumb Code    46  tcp.o(i.tcp_eff_send_mss)
    tcp_enqueue                              0x08006f07   Thumb Code  1068  tcp_out.o(i.tcp_enqueue)
    tcp_fasttmr                              0x08007335   Thumb Code   112  tcp.o(i.tcp_fasttmr)
    tcp_input                                0x080073a9   Thumb Code  1166  tcp_in.o(i.tcp_input)
    tcp_keepalive                            0x08007851   Thumb Code    92  tcp_out.o(i.tcp_keepalive)
    tcp_led_control                          0x08007941   Thumb Code    30  client.o(i.tcp_led_control)
    tcp_next_iss                             0x08007a91   Thumb Code    20  tcp.o(i.tcp_next_iss)
    tcp_output                               0x08007aad   Thumb Code   608  tcp_out.o(i.tcp_output)
    tcp_pcb_purge                            0x08007f11   Thumb Code    54  tcp.o(i.tcp_pcb_purge)
    tcp_pcb_remove                           0x08007f49   Thumb Code   170  tcp.o(i.tcp_pcb_remove)
    tcp_rexmit                               0x08008ccd   Thumb Code    86  tcp_out.o(i.tcp_rexmit)
    tcp_rexmit_rto                           0x08008d23   Thumb Code    58  tcp_out.o(i.tcp_rexmit_rto)
    tcp_rst                                  0x08008d5d   Thumb Code   174  tcp_out.o(i.tcp_rst)
    tcp_seg_free                             0x08008e0b   Thumb Code    32  tcp.o(i.tcp_seg_free)
    tcp_segs_free                            0x08008e2b   Thumb Code    30  tcp.o(i.tcp_segs_free)
    tcp_send_ctrl                            0x08008e49   Thumb Code    28  tcp_out.o(i.tcp_send_ctrl)
    tcp_slowtmr                              0x08008e65   Thumb Code   770  tcp.o(i.tcp_slowtmr)
    tcp_tmr                                  0x080091d1   Thumb Code    30  tcp.o(i.tcp_tmr)
    tcp_update_rcv_ann_wnd                   0x080091f5   Thumb Code    56  tcp.o(i.tcp_update_rcv_ann_wnd)
    tcp_write                                0x0800922d   Thumb Code    70  tcp_out.o(i.tcp_write)
    tcp_zero_window_probe                    0x08009273   Thumb Code   102  tcp_out.o(i.tcp_zero_window_probe)
    udp_bind                                 0x080092d9   Thumb Code   112  udp.o(i.udp_bind)
    udp_client_callback                      0x0800934d   Thumb Code    56  client.o(i.udp_client_callback)
    udp_connect                              0x080093ad   Thumb Code    94  udp.o(i.udp_connect)
    udp_input                                0x08009411   Thumb Code   408  udp.o(i.udp_input)
    udp_new                                  0x080095ad   Thumb Code    28  udp.o(i.udp_new)
    udp_recv                                 0x080095c9   Thumb Code     6  udp.o(i.udp_recv)
    udp_send                                 0x080095cf   Thumb Code    20  udp.o(i.udp_send)
    udp_sendto                               0x080095e3   Thumb Code    46  udp.o(i.udp_sendto)
    udp_sendto_if                            0x08009611   Thumb Code   212  udp.o(i.udp_sendto_if)
    GPIO_PIN                                 0x080097dc   Data           8  stm32_eval.o(.constdata)
    GPIO_CLK                                 0x080097e4   Data          16  stm32_eval.o(.constdata)
    BUTTON_PIN                               0x080097f4   Data           6  stm32_eval.o(.constdata)
    BUTTON_CLK                               0x080097fc   Data          12  stm32_eval.o(.constdata)
    BUTTON_EXTI_LINE                         0x08009808   Data           6  stm32_eval.o(.constdata)
    BUTTON_PORT_SOURCE                       0x0800980e   Data           6  stm32_eval.o(.constdata)
    BUTTON_PIN_SOURCE                        0x08009814   Data           6  stm32_eval.o(.constdata)
    BUTTON_IRQn                              0x0800981a   Data           6  stm32_eval.o(.constdata)
    COM_USART_CLK                            0x08009820   Data           4  stm32_eval.o(.constdata)
    COM_POR_CLK                              0x08009824   Data           4  stm32_eval.o(.constdata)
    COM_TX_PIN                               0x08009828   Data           2  stm32_eval.o(.constdata)
    COM_RX_PIN                               0x0800982a   Data           2  stm32_eval.o(.constdata)
    ASCII_Table                              0x0800982c   Data        4560  stm3210c_eval_lcd.o(.constdata)
    tcp_backoff                              0x0800a9fc   Data          13  tcp.o(.constdata)
    tcp_persist_backoff                      0x0800aa09   Data           7  tcp.o(.constdata)
    ip_addr_any                              0x0800aa34   Data           4  ip_addr.o(.constdata)
    ip_addr_broadcast                        0x0800aa38   Data           4  ip_addr.o(.constdata)
    ethbroadcast                             0x0800aa3c   Data           6  etharp.o(.constdata)
    ethzero                                  0x0800aa42   Data           6  etharp.o(.constdata)
    __ctype_table                            0x0800aa48   Data         129  ctype_o.o(.constdata)
    Region$$Table$$Base                      0x0800aad0   Number         0  anon$$obj.o(Region$$Table)
    Region$$Table$$Limit                     0x0800aaf0   Number         0  anon$$obj.o(Region$$Table)
    LocalTime                                0x20000008   Data           4  main.o(.data)
    send_flag                                0x2000000c   Data           4  main.o(.data)
    rec_flag                                 0x20000010   Data           4  main.o(.data)
    circle_flag                              0x20000014   Data           4  main.o(.data)
    circle_state                             0x20000018   Data           4  main.o(.data)
    ini_flag                                 0x2000001c   Data           4  main.o(.data)
    adc_channel                              0x20000024   Data           3  main.o(.data)
    begin_time                               0x20000028   Data           4  main.o(.data)
    timingdelay                              0x2000002c   Data           4  main.o(.data)
    c_choice                                 0x20000030   Data           1  main.o(.data)
    i                                        0x20000034   Data           4  main.o(.data)
    j                                        0x20000038   Data           4  main.o(.data)
    TCPTimer                                 0x2000003c   Data           4  netconf.o(.data)
    ARPTimer                                 0x20000040   Data           4  netconf.o(.data)
    DHCPfineTimer                            0x20000044   Data           4  netconf.o(.data)
    DHCPcoarseTimer                          0x20000048   Data           4  netconf.o(.data)
    DisplayTimer                             0x20000050   Data           4  netconf.o(.data)
    LedToggle                                0x20000054   Data           1  netconf.o(.data)
    Server                                   0x20000055   Data           1  netconf.o(.data)
    DMATxDescToSet                           0x20000074   Data           4  stm32_eth.o(.data)
    DMARxDescToGet                           0x20000078   Data           4  stm32_eth.o(.data)
    DMAPTPTxDescToSet                        0x2000007c   Data           4  stm32_eth.o(.data)
    DMAPTPRxDescToGet                        0x20000080   Data           4  stm32_eth.o(.data)
    TimeOut                                  0x20000084   Data           4  stm3210c_eval_ioe.o(.data)
    TS_State                                 0x20000094   Data           8  stm3210c_eval_ioe.o(.data)
    GPIO_PORT                                0x2000009c   Data          16  stm32_eval.o(.data)
    BUTTON_PORT                              0x200000ac   Data          12  stm32_eval.o(.data)
    COM_USART                                0x200000b8   Data           4  stm32_eval.o(.data)
    COM_PORT                                 0x200000bc   Data           4  stm32_eval.o(.data)
    DMATxDesc                                0x200000c4   Data           4  ethernetif.o(.data)
    tcp_end_time                             0x200000c8   Data           4  ethernetif.o(.data)
    arp_end_time                             0x200000cc   Data           4  ethernetif.o(.data)
    MACaddr                                  0x200000d0   Data           6  ethernetif.o(.data)
    tcp_ticks                                0x200000e0   Data           4  tcp.o(.data)
    tcp_bound_pcbs                           0x200000e4   Data           4  tcp.o(.data)
    tcp_listen_pcbs                          0x200000e8   Data           4  tcp.o(.data)
    tcp_active_pcbs                          0x200000ec   Data           4  tcp.o(.data)
    tcp_tw_pcbs                              0x200000f0   Data           4  tcp.o(.data)
    tcp_tmp_pcb                              0x200000f4   Data           4  tcp.o(.data)
    tcp_input_pcb                            0x20000118   Data           4  tcp_in.o(.data)
    udp_pcbs                                 0x2000011c   Data           4  udp.o(.data)
    netif_list                               0x20000134   Data           4  netif.o(.data)
    netif_default                            0x20000138   Data           4  netif.o(.data)
    __stdin                                  0x20000154   Data           4  stdin.o(.data)
    __stdout                                 0x20000158   Data           4  stdout.o(.data)
    inStr                                    0x20000164   Data         100  main.o(.bss)
    netif                                    0x200001c8   Data          48  netconf.o(.bss)
    inCmd                                    0x200011fc   Data         100  hdplc_struct.o(.bss)
    inMac                                    0x20001260   Data          20  hdplc_struct.o(.bss)
    DMARxDscrTab                             0x20001274   Data          64  ethernetif.o(.bss)
    DMATxDscrTab                             0x200012b4   Data          32  ethernetif.o(.bss)
    Rx_Buff                                  0x200012d4   Data        6080  ethernetif.o(.bss)
    Tx_Buff                                  0x20002a94   Data        3040  ethernetif.o(.bss)
    __initial_sp                             0x2000d7f8   Data           0  startup_stm32f10x_cl.o(STACK)



==============================================================================

Memory Map of the image

  Image Entry point : 0x08000151

  Load Region LR_IROM1 (Base: 0x08000000, Size: 0x0000ac54, Max: 0x00040000, ABSOLUTE, COMPRESSED[0x0000ab34])

    Execution Region ER_IROM1 (Base: 0x08000000, Size: 0x0000aaf0, Max: 0x00040000, ABSOLUTE)

    Base Addr    Size         Type   Attr      Idx    E Section Name        Object

    0x08000000   0x00000150   Data   RO         5857    RESET               startup_stm32f10x_cl.o
    0x08000150   0x00000000   Code   RO         5892  * .ARM.Collect$$$$00000000  mc_w.l(entry.o)
    0x08000150   0x00000004   Code   RO         6177    .ARM.Collect$$$$00000001  mc_w.l(entry2.o)
    0x08000154   0x00000004   Code   RO         6180    .ARM.Collect$$$$00000004  mc_w.l(entry5.o)
    0x08000158   0x00000008   Code   RO         6181    .ARM.Collect$$$$00000007  mc_w.l(entry7.o)
    0x08000160   0x00000004   Code   RO         6178    .ARM.Collect$$$$00002712  mc_w.l(entry2.o)
    0x08000164   0x0000001c   Code   RO         5858    .text               startup_stm32f10x_cl.o
    0x08000180   0x00000024   Code   RO         5898    .text               mc_w.l(memcpya.o)
    0x080001a4   0x00000026   Code   RO         5900    .text               mc_w.l(memseta.o)
    0x080001ca   0x0000001c   Code   RO         5902    .text               mc_w.l(strcat.o)
    0x080001e6   0x00000010   Code   RO         5904    .text               mc_w.l(strlen.o)
    0x080001f6   0x00000012   Code   RO         5906    .text               mc_w.l(strcpy.o)
    0x08000208   0x00000020   Code   RO         6171    .text               mc_w.l(__0scanf.o)
    0x08000228   0x000000d8   Code   RO         6173    .text               mc_w.l(_scanf_str.o)
    0x08000300   0x00000072   Code   RO         6175    .text               mc_w.l(strtoul.o)
    0x08000372   0x00000066   Code   RO         6185    .text               mc_w.l(uldiv.o)
    0x080003d8   0x00000008   Code   RO         6187    .text               mc_w.l(ctype_o.o)
    0x080003e0   0x00000012   Code   RO         6209    .text               mc_w.l(isspace_o.o)
    0x080003f2   0x0000009c   Code   RO         6222    .text               mc_w.l(_strtoul.o)
    0x0800048e   0x00000002   PAD
    0x08000490   0x00000014   Code   RO         6224    .text               mc_w.l(scanf_char_file.o)
    0x080004a4   0x00000024   Code   RO         6237    .text               mc_w.l(init.o)
    0x080004c8   0x0000002c   Code   RO         6239    .text               mc_w.l(fgetc_b.o)
    0x080004f4   0x0000001e   Code   RO         6242    .text               mc_w.l(llshl.o)
    0x08000512   0x00000020   Code   RO         6244    .text               mc_w.l(llushr.o)
    0x08000532   0x00000020   Code   RO         6248    .text               mc_w.l(_chval.o)
    0x08000552   0x00000002   PAD
    0x08000554   0x0000002c   Code   RO         6250    .text               mc_w.l(scanf_char.o)
    0x08000580   0x00000338   Code   RO         6256    .text               mc_w.l(_scanf.o)
    0x080008b8   0x00000000   Code   RO         6258    .text               mc_w.l(iusesemig.o)
    0x080008b8   0x0000005c   Code   RO         6270    .text               mc_w.l(__dczerorl2.o)
    0x08000914   0x00000016   Code   RO         1501    i.ADC_Cmd           stm32f10x_adc.o
    0x0800092a   0x00000002   PAD
    0x0800092c   0x00000064   Code   RO          199    i.ADC_Configuration  stm32f107.o
    0x08000990   0x0000005c   Code   RO         1503    i.ADC_DeInit        stm32f10x_adc.o
    0x080009ec   0x00000014   Code   RO         1509    i.ADC_GetCalibrationStatus  stm32f10x_adc.o
    0x08000a00   0x00000008   Code   RO         1510    i.ADC_GetConversionValue  stm32f10x_adc.o
    0x08000a08   0x00000012   Code   RO         1512    i.ADC_GetFlagStatus  stm32f10x_adc.o
    0x08000a1a   0x00000014   Code   RO         1515    i.ADC_GetResetCalibrationStatus  stm32f10x_adc.o
    0x08000a2e   0x00000002   PAD
    0x08000a30   0x00000050   Code   RO         1519    i.ADC_Init          stm32f10x_adc.o
    0x08000a80   0x000000b8   Code   RO         1523    i.ADC_RegularChannelConfig  stm32f10x_adc.o
    0x08000b38   0x0000000a   Code   RO         1524    i.ADC_ResetCalibration  stm32f10x_adc.o
    0x08000b42   0x00000016   Code   RO         1526    i.ADC_SoftwareStartConvCmd  stm32f10x_adc.o
    0x08000b58   0x0000000a   Code   RO         1528    i.ADC_StartCalibration  stm32f10x_adc.o
    0x08000b62   0x00000004   Code   RO            1    i.BusFault_Handler  stm32f10x_it.o
    0x08000b66   0x00000002   Code   RO            2    i.DebugMon_Handler  stm32f10x_it.o
    0x08000b68   0x0000000c   Code   RO         2465    i.ETH_DMAClearITPendingBit  stm32_eth.o
    0x08000b74   0x00000020   Code   RO         2466    i.ETH_DMAITConfig   stm32_eth.o
    0x08000b94   0x00000024   Code   RO         2469    i.ETH_DMAReceptionCmd  stm32_eth.o
    0x08000bb8   0x00000054   Code   RO         2470    i.ETH_DMARxDescChainInit  stm32_eth.o
    0x08000c0c   0x00000016   Code   RO         2472    i.ETH_DMARxDescReceiveITConfig  stm32_eth.o
    0x08000c22   0x00000002   PAD
    0x08000c24   0x00000024   Code   RO         2475    i.ETH_DMATransmissionCmd  stm32_eth.o
    0x08000c48   0x00000050   Code   RO         2478    i.ETH_DMATxDescChainInit  stm32_eth.o
    0x08000c98   0x00000008   Code   RO         2479    i.ETH_DMATxDescChecksumInsertionConfig  stm32_eth.o
    0x08000ca0   0x00000016   Code   RO         2487    i.ETH_DeInit        stm32_eth.o
    0x08000cb6   0x0000000e   Code   RO         2488    i.ETH_Delay         stm32_eth.o
    0x08000cc4   0x00000014   Code   RO         2493    i.ETH_FlushTransmitFIFO  stm32_eth.o
    0x08000cd8   0x0000000c   Code   RO         3524    i.ETH_GetCurrentTxBuffer  ethernetif.o
    0x08000ce4   0x0000000a   Code   RO         2504    i.ETH_GetDMARxDescFrameLength  stm32_eth.o
    0x08000cee   0x00000002   PAD
    0x08000cf0   0x00000048   Code   RO         2519    i.ETH_GetRxPktSize  stm32_eth.o
    0x08000d38   0x00000018   Code   RO         2520    i.ETH_GetSoftwareResetStatus  stm32_eth.o
    0x08000d50   0x00000020   Code   RO            3    i.ETH_IRQHandler    stm32f10x_it.o
    0x08000d70   0x0000024c   Code   RO         2527    i.ETH_Init          stm32_eth.o
    0x08000fbc   0x00000034   Code   RO         2530    i.ETH_MACAddressConfig  stm32_eth.o
    0x08000ff0   0x00000024   Code   RO         2535    i.ETH_MACReceptionCmd  stm32_eth.o
    0x08001014   0x00000024   Code   RO         2536    i.ETH_MACTransmissionCmd  stm32_eth.o
    0x08001038   0x00000060   Code   RO         2547    i.ETH_ReadPHYRegister  stm32_eth.o
    0x08001098   0x0000009c   Code   RO         3525    i.ETH_RxPkt_ChainMode  ethernetif.o
    0x08001134   0x00000014   Code   RO         2558    i.ETH_SoftwareReset  stm32_eth.o
    0x08001148   0x00000020   Code   RO         2559    i.ETH_Start         stm32_eth.o
    0x08001168   0x000000a4   Code   RO         2560    i.ETH_StructInit    stm32_eth.o
    0x0800120c   0x00000068   Code   RO         3526    i.ETH_TxPkt_ChainMode  ethernetif.o
    0x08001274   0x00000060   Code   RO         2562    i.ETH_WritePHYRegister  stm32_eth.o
    0x080012d4   0x00000194   Code   RO            4    i.EXTI15_10_IRQHandler  stm32f10x_it.o
    0x08001468   0x0000000c   Code   RO         1257    i.EXTI_ClearITPendingBit  stm32f10x_exti.o
    0x08001474   0x0000002c   Code   RO         1261    i.EXTI_GetITStatus  stm32f10x_exti.o
    0x080014a0   0x00000044   Code   RO          347    i.EtherTx           client.o
    0x080014e4   0x000000a0   Code   RO          200    i.Ethernet_Configuration  stm32f107.o
    0x08001584   0x00000148   Code   RO          201    i.GPIO_Configuration  stm32f107.o
    0x080016cc   0x0000000c   Code   RO          746    i.GPIO_ETH_MediaInterfaceConfig  stm32f10x_gpio.o
    0x080016d8   0x00000112   Code   RO          750    i.GPIO_Init         stm32f10x_gpio.o
    0x080017ea   0x0000000a   Code   RO          761    i.GPIO_WriteBit     stm32f10x_gpio.o
    0x080017f4   0x00000008   Code   RO          443    i.GetCmdBody        hdplc_struct.o
    0x080017fc   0x00000050   Code   RO          147    i.Get_Adc           main.o
    0x0800184c   0x00000004   Code   RO            5    i.HardFault_Handler  stm32f10x_it.o
    0x08001850   0x00000018   Code   RO         2266    i.I2C_AcknowledgeConfig  stm32f10x_i2c.o
    0x08001868   0x00000026   Code   RO         2268    i.I2C_CheckEvent    stm32f10x_i2c.o
    0x0800188e   0x00000018   Code   RO         2271    i.I2C_Cmd           stm32f10x_i2c.o
    0x080018a6   0x00000018   Code   RO         2278    i.I2C_GenerateSTART  stm32f10x_i2c.o
    0x080018be   0x00000018   Code   RO         2279    i.I2C_GenerateSTOP  stm32f10x_i2c.o
    0x080018d6   0x00000002   PAD
    0x080018d8   0x000000ec   Code   RO         2285    i.I2C_Init          stm32f10x_i2c.o
    0x080019c4   0x00000168   Code   RO         3071    i.I2C_ReadDataBuffer  stm3210c_eval_ioe.o
    0x08001b2c   0x0000015c   Code   RO         3072    i.I2C_ReadDeviceRegister  stm3210c_eval_ioe.o
    0x08001c88   0x00000008   Code   RO         2289    i.I2C_ReceiveData   stm32f10x_i2c.o
    0x08001c90   0x00000012   Code   RO         2291    i.I2C_Send7bitAddress  stm32f10x_i2c.o
    0x08001ca2   0x00000004   Code   RO         2292    i.I2C_SendData      stm32f10x_i2c.o
    0x08001ca6   0x00000016   Code   RO         2293    i.I2C_SoftwareResetCmd  stm32f10x_i2c.o
    0x08001cbc   0x000000fc   Code   RO         3073    i.I2C_WriteDeviceRegister  stm3210c_eval_ioe.o
    0x08001db8   0x00000014   Code   RO         3074    i.IOE_ClearGITPending  stm3210c_eval_ioe.o
    0x08001dcc   0x0000001e   Code   RO         3082    i.IOE_GetGITStatus  stm3210c_eval_ioe.o
    0x08001dea   0x00000002   PAD
    0x08001dec   0x0000003c   Code   RO         3084    i.IOE_I2C_Config    stm3210c_eval_ioe.o
    0x08001e28   0x000000a0   Code   RO         3097    i.IOE_TS_GetState   stm3210c_eval_ioe.o
    0x08001ec8   0x0000002a   Code   RO         3098    i.IOE_TS_Read_X     stm3210c_eval_ioe.o
    0x08001ef2   0x0000002e   Code   RO         3099    i.IOE_TS_Read_Y     stm3210c_eval_ioe.o
    0x08001f20   0x00000014   Code   RO         3100    i.IOE_TS_Read_Z     stm3210c_eval_ioe.o
    0x08001f34   0x0000006c   Code   RO          444    i.Initialize        hdplc_struct.o
    0x08001fa0   0x00000014   Code   RO         3335    i.LCD_CtrlLinesWrite  stm3210c_eval_lcd.o
    0x08001fb4   0x00000028   Code   RO         3336    i.LCD_DisplayChar   stm3210c_eval_lcd.o
    0x08001fdc   0x00000040   Code   RO         3339    i.LCD_DisplayStringLine  stm3210c_eval_lcd.o
    0x0800201c   0x0000007c   Code   RO         3340    i.LCD_DrawChar      stm3210c_eval_lcd.o
    0x08002098   0x00000018   Code   RO         3349    i.LCD_SetCursor     stm3210c_eval_lcd.o
    0x080020b0   0x00000038   Code   RO         3354    i.LCD_WriteRAM      stm3210c_eval_lcd.o
    0x080020e8   0x00000010   Code   RO         3356    i.LCD_WriteRAM_Prepare  stm3210c_eval_lcd.o
    0x080020f8   0x00000054   Code   RO         3357    i.LCD_WriteReg      stm3210c_eval_lcd.o
    0x0800214c   0x0000004c   Code   RO         3358    i.LCD_WriteRegIndex  stm3210c_eval_lcd.o
    0x08002198   0x00000030   Code   RO         3359    i.LCD_nCS_StartByte  stm3210c_eval_lcd.o
    0x080021c8   0x00000074   Code   RO          243    i.LwIP_Init         netconf.o
    0x0800223c   0x00000038   Code   RO          244    i.LwIP_Periodic_Handle  netconf.o
    0x08002274   0x00000010   Code   RO          245    i.LwIP_Pkt_Handle   netconf.o
    0x08002284   0x00000004   Code   RO            6    i.MemManage_Handler  stm32f10x_it.o
    0x08002288   0x00000002   Code   RO            7    i.NMI_Handler       stm32f10x_it.o
    0x0800228a   0x00000034   Code   RO          202    i.NVIC_Configuration  stm32f107.o
    0x080022be   0x00000002   PAD
    0x080022c0   0x00000084   Code   RO         1459    i.NVIC_Init         misc.o
    0x08002344   0x00000014   Code   RO         1460    i.NVIC_PriorityGroupConfig  misc.o
    0x08002358   0x00000028   Code   RO          203    i.NVIC_SetPriority  stm32f107.o
    0x08002380   0x00000014   Code   RO         1461    i.NVIC_SetVectorTable  misc.o
    0x08002394   0x00000002   Code   RO            8    i.PendSV_Handler    stm32f10x_it.o
    0x08002396   0x00000002   PAD
    0x08002398   0x00000020   Code   RO          859    i.RCC_AHBPeriphClockCmd  stm32f10x_rcc.o
    0x080023b8   0x00000020   Code   RO          860    i.RCC_AHBPeriphResetCmd  stm32f10x_rcc.o
    0x080023d8   0x00000020   Code   RO          861    i.RCC_APB1PeriphClockCmd  stm32f10x_rcc.o
    0x080023f8   0x00000020   Code   RO          863    i.RCC_APB2PeriphClockCmd  stm32f10x_rcc.o
    0x08002418   0x00000020   Code   RO          864    i.RCC_APB2PeriphResetCmd  stm32f10x_rcc.o
    0x08002438   0x00000190   Code   RO          871    i.RCC_GetClocksFreq  stm32f10x_rcc.o
    0x080025c8   0x0000003c   Code   RO          872    i.RCC_GetFlagStatus  stm32f10x_rcc.o
    0x08002604   0x0000000c   Code   RO          883    i.RCC_MCOConfig     stm32f10x_rcc.o
    0x08002610   0x0000000c   Code   RO          889    i.RCC_PLL3Cmd       stm32f10x_rcc.o
    0x0800261c   0x00000018   Code   RO          890    i.RCC_PLL3Config    stm32f10x_rcc.o
    0x08002634   0x00000012   Code   RO         1125    i.SPI_I2S_GetFlagStatus  stm32f10x_spi.o
    0x08002646   0x00000004   Code   RO         1129    i.SPI_I2S_SendData  stm32f10x_spi.o
    0x0800264a   0x00000002   PAD
    0x0800264c   0x00000018   Code   RO         3282    i.STM_EVAL_LEDOff   stm32_eval.o
    0x08002664   0x00000018   Code   RO         3283    i.STM_EVAL_LEDOn    stm32_eval.o
    0x0800267c   0x00000002   Code   RO            9    i.SVC_Handler       stm32f10x_it.o
    0x0800267e   0x00000008   Code   RO         5816    i.SetSysClock       system_stm32f10x.o
    0x08002686   0x00000002   PAD
    0x08002688   0x00000108   Code   RO         5817    i.SetSysClockTo72   system_stm32f10x.o
    0x08002790   0x0000002c   Code   RO         3527    i.Set_MAC_Address   ethernetif.o
    0x080027bc   0x00000070   Code   RO          445    i.String2Hex        hdplc_struct.o
    0x0800282c   0x00000008   Code   RO           10    i.SysTick_Handler   stm32f10x_it.o
    0x08002834   0x00000060   Code   RO         5818    i.SystemInit        system_stm32f10x.o
    0x08002894   0x00000020   Code   RO          148    i.System_Periodic_Handle  main.o
    0x080028b4   0x0000007a   Code   RO          204    i.System_Setup      stm32f107.o
    0x0800292e   0x00000002   PAD
    0x08002930   0x00000010   Code   RO          149    i.Time_Update       main.o
    0x08002940   0x00000012   Code   RO          576    i.USART_ClearFlag   stm32f10x_usart.o
    0x08002952   0x00000018   Code   RO          580    i.USART_Cmd         stm32f10x_usart.o
    0x0800296a   0x00000002   PAD
    0x0800296c   0x00000090   Code   RO         5863    i.USART_Configuration  usart_printf.o
    0x080029fc   0x0000001a   Code   RO          583    i.USART_GetFlagStatus  stm32f10x_usart.o
    0x08002a16   0x00000002   PAD
    0x08002a18   0x000000a0   Code   RO          587    i.USART_Init        stm32f10x_usart.o
    0x08002ab8   0x0000000a   Code   RO          592    i.USART_ReceiveData  stm32f10x_usart.o
    0x08002ac2   0x00000008   Code   RO          595    i.USART_SendData    stm32f10x_usart.o
    0x08002aca   0x00000004   Code   RO           11    i.UsageFault_Handler  stm32f10x_it.o
    0x08002ace   0x00000002   PAD
    0x08002ad0   0x00000020   Code   RO         6117    i.__0printf$8       mc_w.l(printf8.o)
    0x08002af0   0x00000008   Code   RO         6215    i.__aeabi_errno_addr  mc_w.l(errno.o)
    0x08002af8   0x0000000e   Code   RO         6264    i.__scatterload_copy  mc_w.l(handlers.o)
    0x08002b06   0x00000002   Code   RO         6265    i.__scatterload_null  mc_w.l(handlers.o)
    0x08002b08   0x0000000e   Code   RO         6266    i.__scatterload_zeroinit  mc_w.l(handlers.o)
    0x08002b16   0x00000002   PAD
    0x08002b18   0x00000428   Code   RO         6124    i._printf_core      mc_w.l(printf8.o)
    0x08002f40   0x00000026   Code   RO         6125    i._printf_post_padding  mc_w.l(printf8.o)
    0x08002f66   0x0000002e   Code   RO         6126    i._printf_pre_padding  mc_w.l(printf8.o)
    0x08002f94   0x00000068   Code   RO          348    i.client_init       client.o
    0x08002ffc   0x00000134   Code   RO         4624    i.etharp_arp_input  etharp.o
    0x08003130   0x0000003a   Code   RO         4626    i.etharp_ip_input   etharp.o
    0x0800316a   0x00000002   PAD
    0x0800316c   0x000000c4   Code   RO         4627    i.etharp_output     etharp.o
    0x08003230   0x000001b8   Code   RO         4628    i.etharp_query      etharp.o
    0x080033e8   0x000000ca   Code   RO         4629    i.etharp_raw        etharp.o
    0x080034b2   0x00000002   PAD
    0x080034b4   0x0000002c   Code   RO         4630    i.etharp_request    etharp.o
    0x080034e0   0x0000004e   Code   RO         4631    i.etharp_send_ip    etharp.o
    0x0800352e   0x00000002   PAD
    0x08003530   0x000000a0   Code   RO         4632    i.etharp_tmr        etharp.o
    0x080035d0   0x0000006c   Code   RO         4633    i.ethernet_input    etharp.o
    0x0800363c   0x0000004c   Code   RO         3528    i.ethernetif_init   ethernetif.o
    0x08003688   0x0000002c   Code   RO         3529    i.ethernetif_input  ethernetif.o
    0x080036b4   0x00000020   Code   RO         5864    i.fgetc             usart_printf.o
    0x080036d4   0x00000204   Code   RO         4634    i.find_entry        etharp.o
    0x080038d8   0x0000002c   Code   RO         5865    i.fputc             usart_printf.o
    0x08003904   0x00000040   Code   RO         4635    i.free_etharp_q     etharp.o
    0x08003944   0x00000004   Code   RO         5895    i.getc              mc_w.l(getc.o)
    0x08003948   0x0000001a   Code   RO         4421    i.htonl             inet.o
    0x08003962   0x0000000c   Code   RO         4422    i.htons             inet.o
    0x0800396e   0x00000012   Code   RO         4386    i.icmp_dest_unreach  icmp.o
    0x08003980   0x00000194   Code   RO         4387    i.icmp_input        icmp.o
    0x08003b14   0x00000078   Code   RO         4388    i.icmp_send_response  icmp.o
    0x08003b8c   0x00000012   Code   RO         4389    i.icmp_time_exceeded  icmp.o
    0x08003b9e   0x00000014   Code   RO         4470    i.inet_chksum       inet_chksum.o
    0x08003bb2   0x00000056   Code   RO         4471    i.inet_chksum_pbuf  inet_chksum.o
    0x08003c08   0x0000004e   Code   RO         4550    i.ip_addr_isbroadcast  ip_addr.o
    0x08003c56   0x00000002   PAD
    0x08003c58   0x0000014c   Code   RO         4572    i.ip_frag           ip_frag.o
    0x08003da4   0x00000198   Code   RO         4508    i.ip_input          ip.o
    0x08003f3c   0x00000034   Code   RO         4509    i.ip_output         ip.o
    0x08003f70   0x00000104   Code   RO         4510    i.ip_output_if      ip.o
    0x08004074   0x00000194   Code   RO         4573    i.ip_reass          ip_frag.o
    0x08004208   0x0000019c   Code   RO         4574    i.ip_reass_chain_frag_into_datagram_and_validate  ip_frag.o
    0x080043a4   0x00000034   Code   RO         4575    i.ip_reass_dequeue_datagram  ip_frag.o
    0x080043d8   0x00000054   Code   RO         4576    i.ip_reass_enqueue_new_datagram  ip_frag.o
    0x0800442c   0x000000ac   Code   RO         4577    i.ip_reass_free_complete_datagram  ip_frag.o
    0x080044d8   0x0000007c   Code   RO         4578    i.ip_reass_remove_oldest_datagram  ip_frag.o
    0x08004554   0x00000050   Code   RO         4511    i.ip_route          ip.o
    0x080045a4   0x000000a4   Code   RO         3530    i.low_level_init    ethernetif.o
    0x08004648   0x00000068   Code   RO         3531    i.low_level_input   ethernetif.o
    0x080046b0   0x00000034   Code   RO         3532    i.low_level_output  ethernetif.o
    0x080046e4   0x0000004a   Code   RO         4473    i.lwip_standard_chksum  inet_chksum.o
    0x0800472e   0x00000002   PAD
    0x08004730   0x00000328   Code   RO          150    i.main              main.o
    0x08004a58   0x00000078   Code   RO         4077    i.mem_free          mem.o
    0x08004ad0   0x00000064   Code   RO         4078    i.mem_init          mem.o
    0x08004b34   0x00000130   Code   RO         4079    i.mem_malloc        mem.o
    0x08004c64   0x00000148   Code   RO         4080    i.mem_realloc       mem.o
    0x08004dac   0x0000002c   Code   RO         4120    i.memp_free         memp.o
    0x08004dd8   0x00000064   Code   RO         4121    i.memp_init         memp.o
    0x08004e3c   0x0000003c   Code   RO         4122    i.memp_malloc       memp.o
    0x08004e78   0x000006fc   Code   RO          349    i.menu_handle       client.o
    0x08005574   0x00000068   Code   RO         4162    i.netif_add         netif.o
    0x080055dc   0x0000000c   Code   RO         4164    i.netif_is_up       netif.o
    0x080055e8   0x00000028   Code   RO         4166    i.netif_set_addr    netif.o
    0x08005610   0x0000000c   Code   RO         4167    i.netif_set_default  netif.o
    0x0800561c   0x0000000c   Code   RO         4169    i.netif_set_gw      netif.o
    0x08005628   0x00000078   Code   RO         4170    i.netif_set_ipaddr  netif.o
    0x080056a0   0x0000000c   Code   RO         4171    i.netif_set_netmask  netif.o
    0x080056ac   0x0000002c   Code   RO         4172    i.netif_set_up      netif.o
    0x080056d8   0x0000000c   Code   RO         4426    i.ntohl             inet.o
    0x080056e4   0x0000000c   Code   RO         4427    i.ntohs             inet.o
    0x080056f0   0x0000021e   Code   RO         4240    i.pbuf_alloc        pbuf.o
    0x0800590e   0x00000050   Code   RO         4241    i.pbuf_cat          pbuf.o
    0x0800595e   0x00000016   Code   RO         4242    i.pbuf_chain        pbuf.o
    0x08005974   0x00000012   Code   RO         4243    i.pbuf_clen         pbuf.o
    0x08005986   0x000000dc   Code   RO         4245    i.pbuf_copy         pbuf.o
    0x08005a62   0x0000009a   Code   RO         4246    i.pbuf_copy_partial  pbuf.o
    0x08005afc   0x00000098   Code   RO         4248    i.pbuf_free         pbuf.o
    0x08005b94   0x0000008c   Code   RO         4249    i.pbuf_header       pbuf.o
    0x08005c20   0x000000b0   Code   RO         4250    i.pbuf_realloc      pbuf.o
    0x08005cd0   0x0000000a   Code   RO         4251    i.pbuf_ref          pbuf.o
    0x08005cda   0x00000002   PAD
    0x08005cdc   0x000000b4   Code   RO         4081    i.plug_holes        mem.o
    0x08005d90   0x000000a4   Code   RO          446    i.print_GetCINRMap2To28  hdplc_struct.o
    0x08005e34   0x00000108   Code   RO          447    i.print_GetPhyRate  hdplc_struct.o
    0x08005f3c   0x0000032c   Code   RO          448    i.print_GetStatus   hdplc_struct.o
    0x08006268   0x00000088   Code   RO          449    i.print_StartChannelEstimate  hdplc_struct.o
    0x080062f0   0x00000078   Code   RO          450    i.print_StartSpeedTest  hdplc_struct.o
    0x08006368   0x00000084   Code   RO          451    i.print_SystemCmd   hdplc_struct.o
    0x080063ec   0x00000068   Code   RO         4326    i.raw_input         raw.o
    0x08006454   0x000001ec   Code   RO          350    i.rec_handle        client.o
    0x08006640   0x000000dc   Code   RO          453    i.run_GetAllMessages  hdplc_struct.o
    0x0800671c   0x00000012   Code   RO          454    i.run_GetCINRMap2To28  hdplc_struct.o
    0x0800672e   0x0000001c   Code   RO          455    i.run_GetPhyRate    hdplc_struct.o
    0x0800674a   0x00000024   Code   RO          456    i.run_GetStatus     hdplc_struct.o
    0x0800676e   0x00000002   PAD
    0x08006770   0x0000016c   Code   RO          457    i.run_SetMacAddress  hdplc_struct.o
    0x080068dc   0x000000b8   Code   RO          458    i.run_SetMacAddressSub  hdplc_struct.o
    0x08006994   0x00000048   Code   RO          459    i.run_StartChannelEstimate  hdplc_struct.o
    0x080069dc   0x0000009c   Code   RO          460    i.run_StartSpeedTest  hdplc_struct.o
    0x08006a78   0x00000114   Code   RO          461    i.run_SysGetPhyRate  hdplc_struct.o
    0x08006b8c   0x000000e4   Code   RO          462    i.run_SystemCmd     hdplc_struct.o
    0x08006c70   0x0000009c   Code   RO         3652    i.tcp_abandon       tcp.o
    0x08006d0c   0x000000c8   Code   RO         3655    i.tcp_alloc         tcp.o
    0x08006dd4   0x00000104   Code   RO         3658    i.tcp_close         tcp.o
    0x08006ed8   0x0000002e   Code   RO         3660    i.tcp_eff_send_mss  tcp.o
    0x08006f06   0x0000042c   Code   RO         3892    i.tcp_enqueue       tcp_out.o
    0x08007332   0x00000002   PAD
    0x08007334   0x00000074   Code   RO         3662    i.tcp_fasttmr       tcp.o
    0x080073a8   0x000004a8   Code   RO         3841    i.tcp_input         tcp_in.o
    0x08007850   0x0000005c   Code   RO         3893    i.tcp_keepalive     tcp_out.o
    0x080078ac   0x00000058   Code   RO         3663    i.tcp_kill_prio     tcp.o
    0x08007904   0x0000003c   Code   RO         3664    i.tcp_kill_timewait  tcp.o
    0x08007940   0x00000024   Code   RO          352    i.tcp_led_control   client.o
    0x08007964   0x0000012c   Code   RO         3842    i.tcp_listen_input  tcp_in.o
    0x08007a90   0x0000001c   Code   RO         3668    i.tcp_next_iss      tcp.o
    0x08007aac   0x00000264   Code   RO         3894    i.tcp_output        tcp_out.o
    0x08007d10   0x000000c8   Code   RO         3895    i.tcp_output_segment  tcp_out.o
    0x08007dd8   0x00000084   Code   RO         3896    i.tcp_output_set_header  tcp_out.o
    0x08007e5c   0x000000b4   Code   RO         3843    i.tcp_parseopt      tcp_in.o
    0x08007f10   0x00000036   Code   RO         3669    i.tcp_pcb_purge     tcp.o
    0x08007f46   0x00000002   PAD
    0x08007f48   0x000000b0   Code   RO         3670    i.tcp_pcb_remove    tcp.o
    0x08007ff8   0x00000598   Code   RO         3844    i.tcp_process       tcp_in.o
    0x08008590   0x00000714   Code   RO         3845    i.tcp_receive       tcp_in.o
    0x08008ca4   0x00000028   Code   RO         3673    i.tcp_recv_null     tcp.o
    0x08008ccc   0x00000056   Code   RO         3897    i.tcp_rexmit        tcp_out.o
    0x08008d22   0x0000003a   Code   RO         3898    i.tcp_rexmit_rto    tcp_out.o
    0x08008d5c   0x000000ae   Code   RO         3899    i.tcp_rst           tcp_out.o
    0x08008e0a   0x00000020   Code   RO         3675    i.tcp_seg_free      tcp.o
    0x08008e2a   0x0000001e   Code   RO         3676    i.tcp_segs_free     tcp.o
    0x08008e48   0x0000001c   Code   RO         3900    i.tcp_send_ctrl     tcp_out.o
    0x08008e64   0x0000031c   Code   RO         3679    i.tcp_slowtmr       tcp.o
    0x08009180   0x00000050   Code   RO         3846    i.tcp_timewait_input  tcp_in.o
    0x080091d0   0x00000024   Code   RO         3680    i.tcp_tmr           tcp.o
    0x080091f4   0x00000038   Code   RO         3681    i.tcp_update_rcv_ann_wnd  tcp.o
    0x0800922c   0x00000046   Code   RO         3901    i.tcp_write         tcp_out.o
    0x08009272   0x00000066   Code   RO         3902    i.tcp_zero_window_probe  tcp_out.o
    0x080092d8   0x00000074   Code   RO         3962    i.udp_bind          udp.o
    0x0800934c   0x00000060   Code   RO          353    i.udp_client_callback  client.o
    0x080093ac   0x00000064   Code   RO         3963    i.udp_connect       udp.o
    0x08009410   0x0000019c   Code   RO         3965    i.udp_input         udp.o
    0x080095ac   0x0000001c   Code   RO         3966    i.udp_new           udp.o
    0x080095c8   0x00000006   Code   RO         3967    i.udp_recv          udp.o
    0x080095ce   0x00000014   Code   RO         3969    i.udp_send          udp.o
    0x080095e2   0x0000002e   Code   RO         3970    i.udp_sendto        udp.o
    0x08009610   0x000000d4   Code   RO         3971    i.udp_sendto_if     udp.o
    0x080096e4   0x000000f8   Code   RO         4636    i.update_arp_entry  etharp.o
    0x080097dc   0x00000050   Data   RO         3287    .constdata          stm32_eval.o
    0x0800982c   0x000011d0   Data   RO         3362    .constdata          stm3210c_eval_lcd.o
    0x0800a9fc   0x00000014   Data   RO         3682    .constdata          tcp.o
    0x0800aa10   0x00000024   Data   RO         4124    .constdata          memp.o
    0x0800aa34   0x00000008   Data   RO         4551    .constdata          ip_addr.o
    0x0800aa3c   0x0000000c   Data   RO         4638    .constdata          etharp.o
    0x0800aa48   0x00000081   Data   RO         6188    .constdata          mc_w.l(ctype_o.o)
    0x0800aac9   0x00000003   PAD
    0x0800aacc   0x00000004   Data   RO         6189    .constdata          mc_w.l(ctype_o.o)
    0x0800aad0   0x00000020   Data   RO         6262    Region$$Table       anon$$obj.o


    Execution Region RW_IRAM1 (Base: 0x20000000, Size: 0x0000d7f8, Max: 0x00010000, ABSOLUTE, COMPRESSED[0x00000044])

    Base Addr    Size         Type   Attr      Idx    E Section Name        Object

    0x20000000   0x00000004   Data   RW           12    .data               stm32f10x_it.o
    0x20000004   0x00000038   Data   RW          152    .data               main.o
    0x2000003c   0x0000001a   Data   RW          247    .data               netconf.o
    0x20000056   0x00000002   PAD
    0x20000058   0x00000008   Data   RW          355    .data               client.o
    0x20000060   0x00000014   Data   RW          899    .data               stm32f10x_rcc.o
    0x20000074   0x00000010   Data   RW         2563    .data               stm32_eth.o
    0x20000084   0x00000018   Data   RW         3105    .data               stm3210c_eval_ioe.o
    0x2000009c   0x00000024   Data   RW         3288    .data               stm32_eval.o
    0x200000c0   0x00000004   Data   RW         3363    .data               stm3210c_eval_lcd.o
    0x200000c4   0x00000012   Data   RW         3534    .data               ethernetif.o
    0x200000d6   0x00000002   PAD
    0x200000d8   0x00000021   Data   RW         3683    .data               tcp.o
    0x200000f9   0x00000003   PAD
    0x200000fc   0x00000020   Data   RW         3848    .data               tcp_in.o
    0x2000011c   0x00000004   Data   RW         3972    .data               udp.o
    0x20000120   0x0000000d   Data   RW         4083    .data               mem.o
    0x2000012d   0x00000003   PAD
    0x20000130   0x0000000c   Data   RW         4173    .data               netif.o
    0x2000013c   0x00000004   Data   RW         4332    .data               raw.o
    0x20000140   0x0000000c   Data   RW         4512    .data               ip.o
    0x2000014c   0x00000006   Data   RW         4581    .data               ip_frag.o
    0x20000152   0x00000001   Data   RW         4639    .data               etharp.o
    0x20000153   0x00000001   PAD
    0x20000154   0x00000004   Data   RW         5897    .data               mc_w.l(stdin.o)
    0x20000158   0x00000004   Data   RW         6182    .data               mc_w.l(stdout.o)
    0x2000015c   0x00000004   Data   RW         6218    .data               mc_w.l(errno.o)
    0x20000160   0x00000003   Data   RW         6240    .data               mc_w.l(fgetc_b.o)
    0x20000163   0x00000001   PAD
    0x20000164   0x00000064   Zero   RW          151    .bss                main.o
    0x200001c8   0x00000030   Zero   RW          246    .bss                netconf.o
    0x200001f8   0x00001004   Zero   RW          354    .bss                client.o
    0x200011fc   0x00000078   Zero   RW          463    .bss                hdplc_struct.o
    0x20001274   0x00002400   Zero   RW         3533    .bss                ethernetif.o
    0x20003674   0x00000014   Zero   RW         3847    .bss                tcp_in.o
    0x20003688   0x00005014   Zero   RW         4082    .bss                mem.o
    0x2000869c   0x000046af   Zero   RW         4123    .bss                memp.o
    0x2000cd4b   0x000005e0   Zero   RW         4580    .bss                ip_frag.o
    0x2000d32b   0x00000001   PAD
    0x2000d32c   0x000000c8   Zero   RW         4637    .bss                etharp.o
    0x2000d3f4   0x00000004   PAD
    0x2000d3f8   0x00000400   Zero   RW         5855    STACK               startup_stm32f10x_cl.o


==============================================================================

Image component sizes


      Code (inc. data)   RO Data    RW Data    ZI Data      Debug   Object Name

      2584       1520          0          8       4100      10203   client.o
         0          0          0          0          0         32   core_cm3.o
      2422         38         12          1        200      13554   etharp.o
       756         62          0         18       9216       8044   ethernetif.o
      3438       1498          0          0        120      15095   hdplc_struct.o
       560          0          0          0          0       3962   icmp.o
        62          0          0          0          0       2304   inet.o
       180          0          0          0          0       5717   inet_chksum.o
         0          0          0          0          0        716   init.o
       800         30          0         12          0       4973   ip.o
        78          0          8          0          0       5677   ip_addr.o
      1580         42          0          6       1504       8349   ip_frag.o
       936        418          0         56        100       7375   main.o
      1032         72          0         13      20500       5261   mem.o
       204         30         36          0      18095       4002   memp.o
       172         32          0          0          0       2421   misc.o
       188         40          0         26         48      24610   netconf.o
       356         24          0         12          0       7595   netif.o
      1514          0          0          0          0       8305   pbuf.o
       104          4          0          4          0       1736   raw.o
        28          4        336          0       1024        892   startup_stm32f10x_cl.o
      1338         72          0         24          0      13405   stm3210c_eval_ioe.o
       552         56       4560          4          0       8233   stm3210c_eval_lcd.o
      1592        134          0         16          0      16658   stm32_eth.o
        48         16         80         36          0       2512   stm32_eval.o
       802         34          0          0          0       8458   stm32f107.o
       486         24          0          0          0       9582   stm32f10x_adc.o
        56         16          0          0          0       1292   stm32f10x_exti.o
       296          6          0          0          0       3448   stm32f10x_gpio.o
       422         14          0          0          0       8451   stm32f10x_i2c.o
       468        102          0          4          0     316266   stm32f10x_it.o
       668         78          0         20          0      10102   stm32f10x_rcc.o
        22          0          0          0          0       2431   stm32f10x_spi.o
       246          4          0          0          0       5610   stm32f10x_usart.o
       368         30          0          0          0       2209   system_stm32f10x.o
      2174        118         20         33          0      20546   tcp.o
      4996        244          0         32         20      15252   tcp_in.o
      2622         14          0          0          0      10847   tcp_out.o
       940         14          0          4          0       8945   udp.o
       220         18          0          0          0       1826   usart_printf.o

    ----------------------------------------------------------------------
     35356       4808       5084        340      54932     606896   Object Totals
         0          0         32          0          0          0   (incl. Generated)
        46          0          0         11          5          0   (incl. Padding)

    ----------------------------------------------------------------------

      Code (inc. data)   RO Data    RW Data    ZI Data      Debug   Library Member Name

        32          6          0          0          0         84   __0scanf.o
        92          0          0          0          0          0   __dczerorl2.o
        32          0          0          0          0         68   _chval.o
       824          6          0          0          0        100   _scanf.o
       216          0          0          0          0         96   _scanf_str.o
       156          0          0          0          0         92   _strtoul.o
         8          4        133          0          0         68   ctype_o.o
         0          0          0          0          0          0   entry.o
         8          4          0          0          0          0   entry2.o
         4          0          0          0          0          0   entry5.o
         8          4          0          0          0          0   entry7.o
         8          4          0          4          0         68   errno.o
        44          6          0          3          0        144   fgetc_b.o
         4          0          0          0          0         68   getc.o
        30          0          0          0          0          0   handlers.o
        36          8          0          0          0         68   init.o
        18          0          0          0          0         76   isspace_o.o
         0          0          0          0          0          0   iusesemig.o
        30          0          0          0          0         68   llshl.o
        32          0          0          0          0         68   llushr.o
        36          0          0          0          0         68   memcpya.o
        38          0          0          0          0        108   memseta.o
      1180         54          0          0          0        352   printf8.o
        44         10          0          0          0         84   scanf_char.o
        20          8          0          0          0         68   scanf_char_file.o
         0          0          0          4          0          0   stdin.o
         0          0          0          4          0          0   stdout.o
        28          0          0          0          0         68   strcat.o
        18          0          0          0          0         68   strcpy.o
        16          0          0          0          0         68   strlen.o
       114          0          0          0          0         92   strtoul.o
       102          0          0          0          0         92   uldiv.o

    ----------------------------------------------------------------------
      3184        114        136         16          0       2136   Library Totals
         6          0          3          1          0          0   (incl. Padding)

    ----------------------------------------------------------------------

      Code (inc. data)   RO Data    RW Data    ZI Data      Debug   Library Name

      3178        114        133         15          0       2136   mc_w.l

    ----------------------------------------------------------------------
      3184        114        136         16          0       2136   Library Totals

    ----------------------------------------------------------------------

==============================================================================


      Code (inc. data)   RO Data    RW Data    ZI Data      Debug   

     38540       4922       5220        356      54932     594576   Grand Totals
     38540       4922       5220         68      54932     594576   ELF Image Totals (compressed)
     38540       4922       5220         68          0          0   ROM Totals

==============================================================================

    Total RO  Size (Code + RO Data)                43760 (  42.73kB)
    Total RW  Size (RW Data + ZI Data)             55288 (  53.99kB)
    Total ROM Size (Code + RO Data + RW Data)      43828 (  42.80kB)

==============================================================================

