ARM Linker, 4.1 [Build 561] [Standard]

==============================================================================

Section Cross References

    stm32f10x_it.o(i.ETH_IRQHandler) refers to netconf.o(i.LwIP_Pkt_Handle) for LwIP_Pkt_Handle
    stm32f10x_it.o(i.ETH_IRQHandler) refers to stm32_eth.o(i.ETH_GetRxPktSize) for ETH_GetRxPktSize
    stm32f10x_it.o(i.ETH_IRQHandler) refers to stm32_eth.o(i.ETH_DMAClearITPendingBit) for ETH_DMAClearITPendingBit
    stm32f10x_it.o(i.EXTI15_10_IRQHandler) refers to stm32f10x_exti.o(i.EXTI_GetITStatus) for EXTI_GetITStatus
    stm32f10x_it.o(i.EXTI15_10_IRQHandler) refers to stm3210c_eval_ioe.o(i.IOE_GetGITStatus) for IOE_GetGITStatus
    stm32f10x_it.o(i.EXTI15_10_IRQHandler) refers to stm3210c_eval_ioe.o(i.IOE_TS_GetState) for IOE_TS_GetState
    stm32f10x_it.o(i.EXTI15_10_IRQHandler) refers to stm3210c_eval_lcd.o(i.LCD_DisplayStringLine) for LCD_DisplayStringLine
    stm32f10x_it.o(i.EXTI15_10_IRQHandler) refers to stm32_eval.o(i.STM_EVAL_LEDOn) for STM_EVAL_LEDOn
    stm32f10x_it.o(i.EXTI15_10_IRQHandler) refers to client.o(i.tcp_led_control) for tcp_led_control
    stm32f10x_it.o(i.EXTI15_10_IRQHandler) refers to stm32_eval.o(i.STM_EVAL_LEDOff) for STM_EVAL_LEDOff
    stm32f10x_it.o(i.EXTI15_10_IRQHandler) refers to stm3210c_eval_ioe.o(i.IOE_ClearGITPending) for IOE_ClearGITPending
    stm32f10x_it.o(i.EXTI15_10_IRQHandler) refers to stm32f10x_exti.o(i.EXTI_ClearITPendingBit) for EXTI_ClearITPendingBit
    stm32f10x_it.o(i.EXTI15_10_IRQHandler) refers to stm32f10x_it.o(.data) for .data
    stm32f10x_it.o(i.SysTick_Handler) refers to main.o(i.Time_Update) for Time_Update
    main.o(i.Delay) refers to main.o(.data) for .data
    main.o(i.System_Periodic_Handle) refers to netconf.o(i.Display_Periodic_Handle) for Display_Periodic_Handle
    main.o(i.System_Periodic_Handle) refers to netconf.o(i.LwIP_Periodic_Handle) for LwIP_Periodic_Handle
    main.o(i.System_Periodic_Handle) refers to main.o(.data) for .data
    main.o(i.Time_Update) refers to main.o(.data) for .data
    main.o(i.main) refers to stm32f107.o(i.System_Setup) for System_Setup
    main.o(i.main) refers to netconf.o(i.LwIP_Init) for LwIP_Init
    main.o(i.main) refers to helloworld.o(i.HelloWorld_init) for HelloWorld_init
    main.o(i.main) refers to httpd.o(i.httpd_init) for httpd_init
    main.o(i.main) refers to tftpserver.o(i.tftpd_init) for tftpd_init
    main.o(i.main) refers to bsp_usart.o(i.bsp_InitUart) for bsp_InitUart
    main.o(i.main) refers to noretval__2printf.o(.text) for __2printf
    main.o(i.main) refers to main.o(i.System_Periodic_Handle) for System_Periodic_Handle
    stm32f107.o(i.ADC_Configuration) refers to stm32f10x_adc.o(i.ADC_Init) for ADC_Init
    stm32f107.o(i.ADC_Configuration) refers to stm32f10x_adc.o(i.ADC_RegularChannelConfig) for ADC_RegularChannelConfig
    stm32f107.o(i.ADC_Configuration) refers to stm32f10x_adc.o(i.ADC_Cmd) for ADC_Cmd
    stm32f107.o(i.ADC_Configuration) refers to stm32f10x_adc.o(i.ADC_SoftwareStartConvCmd) for ADC_SoftwareStartConvCmd
    stm32f107.o(i.Ethernet_Configuration) refers to stm32f10x_gpio.o(i.GPIO_ETH_MediaInterfaceConfig) for GPIO_ETH_MediaInterfaceConfig
    stm32f107.o(i.Ethernet_Configuration) refers to stm32f10x_rcc.o(i.RCC_PLL3Config) for RCC_PLL3Config
    stm32f107.o(i.Ethernet_Configuration) refers to stm32f10x_rcc.o(i.RCC_PLL3Cmd) for RCC_PLL3Cmd
    stm32f107.o(i.Ethernet_Configuration) refers to stm32f10x_rcc.o(i.RCC_GetFlagStatus) for RCC_GetFlagStatus
    stm32f107.o(i.Ethernet_Configuration) refers to stm32f10x_rcc.o(i.RCC_MCOConfig) for RCC_MCOConfig
    stm32f107.o(i.Ethernet_Configuration) refers to stm32_eth.o(i.ETH_DeInit) for ETH_DeInit
    stm32f107.o(i.Ethernet_Configuration) refers to stm32_eth.o(i.ETH_SoftwareReset) for ETH_SoftwareReset
    stm32f107.o(i.Ethernet_Configuration) refers to stm32_eth.o(i.ETH_GetSoftwareResetStatus) for ETH_GetSoftwareResetStatus
    stm32f107.o(i.Ethernet_Configuration) refers to stm32_eth.o(i.ETH_StructInit) for ETH_StructInit
    stm32f107.o(i.Ethernet_Configuration) refers to stm32_eth.o(i.ETH_Init) for ETH_Init
    stm32f107.o(i.Ethernet_Configuration) refers to stm32_eth.o(i.ETH_DMAITConfig) for ETH_DMAITConfig
    stm32f107.o(i.GPIO_Configuration) refers to stm32f10x_gpio.o(i.GPIO_Init) for GPIO_Init
    stm32f107.o(i.NVIC_Configuration) refers to misc.o(i.NVIC_SetVectorTable) for NVIC_SetVectorTable
    stm32f107.o(i.NVIC_Configuration) refers to misc.o(i.NVIC_PriorityGroupConfig) for NVIC_PriorityGroupConfig
    stm32f107.o(i.NVIC_Configuration) refers to misc.o(i.NVIC_Init) for NVIC_Init
    stm32f107.o(i.System_Setup) refers to system_stm32f10x.o(i.SystemInit) for SystemInit
    stm32f107.o(i.System_Setup) refers to stm32f10x_rcc.o(i.RCC_APB1PeriphClockCmd) for RCC_APB1PeriphClockCmd
    stm32f107.o(i.System_Setup) refers to stm32f10x_rcc.o(i.RCC_AHBPeriphClockCmd) for RCC_AHBPeriphClockCmd
[...]
    ioman_flushRange                         0x08006b21   Thumb Code    98  ioman.o(i.ioman_flushRange)
    ioman_flushSector                        0x08006b83   Thumb Code    90  ioman.o(i.ioman_flushSector)
    ioman_getAttr                            0x08006bdd   Thumb Code    26  ioman.o(i.ioman_getAttr)
    ioman_getBp                              0x08006bf7   Thumb Code    40  ioman.o(i.ioman_getBp)
    ioman_getPtr                             0x08006c1f   Thumb Code    22  ioman.o(i.ioman_getPtr)
    ioman_getRefCnt                          0x08006c35   Thumb Code    20  ioman.o(i.ioman_getRefCnt)
    ioman_getSector                          0x08006c49   Thumb Code   258  ioman.o(i.ioman_getSector)
    ioman_getUseCnt                          0x08006d4b   Thumb Code    20  ioman.o(i.ioman_getUseCnt)
    ioman_incRefCnt                          0x08006d5f   Thumb Code    26  ioman.o(i.ioman_incRefCnt)
    ioman_incUseCnt                          0x08006d79   Thumb Code    26  ioman.o(i.ioman_incUseCnt)
    ioman_init                               0x08006d93   Thumb Code    24  ioman.o(i.ioman_init)
    ioman_pop                                0x08006dab   Thumb Code    70  ioman.o(i.ioman_pop)
    ioman_push                               0x08006df1   Thumb Code    70  ioman.o(i.ioman_push)
    ioman_putSectorInCache                   0x08006e37   Thumb Code    70  ioman.o(i.ioman_putSectorInCache)
    ioman_readSector                         0x08006e7d   Thumb Code    28  ioman.o(i.ioman_readSector)
    ioman_releaseSector                      0x08006e99   Thumb Code    80  ioman.o(i.ioman_releaseSector)
    ioman_reset                              0x08006ee9   Thumb Code    94  ioman.o(i.ioman_reset)
    ioman_resetCacheItem                     0x08006f47   Thumb Code    30  ioman.o(i.ioman_resetCacheItem)
    ioman_setAttr                            0x08006f65   Thumb Code    34  ioman.o(i.ioman_setAttr)
    ioman_writeSector                        0x08006f87   Thumb Code    32  ioman.o(i.ioman_writeSector)
    ip_addr_isbroadcast                      0x08006fa7   Thumb Code    48  ip_addr.o(i.ip_addr_isbroadcast)
    ip_frag                                  0x08006fd9   Thumb Code   296  ip_frag.o(i.ip_frag)
    ip_input                                 0x08007105   Thumb Code   390  ip.o(i.ip_input)
    ip_output                                0x08007295   Thumb Code    54  ip.o(i.ip_output)
    ip_output_if                             0x080072cd   Thumb Code   196  ip.o(i.ip_output_if)
    ip_reass                                 0x08007395   Thumb Code   428  ip_frag.o(i.ip_reass)
    ip_route                                 0x0800772d   Thumb Code    62  ip.o(i.ip_route)
    ls_openDir                               0x08007829   Thumb Code    64  ls.o(i.ls_openDir)
    main                                     0x080078a5   Thumb Code    36  main.o(i.main)
    memClr                                   0x080078d5   Thumb Code    18  plibc.o(i.memClr)
    memCpy                                   0x080078e7   Thumb Code    24  plibc.o(i.memCpy)
    mem_calloc                               0x080078ff   Thumb Code    26  mem.o(i.mem_calloc)
    mem_free                                 0x08007919   Thumb Code    38  mem.o(i.mem_free)
    mem_init                                 0x08007945   Thumb Code    44  mem.o(i.mem_init)
    mem_malloc                               0x08007979   Thumb Code   160  mem.o(i.mem_malloc)
    mem_realloc                              0x08007a1d   Thumb Code   184  mem.o(i.mem_realloc)
    memp_free                                0x08007ad9   Thumb Code    18  memp.o(i.memp_free)
    memp_init                                0x08007af1   Thumb Code    78  memp.o(i.memp_init)
    memp_malloc                              0x08007b49   Thumb Code    28  memp.o(i.memp_malloc)
    netif_add                                0x08007b69   Thumb Code    70  netif.o(i.netif_add)
    netif_is_up                              0x08007bb5   Thumb Code    10  netif.o(i.netif_is_up)
    netif_set_addr                           0x08007bbf   Thumb Code    32  netif.o(i.netif_set_addr)
    netif_set_default                        0x08007be1   Thumb Code     6  netif.o(i.netif_set_default)
    netif_set_down                           0x08007bed   Thumb Code    18  netif.o(i.netif_set_down)
    netif_set_gw                             0x08007bff   Thumb Code     8  netif.o(i.netif_set_gw)
    netif_set_ipaddr                         0x08007c09   Thumb Code    92  netif.o(i.netif_set_ipaddr)
    netif_set_netmask                        0x08007c6d   Thumb Code     8  netif.o(i.netif_set_netmask)
    netif_set_up                             0x08007c75   Thumb Code    28  netif.o(i.netif_set_up)
    ntohl                                    0x08007c91   Thumb Code     4  inet.o(i.ntohl)
    ntohs                                    0x08007c95   Thumb Code     4  inet.o(i.ntohs)
    part_directSectorRead                    0x08007c99   Thumb Code    26  partition.o(i.part_directSectorRead)
    part_directSectorWrite                   0x08007cb3   Thumb Code    26  partition.o(i.part_directSectorWrite)
    part_flushPart                           0x08007ccd   Thumb Code    38  partition.o(i.part_flushPart)
    part_getRealLBA                          0x08007cf3   Thumb Code    18  partition.o(i.part_getRealLBA)
    part_getSect                             0x08007d05   Thumb Code    26  partition.o(i.part_getSect)
    part_initPartition                       0x08007d1f   Thumb Code    40  partition.o(i.part_initPartition)
    part_isFatPart                           0x08007d47   Thumb Code    32  partition.o(i.part_isFatPart)
    part_relSect                             0x08007d67   Thumb Code     8  partition.o(i.part_relSect)
    pbuf_alloc                               0x08007d6f   Thumb Code   276  pbuf.o(i.pbuf_alloc)
    pbuf_cat                                 0x08007e83   Thumb Code    40  pbuf.o(i.pbuf_cat)
    pbuf_chain                               0x08007eab   Thumb Code    18  pbuf.o(i.pbuf_chain)
    pbuf_clen                                0x08007ebd   Thumb Code    18  pbuf.o(i.pbuf_clen)
    pbuf_copy                                0x08007ecf   Thumb Code   144  pbuf.o(i.pbuf_copy)
    pbuf_copy_partial                        0x08007f5f   Thumb Code   104  pbuf.o(i.pbuf_copy_partial)
    pbuf_free                                0x08007fc7   Thumb Code    68  pbuf.o(i.pbuf_free)
    pbuf_header                              0x0800800b   Thumb Code    96  pbuf.o(i.pbuf_header)
    pbuf_realloc                             0x0800806b   Thumb Code    80  pbuf.o(i.pbuf_realloc)
    pbuf_ref                                 0x080080bb   Thumb Code    12  pbuf.o(i.pbuf_ref)
    process_tftp_request                     0x0800811d   Thumb Code   174  tftpserver.o(i.process_tftp_request)
    raw_input                                0x080081e1   Thumb Code    98  raw.o(i.raw_input)
    recv_callback_tftp                       0x08008249   Thumb Code    24  tftpserver.o(i.recv_callback_tftp)
    rrq_recv_callback                        0x08008261   Thumb Code    84  tftpserver.o(i.rrq_recv_callback)
    sd_Command                               0x080082b5   Thumb Code    80  sd.o(i.sd_Command)
    sd_Init                                  0x08008305   Thumb Code   104  sd.o(i.sd_Init)
    sd_Resp16b                               0x0800836d   Thumb Code    22  sd.o(i.sd_Resp16b)
    sd_Resp8b                                0x08008383   Thumb Code    28  sd.o(i.sd_Resp8b)
    sd_State                                 0x0800839f   Thumb Code    38  sd.o(i.sd_State)
    sd_getDriveSize                          0x080083c5   Thumb Code   142  sd.o(i.sd_getDriveSize)
    sd_readSector                            0x08008453   Thumb Code   116  sd.o(i.sd_readSector)
    sd_writeSector                           0x080084c7   Thumb Code   100  sd.o(i.sd_writeSector)
    server_init                              0x08008559   Thumb Code    30  server.o(i.server_init)
    strMatch                                 0x08008581   Thumb Code    30  plibc.o(i.strMatch)
    tcp_abandon                              0x080085a1   Thumb Code   142  tcp.o(i.tcp_abandon)
    tcp_accept                               0x08008635   Thumb Code     4  tcp.o(i.tcp_accept)
    tcp_alloc                                0x08008641   Thumb Code   236  tcp.o(i.tcp_alloc)
    tcp_arg                                  0x08008739   Thumb Code     4  tcp.o(i.tcp_arg)
    tcp_bind                                 0x0800873d   Thumb Code   182  tcp.o(i.tcp_bind)
    tcp_client_connected                     0x080087f9   Thumb Code   100  client.o(i.tcp_client_connected)
    tcp_close                                0x08008879   Thumb Code   156  tcp.o(i.tcp_close)
    tcp_connect                              0x08008919   Thumb Code   184  tcp.o(i.tcp_connect)
    tcp_eff_send_mss                         0x080089d5   Thumb Code    30  tcp.o(i.tcp_eff_send_mss)
    tcp_enqueue                              0x080089f3   Thumb Code   754  tcp_out.o(i.tcp_enqueue)
    tcp_err                                  0x08008ce5   Thumb Code     6  tcp.o(i.tcp_err)
    tcp_fasttmr                              0x08008ced   Thumb Code    84  tcp.o(i.tcp_fasttmr)
    tcp_input                                0x08008d45   Thumb Code   800  tcp_in.o(i.tcp_input)
    tcp_keepalive                            0x08009079   Thumb Code    70  tcp_out.o(i.tcp_keepalive)
    tcp_led_control                          0x080090c1   Thumb Code    28  client.o(i.tcp_led_control)
    tcp_listen_with_backlog                  0x080091c5   Thumb Code   122  tcp.o(i.tcp_listen_with_backlog)
    tcp_new                                  0x08009249   Thumb Code     6  tcp.o(i.tcp_new)
    tcp_next_iss                             0x080092b1   Thumb Code    12  tcp.o(i.tcp_next_iss)
    tcp_output                               0x080092c1   Thumb Code   532  tcp_out.o(i.tcp_output)
    tcp_pcb_purge                            0x08009685   Thumb Code    48  tcp.o(i.tcp_pcb_purge)
    tcp_pcb_remove                           0x080096b5   Thumb Code    90  tcp.o(i.tcp_pcb_remove)
    tcp_poll                                 0x08009715   Thumb Code    10  tcp.o(i.tcp_poll)
    tcp_recv                                 0x08009edd   Thumb Code     6  tcp.o(i.tcp_recv)
    tcp_recved                               0x08009eff   Thumb Code    60  tcp.o(i.tcp_recved)
    tcp_rexmit                               0x08009f3b   Thumb Code    84  tcp_out.o(i.tcp_rexmit)
    tcp_rexmit_rto                           0x08009f8f   Thumb Code    46  tcp_out.o(i.tcp_rexmit_rto)
    tcp_rst                                  0x08009fbd   Thumb Code   154  tcp_out.o(i.tcp_rst)
    tcp_seg_free                             0x0800a057   Thumb Code    32  tcp.o(i.tcp_seg_free)
    tcp_segs_free                            0x0800a077   Thumb Code    26  tcp.o(i.tcp_segs_free)
    tcp_send_ctrl                            0x0800a091   Thumb Code    22  tcp_out.o(i.tcp_send_ctrl)
    tcp_sent                                 0x0800a0a7   Thumb Code     6  tcp.o(i.tcp_sent)
    tcp_server_accept                        0x0800a0ad   Thumb Code    14  server.o(i.tcp_server_accept)
    tcp_slowtmr                              0x0800a0f5   Thumb Code   506  tcp.o(i.tcp_slowtmr)
    tcp_tmr                                  0x0800a301   Thumb Code    28  tcp.o(i.tcp_tmr)
    tcp_update_rcv_ann_wnd                   0x0800a321   Thumb Code    44  tcp.o(i.tcp_update_rcv_ann_wnd)
    tcp_write                                0x0800a34d   Thumb Code    50  tcp_out.o(i.tcp_write)
    tcp_zero_window_probe                    0x0800a37f   Thumb Code    82  tcp_out.o(i.tcp_zero_window_probe)
    tftp_cleanup_rd                          0x0800a3d1   Thumb Code    52  tftpserver.o(i.tftp_cleanup_rd)
    tftp_cleanup_wr                          0x0800a415   Thumb Code    54  tftpserver.o(i.tftp_cleanup_wr)
    tftp_construct_error_message             0x0800a459   Thumb Code    44  tftpserver.o(i.tftp_construct_error_message)
    tftp_decode_op                           0x0800a489   Thumb Code     4  tftputils.o(i.tftp_decode_op)
    tftp_extract_block                       0x0800a48d   Thumb Code     6  tftputils.o(i.tftp_extract_block)
    tftp_extract_filename                    0x0800a493   Thumb Code     6  tftputils.o(i.tftp_extract_filename)
    tftp_is_correct_ack                      0x0800a499   Thumb Code    26  tftputils.o(i.tftp_is_correct_ack)
    tftp_process_read                        0x0800a4b5   Thumb Code   116  tftpserver.o(i.tftp_process_read)
    tftp_process_write                       0x0800a531   Thumb Code   116  tftpserver.o(i.tftp_process_write)
    tftp_send_ack_packet                     0x0800a5ad   Thumb Code    48  tftpserver.o(i.tftp_send_ack_packet)
    tftp_send_data_packet                    0x0800a5dd   Thumb Code    70  tftpserver.o(i.tftp_send_data_packet)
    tftp_send_error_message                  0x0800a623   Thumb Code    40  tftpserver.o(i.tftp_send_error_message)
    tftp_send_message                        0x0800a64b   Thumb Code    70  tftpserver.o(i.tftp_send_message)
    tftp_send_next_block                     0x0800a691   Thumb Code    52  tftpserver.o(i.tftp_send_next_block)
    tftp_set_block                           0x0800a6c9   Thumb Code    14  tftputils.o(i.tftp_set_block)
    tftp_set_data_message                    0x0800a6d7   Thumb Code     6  tftputils.o(i.tftp_set_data_message)
    tftp_set_errorcode                       0x0800a6dd   Thumb Code     8  tftputils.o(i.tftp_set_errorcode)
    tftp_set_errormsg                        0x0800a6e5   Thumb Code     6  tftputils.o(i.tftp_set_errormsg)
    tftp_set_opcode                          0x0800a6eb   Thumb Code     8  tftputils.o(i.tftp_set_opcode)
    tftpd_init                               0x0800a6f5   Thumb Code    42  tftpserver.o(i.tftpd_init)
    udp_bind                                 0x0800a72d   Thumb Code    86  udp.o(i.udp_bind)
    udp_client_callback                      0x0800a789   Thumb Code   112  client.o(i.udp_client_callback)
    udp_connect                              0x0800a831   Thumb Code    72  udp.o(i.udp_connect)
    udp_disconnect                           0x0800a87d   Thumb Code    20  udp.o(i.udp_disconnect)
    udp_input                                0x0800a895   Thumb Code   348  udp.o(i.udp_input)
    udp_new                                  0x0800a9f5   Thumb Code    26  udp.o(i.udp_new)
    udp_recv                                 0x0800aa0f   Thumb Code     6  udp.o(i.udp_recv)
    udp_remove                               0x0800aa15   Thumb Code    40  udp.o(i.udp_remove)
    udp_send                                 0x0800aa41   Thumb Code     8  udp.o(i.udp_send)
    udp_sendto                               0x0800aa49   Thumb Code    40  udp.o(i.udp_sendto)
    udp_sendto_if                            0x0800aa71   Thumb Code   178  udp.o(i.udp_sendto_if)
    udp_server_callback                      0x0800ab25   Thumb Code   176  server.o(i.udp_server_callback)
    wrq_recv_callback                        0x0800acb1   Thumb Code   174  tftpserver.o(i.wrq_recv_callback)
    _fp_init                                 0x0800ad65   Thumb Code    14  fpinit.o(x$fpl$fpinit)
    __fplib_config_pureend_doubles           0x0800ad71   Thumb Code     0  fpinit.o(x$fpl$fpinit)
    COM_TX_PIN                               0x08012a0c   Data           2  stm32_eval.o(.constdata)
    COM_RX_PIN                               0x08012a0e   Data           2  stm32_eval.o(.constdata)
    COM_USART_CLK                            0x08012a10   Data           4  stm32_eval.o(.constdata)
    COM_POR_CLK                              0x08012a14   Data           4  stm32_eval.o(.constdata)
    BUTTON_PIN                               0x08012a18   Data           6  stm32_eval.o(.constdata)
    BUTTON_EXTI_LINE                         0x08012a1e   Data           6  stm32_eval.o(.constdata)
    BUTTON_PORT_SOURCE                       0x08012a24   Data           6  stm32_eval.o(.constdata)
    BUTTON_PIN_SOURCE                        0x08012a2a   Data           6  stm32_eval.o(.constdata)
    BUTTON_IRQn                              0x08012a30   Data           6  stm32_eval.o(.constdata)
    GPIO_PIN                                 0x08012a36   Data           8  stm32_eval.o(.constdata)
    GPIO_CLK                                 0x08012a40   Data          16  stm32_eval.o(.constdata)
    BUTTON_CLK                               0x08012a50   Data          12  stm32_eval.o(.constdata)
    ASCII_Table                              0x08012a5c   Data        4560  stm3210c_eval_lcd.o(.constdata)
    tcp_persist_backoff                      0x08013c2c   Data           7  tcp.o(.constdata)
    tcp_backoff                              0x08013c33   Data          13  tcp.o(.constdata)
    ip_addr_any                              0x08013c64   Data           4  ip_addr.o(.constdata)
    ip_addr_broadcast                        0x08013c68   Data           4  ip_addr.o(.constdata)
    ethbroadcast                             0x08013c6c   Data           6  etharp.o(.constdata)
    ethzero                                  0x08013c72   Data           6  etharp.o(.constdata)
    __stdin_name                             0x08013c78   Data           4  sys_io.o(.constdata)
    __stdout_name                            0x08013c7c   Data           4  sys_io.o(.constdata)
    __stderr_name                            0x08013c80   Data           4  sys_io.o(.constdata)
    Region$$Table$$Base                      0x08013d64   Number         0  anon$$obj.o(Region$$Table)
    Region$$Table$$Limit                     0x08013d84   Number         0  anon$$obj.o(Region$$Table)
    LocalTime                                0x20000004   Data           4  main.o(.data)
    timingdelay                              0x20000008   Data           4  main.o(.data)
    LedToggle                                0x2000000c   Data           1  netconf.o(.data)
    Server                                   0x2000000d   Data           1  netconf.o(.data)
    TCPTimer                                 0x20000010   Data           4  netconf.o(.data)
    ARPTimer                                 0x20000014   Data           4  netconf.o(.data)
    DHCPfineTimer                            0x20000018   Data           4  netconf.o(.data)
    DHCPcoarseTimer                          0x2000001c   Data           4  netconf.o(.data)
    DisplayTimer                             0x20000024   Data           4  netconf.o(.data)
    data_STM32F107ADC_html                   0x20000028   Data        4601  httpd.o(.data)
    file_STM32F107ADC_html                   0x20001224   Data          16  httpd.o(.data)
    UDPpcb                                   0x20001234   Data           4  tftpserver.o(.data)
    tftp_errorcode_string                    0x20001238   Data          32  tftpserver.o(.data)
    DMATxDescToSet                           0x20001270   Data           4  stm32_eth.o(.data)
    DMARxDescToGet                           0x20001274   Data           4  stm32_eth.o(.data)
    DMAPTPTxDescToSet                        0x20001278   Data           4  stm32_eth.o(.data)
    DMAPTPRxDescToGet                        0x2000127c   Data           4  stm32_eth.o(.data)
    TimeOut                                  0x20001280   Data           4  stm3210c_eval_ioe.o(.data)
    TS_State                                 0x20001290   Data           8  stm3210c_eval_ioe.o(.data)
    COM_USART                                0x20001298   Data           4  stm32_eval.o(.data)
    COM_PORT                                 0x2000129c   Data           4  stm32_eval.o(.data)
    GPIO_PORT                                0x200012a0   Data          16  stm32_eval.o(.data)
    BUTTON_PORT                              0x200012b0   Data          12  stm32_eval.o(.data)
    MACaddr                                  0x200012c0   Data           6  ethernetif.o(.data)
    tcp_ticks                                0x200012d0   Data           4  tcp.o(.data)
    tcp_bound_pcbs                           0x200012d4   Data           4  tcp.o(.data)
    tcp_listen_pcbs                          0x200012d8   Data           4  tcp.o(.data)
    tcp_active_pcbs                          0x200012dc   Data           4  tcp.o(.data)
    tcp_tw_pcbs                              0x200012e0   Data           4  tcp.o(.data)
    tcp_tmp_pcb                              0x200012e4   Data           4  tcp.o(.data)
    tcp_input_pcb                            0x20001300   Data           4  tcp_in.o(.data)
    udp_pcbs                                 0x20001304   Data           4  udp.o(.data)
    netif_list                               0x20001320   Data           4  netif.o(.data)
    netif_default                            0x20001324   Data           4  netif.o(.data)
    __aeabi_stdin                            0x20001344   Data           4  stdio_streams.o(.data)
    __aeabi_stdout                           0x20001348   Data           4  stdio_streams.o(.data)
    __aeabi_stderr                           0x2000134c   Data           4  stdio_streams.o(.data)
    netif                                    0x20001350   Data          52  netconf.o(.bss)
    efs1                                     0x20001384   Data         692  tftpserver.o(.bss)
    efs2                                     0x20001638   Data         692  tftpserver.o(.bss)
    list1                                    0x200018ec   Data          52  tftpserver.o(.bss)
    list2                                    0x20001920   Data          52  tftpserver.o(.bss)
    file_SD                                  0x20001954   Data          80  tftpserver.o(.bss)
    file_CR                                  0x200019a4   Data          80  tftpserver.o(.bss)
    DMARxDscrTab                             0x200019f4   Data          64  ethernetif.o(.bss)
    DMATxDscrTab                             0x20001a34   Data          32  ethernetif.o(.bss)
    Rx_Buff                                  0x20001a54   Data        6080  ethernetif.o(.bss)
    Tx_Buff                                  0x20003214   Data        3040  ethernetif.o(.bss)
    __stdin                                  0x2000db74   Data          80  stdio_streams.o(.bss)
    __stdout                                 0x2000dbc4   Data          80  stdio_streams.o(.bss)
    __stderr                                 0x2000dc14   Data          80  stdio_streams.o(.bss)
    __libspace_start                         0x2000dc64   Data          96  libspace.o(.bss)
    __temporary_stack_top$libspace           0x2000dcc4   Data           0  libspace.o(.bss)



==============================================================================

Memory Map of the image

  Image Entry point : 0x08000151

  Load Region LR_IROM1 (Base: 0x08000000, Size: 0x000150d4, Max: 0x00040000, ABSOLUTE, COMPRESSED[0x000144bc])

    Execution Region ER_IROM1 (Base: 0x08000000, Size: 0x00013d84, Max: 0x00040000, ABSOLUTE)

    Base Addr    Size         Type   Attr      Idx    E Section Name        Object

    0x08000000   0x00000150   Data   RO         6033    RESET               startup_stm32f10x_cl.o
    0x08000150   0x00000008   Code   RO         6120  * !!!main             c_w.l(__main.o)
    0x08000158   0x00000034   Code   RO         6448    !!!scatter          c_w.l(__scatter.o)
    0x0800018c   0x00000064   Code   RO         6446    !!dclz77c           c_w.l(__dclz77c.o)
    0x080001f0   0x0000001c   Code   RO         6450    !!handler_zi        c_w.l(__scatter_zi.o)
    0x0800020c   0x00000000   Code   RO         6101    .ARM.Collect$$_printf_percent$$00000000  c_w.l(_printf_percent.o)
    0x0800020c   0x00000006   Code   RO         6100    .ARM.Collect$$_printf_percent$$00000009  c_w.l(_printf_d.o)
    0x08000212   0x00000004   Code   RO         6132    .ARM.Collect$$_printf_percent$$00000017  c_w.l(_printf_percent_end.o)
    0x08000216   0x00000006   Code   RO         6255    .ARM.Collect$$libinit$$00000000  c_w.l(libinit.o)
    0x0800021c   0x00000008   Code   RO         6256    .ARM.Collect$$libinit$$00000001  c_w.l(libinit2.o)
    0x08000224   0x00000000   Code   RO         6258    .ARM.Collect$$libinit$$00000006  c_w.l(libinit2.o)
    0x08000224   0x00000000   Code   RO         6260    .ARM.Collect$$libinit$$00000008  c_w.l(libinit2.o)
    0x08000224   0x00000000   Code   RO         6262    .ARM.Collect$$libinit$$0000000A  c_w.l(libinit2.o)
    0x08000224   0x00000000   Code   RO         6265    .ARM.Collect$$libinit$$0000000D  c_w.l(libinit2.o)
    0x08000224   0x00000000   Code   RO         6267    .ARM.Collect$$libinit$$0000000F  c_w.l(libinit2.o)
    0x08000224   0x00000000   Code   RO         6269    .ARM.Collect$$libinit$$00000011  c_w.l(libinit2.o)
    0x08000224   0x00000000   Code   RO         6271    .ARM.Collect$$libinit$$00000013  c_w.l(libinit2.o)
    0x08000224   0x00000000   Code   RO         6273    .ARM.Collect$$libinit$$00000015  c_w.l(libinit2.o)
    0x08000224   0x00000000   Code   RO         6275    .ARM.Collect$$libinit$$00000017  c_w.l(libinit2.o)
    0x08000224   0x00000000   Code   RO         6277    .ARM.Collect$$libinit$$00000019  c_w.l(libinit2.o)
    0x08000224   0x00000000   Code   RO         6279    .ARM.Collect$$libinit$$0000001B  c_w.l(libinit2.o)
    0x08000224   0x00000000   Code   RO         6281    .ARM.Collect$$libinit$$0000001D  c_w.l(libinit2.o)
    0x08000224   0x00000000   Code   RO         6283    .ARM.Collect$$libinit$$0000001F  c_w.l(libinit2.o)
    0x08000224   0x00000004   Code   RO         6284    .ARM.Collect$$libinit$$00000020  c_w.l(libinit2.o)
    0x08000228   0x00000000   Code   RO         6285    .ARM.Collect$$libinit$$00000021  c_w.l(libinit2.o)
    0x08000228   0x00000000   Code   RO         6289    .ARM.Collect$$libinit$$00000028  c_w.l(libinit2.o)
    0x08000228   0x00000000   Code   RO         6291    .ARM.Collect$$libinit$$0000002A  c_w.l(libinit2.o)
    0x08000228   0x00000000   Code   RO         6293    .ARM.Collect$$libinit$$0000002C  c_w.l(libinit2.o)
    0x08000228   0x00000000   Code   RO         6295    .ARM.Collect$$libinit$$0000002E  c_w.l(libinit2.o)
    0x08000228   0x00000002   Code   RO         6296    .ARM.Collect$$libinit$$0000002F  c_w.l(libinit2.o)
    0x0800022a   0x00000002   Code   RO         6425    .ARM.Collect$$libshutdown$$00000000  c_w.l(libshutdown.o)
    0x0800022c   0x00000004   Code   RO         6298    .ARM.Collect$$libshutdown$$00000002  c_w.l(libshutdown2.o)
    0x08000230   0x00000000   Code   RO         6299    .ARM.Collect$$libshutdown$$00000003  c_w.l(libshutdown2.o)
    0x08000230   0x00000000   Code   RO         6302    .ARM.Collect$$libshutdown$$00000006  c_w.l(libshutdown2.o)
    0x08000230   0x00000000   Code   RO         6305    .ARM.Collect$$libshutdown$$00000009  c_w.l(libshutdown2.o)
    0x08000230   0x00000000   Code   RO         6307    .ARM.Collect$$libshutdown$$0000000B  c_w.l(libshutdown2.o)
    0x08000230   0x00000000   Code   RO         6310    .ARM.Collect$$libshutdown$$0000000E  c_w.l(libshutdown2.o)
    0x08000230   0x00000002   Code   RO         6311    .ARM.Collect$$libshutdown$$0000000F  c_w.l(libshutdown2.o)
    0x08000232   0x00000000   Code   RO         6122    .ARM.Collect$$rtentry$$00000000  c_w.l(rtentry.o)
    0x08000232   0x00000000   Code   RO         6140    .ARM.Collect$$rtentry$$00000002  c_w.l(rtentry2.o)
    0x08000232   0x00000006   Code   RO         6155    .ARM.Collect$$rtentry$$00000004  c_w.l(rtentry4.o)
    0x08000238   0x00000000   Code   RO         6142    .ARM.Collect$$rtentry$$00000009  c_w.l(rtentry2.o)
    0x08000238   0x00000004   Code   RO         6143    .ARM.Collect$$rtentry$$0000000A  c_w.l(rtentry2.o)
    0x0800023c   0x00000000   Code   RO         6145    .ARM.Collect$$rtentry$$0000000C  c_w.l(rtentry2.o)
    0x0800023c   0x00000008   Code   RO         6146    .ARM.Collect$$rtentry$$0000000D  c_w.l(rtentry2.o)
    0x08000244   0x00000002   Code   RO         6317    .ARM.Collect$$rtexit$$00000000  c_w.l(rtexit.o)
    0x08000246   0x00000000   Code   RO         6363    .ARM.Collect$$rtexit$$00000002  c_w.l(rtexit2.o)
    0x08000246   0x00000004   Code   RO         6364    .ARM.Collect$$rtexit$$00000003  c_w.l(rtexit2.o)
    0x0800024a   0x00000006   Code   RO         6365    .ARM.Collect$$rtexit$$00000004  c_w.l(rtexit2.o)
    0x08000250   0x00000000   Code   RO         6375    .emb_text           c_w.l(maybetermalloc1.o)
    0x08000250   0x00000038   Code   RO         6034    .text               startup_stm32f10x_cl.o
    0x08000288   0x00000018   Code   RO         6074    .text               c_w.l(noretval__2printf.o)
    0x080002a0   0x00000028   Code   RO         6076    .text               c_w.l(noretval__2sprintf.o)
    0x080002c8   0x0000006a   Code   RO         6078    .text               c_w.l(__printf.o)
    0x08000332   0x00000002   PAD
    0x08000334   0x00000078   Code   RO         6080    .text               c_w.l(_printf_dec.o)
    0x080003ac   0x00000048   Code   RO         6102    .text               c_w.l(strcpy.o)
    0x080003f4   0x0000003e   Code   RO         6104    .text               c_w.l(strlen.o)
    0x08000432   0x0000008c   Code   RO         6106    .text               c_w.l(strncmp.o)
    0x080004be   0x0000008a   Code   RO         6108    .text               c_w.l(rt_memcpy_v6.o)
    0x08000548   0x00000064   Code   RO         6110    .text               c_w.l(rt_memcpy_w.o)
    0x080005ac   0x00000044   Code   RO         6112    .text               c_w.l(rt_memclr.o)
    0x080005f0   0x0000004e   Code   RO         6114    .text               c_w.l(rt_memclr_w.o)
    0x0800063e   0x00000002   PAD
    0x08000640   0x00000080   Code   RO         6116    .text               c_w.l(strcmpv7m.o)
    0x080006c0   0x00000006   Code   RO         6118    .text               c_w.l(heapauxi.o)
    0x080006c6   0x000000b4   Code   RO         6124    .text               c_w.l(_printf_intcommon.o)
    0x0800077a   0x00000002   PAD
    0x0800077c   0x00000030   Code   RO         6126    .text               c_w.l(_printf_char_common.o)
    0x080007ac   0x0000000a   Code   RO         6128    .text               c_w.l(_sputc.o)
    0x080007b6   0x00000002   PAD
    0x080007b8   0x00000024   Code   RO         6130    .text               c_w.l(_printf_char_file.o)
    0x080007dc   0x00000008   Code   RO         6159    .text               c_w.l(ferror.o)
    0x080007e4   0x00000138   Code   RO         6161    .text               c_w.l(initio.o)
    0x0800091c   0x00000066   Code   RO         6167    .text               c_w.l(sys_io.o)
    0x08000982   0x0000004a   Code   RO         6174    .text               c_w.l(sys_stackheap_outer.o)
    0x080009cc   0x0000004e   Code   RO         6178    .text               c_w.l(h1_free.o)
    0x08000a1a   0x00000046   Code   RO         6232    .text               c_w.l(setvbuf.o)
    0x08000a60   0x000000ec   Code   RO         6235    .text               c_w.l(fopen.o)
    0x08000b4c   0x0000004c   Code   RO         6237    .text               c_w.l(fclose.o)
    0x08000b98   0x0000000c   Code   RO         6243    .text               c_w.l(exit.o)
    0x08000ba4   0x0000000e   Code   RO         6245    .text               c_w.l(defsig_rtred_outer.o)
    0x08000bb2   0x00000002   PAD
    0x08000bb4   0x00000008   Code   RO         6312    .text               c_w.l(libspace.o)
    0x08000bbc   0x00000002   Code   RO         6315    .text               c_w.l(use_no_semi.o)
    0x08000bbe   0x00000002   PAD
    0x08000bc0   0x00000008   Code   RO         6324    .text               c_w.l(rt_heap_descriptor_intlibspace.o)
    0x08000bc8   0x00000004   Code   RO         6326    .text               c_w.l(hguard.o)
    0x08000bcc   0x0000008a   Code   RO         6328    .text               c_w.l(init_alloc.o)
    0x08000c56   0x0000005e   Code   RO         6334    .text               c_w.l(h1_alloc.o)
    0x08000cb4   0x000000f8   Code   RO         6348    .text               c_w.l(fseek.o)
    0x08000dac   0x000000f0   Code   RO         6350    .text               c_w.l(stdio.o)
    0x08000e9c   0x0000000a   Code   RO         6352    .text               c_w.l(defsig_exit.o)
    0x08000ea6   0x00000002   PAD
    0x08000ea8   0x00000034   Code   RO         6354    .text               c_w.l(defsig_rtred_inner.o)
    0x08000edc   0x0000000c   Code   RO         6360    .text               c_w.l(sys_exit.o)
    0x08000ee8   0x00000008   Code   RO         6373    .text               c_w.l(rt_fp_status_addr_intlibspace.o)
    0x08000ef0   0x0000000e   Code   RO         6379    .text               c_w.l(h1_init.o)
    0x08000efe   0x00000032   Code   RO         6381    .text               c_w.l(h1_extend.o)
    0x08000f30   0x00000046   Code   RO         6387    .text               c_w.l(ftell.o)
    0x08000f76   0x00000032   Code   RO         6391    .text               c_w.l(defsig_general.o)
    0x08000fa8   0x0000000e   Code   RO         6393    .text               c_w.l(defsig_rtmem_outer.o)
    0x08000fb6   0x0000000e   Code   RO         6406    .text               c_w.l(sys_wrch.o)
    0x08000fc4   0x00000008   Code   RO         6413    .text               c_w.l(rt_errno_addr_intlibspace.o)
    0x08000fcc   0x0000004c   Code   RO         6419    .text               c_w.l(defsig_rtmem_inner.o)
    0x08001018   0x00000014   Code   RO         1691    i.ADC_Cmd           stm32f10x_adc.o
    0x0800102c   0x0000004c   Code   RO          242    i.ADC_Configuration  stm32f107.o
    0x08001078   0x00000006   Code   RO         1700    i.ADC_GetConversionValue  stm32f10x_adc.o
    0x0800107e   0x00000002   PAD
    0x08001080   0x00000048   Code   RO         1709    i.ADC_Init          stm32f10x_adc.o
    0x080010c8   0x00000074   Code   RO         1713    i.ADC_RegularChannelConfig  stm32f10x_adc.o
    0x0800113c   0x00000014   Code   RO         1716    i.ADC_SoftwareStartConvCmd  stm32f10x_adc.o
    0x08001150   0x00000002   Code   RO            1    i.BusFault_Handler  stm32f10x_it.o
    0x08001152   0x00000002   Code   RO            2    i.DebugMon_Handler  stm32f10x_it.o
    0x08001154   0x00000014   Code   RO          146    i.Delay             main.o
    0x08001168   0x000002a4   Code   RO          286    i.Display_Periodic_Handle  netconf.o
    0x0800140c   0x0000000c   Code   RO         2640    i.ETH_DMAClearITPendingBit  stm32_eth.o
    0x08001418   0x00000018   Code   RO         2641    i.ETH_DMAITConfig   stm32_eth.o
    0x08001430   0x0000001c   Code   RO         2644    i.ETH_DMAReceptionCmd  stm32_eth.o
    0x0800144c   0x00000050   Code   RO         2645    i.ETH_DMARxDescChainInit  stm32_eth.o
    0x0800149c   0x00000012   Code   RO         2647    i.ETH_DMARxDescReceiveITConfig  stm32_eth.o
    0x080014ae   0x00000002   PAD
    0x080014b0   0x0000001c   Code   RO         2650    i.ETH_DMATransmissionCmd  stm32_eth.o
    0x080014cc   0x00000048   Code   RO         2653    i.ETH_DMATxDescChainInit  stm32_eth.o
    0x08001514   0x00000008   Code   RO         2654    i.ETH_DMATxDescChecksumInsertionConfig  stm32_eth.o
    0x0800151c   0x00000018   Code   RO         2662    i.ETH_DeInit        stm32_eth.o
    0x08001534   0x0000000a   Code   RO         2663    i.ETH_Delay         stm32_eth.o
    0x0800153e   0x00000002   PAD
    0x08001540   0x00000010   Code   RO         2668    i.ETH_FlushTransmitFIFO  stm32_eth.o
    0x08001550   0x0000000c   Code   RO         3654    i.ETH_GetCurrentTxBuffer  ethernetif.o
    0x0800155c   0x00000008   Code   RO         2679    i.ETH_GetDMARxDescFrameLength  stm32_eth.o
    0x08001564   0x00000024   Code   RO         2694    i.ETH_GetRxPktSize  stm32_eth.o
    0x08001588   0x00000014   Code   RO         2695    i.ETH_GetSoftwareResetStatus  stm32_eth.o
    0x0800159c   0x00000022   Code   RO            3    i.ETH_IRQHandler    stm32f10x_it.o
    0x080015be   0x00000002   PAD
    0x080015c0   0x00000204   Code   RO         2702    i.ETH_Init          stm32_eth.o
    0x080017c4   0x0000001c   Code   RO         2705    i.ETH_MACAddressConfig  stm32_eth.o
    0x080017e0   0x0000001c   Code   RO         2710    i.ETH_MACReceptionCmd  stm32_eth.o
    0x080017fc   0x0000001c   Code   RO         2711    i.ETH_MACTransmissionCmd  stm32_eth.o
    0x08001818   0x00000050   Code   RO         2722    i.ETH_ReadPHYRegister  stm32_eth.o
    0x08001868   0x00000050   Code   RO         3655    i.ETH_RxPkt_ChainMode  ethernetif.o
    0x080018b8   0x00000010   Code   RO         2733    i.ETH_SoftwareReset  stm32_eth.o
    0x080018c8   0x00000022   Code   RO         2734    i.ETH_Start         stm32_eth.o
    0x080018ea   0x0000007c   Code   RO         2735    i.ETH_StructInit    stm32_eth.o
    0x08001966   0x00000002   PAD
    0x08001968   0x0000003c   Code   RO         3656    i.ETH_TxPkt_ChainMode  ethernetif.o
    0x080019a4   0x0000004c   Code   RO         2737    i.ETH_WritePHYRegister  stm32_eth.o
    0x080019f0   0x00000140   Code   RO            4    i.EXTI15_10_IRQHandler  stm32f10x_it.o
    0x08001b30   0x0000000c   Code   RO         1452    i.EXTI_ClearITPendingBit  stm32f10x_exti.o
    0x08001b3c   0x00000020   Code   RO         1456    i.EXTI_GetITStatus  stm32f10x_exti.o
    0x08001b5c   0x00000084   Code   RO         1457    i.EXTI_Init         stm32f10x_exti.o
    0x08001be0   0x00000094   Code   RO          243    i.Ethernet_Configuration  stm32f107.o
    0x08001c74   0x00000118   Code   RO          244    i.GPIO_Configuration  stm32f107.o
    0x08001d8c   0x0000000c   Code   RO          941    i.GPIO_ETH_MediaInterfaceConfig  stm32f10x_gpio.o
    0x08001d98   0x00000028   Code   RO          942    i.GPIO_EXTILineConfig  stm32f10x_gpio.o
    0x08001dc0   0x0000009c   Code   RO          945    i.GPIO_Init         stm32f10x_gpio.o
    0x08001e5c   0x00000048   Code   RO          947    i.GPIO_PinRemapConfig  stm32f10x_gpio.o
    0x08001ea4   0x0000000e   Code   RO          949    i.GPIO_ReadInputDataBit  stm32f10x_gpio.o
    0x08001eb2   0x00000004   Code   RO          952    i.GPIO_ResetBits    stm32f10x_gpio.o
    0x08001eb6   0x00000004   Code   RO          953    i.GPIO_SetBits      stm32f10x_gpio.o
    0x08001eba   0x0000000a   Code   RO          956    i.GPIO_WriteBit     stm32f10x_gpio.o
    0x08001ec4   0x00000002   Code   RO            5    i.HardFault_Handler  stm32f10x_it.o
    0x08001ec6   0x00000002   PAD
    0x08001ec8   0x00000058   Code   RO          358    i.HelloWorld_accept  helloworld.o
    0x08001f20   0x00000004   Code   RO          359    i.HelloWorld_conn_err  helloworld.o
    0x08001f24   0x0000002c   Code   RO          360    i.HelloWorld_init   helloworld.o
    0x08001f50   0x000000ec   Code   RO          361    i.HelloWorld_recv   helloworld.o
    0x0800203c   0x00000014   Code   RO         2441    i.I2C_AcknowledgeConfig  stm32f10x_i2c.o
    0x08002050   0x00000018   Code   RO         2443    i.I2C_CheckEvent    stm32f10x_i2c.o
    0x08002068   0x00000014   Code   RO         2446    i.I2C_Cmd           stm32f10x_i2c.o
    0x0800207c   0x00000014   Code   RO         2453    i.I2C_GenerateSTART  stm32f10x_i2c.o
    0x08002090   0x00000014   Code   RO         2454    i.I2C_GenerateSTOP  stm32f10x_i2c.o
    0x080020a4   0x000000b8   Code   RO         2460    i.I2C_Init          stm32f10x_i2c.o
    0x0800215c   0x00000148   Code   RO         3241    i.I2C_ReadDataBuffer  stm3210c_eval_ioe.o
    0x080022a4   0x00000128   Code   RO         3242    i.I2C_ReadDeviceRegister  stm3210c_eval_ioe.o
    0x080023cc   0x00000006   Code   RO         2464    i.I2C_ReceiveData   stm32f10x_i2c.o
    0x080023d2   0x00000010   Code   RO         2466    i.I2C_Send7bitAddress  stm32f10x_i2c.o
    0x080023e2   0x00000004   Code   RO         2467    i.I2C_SendData      stm32f10x_i2c.o
    0x080023e6   0x00000014   Code   RO         2468    i.I2C_SoftwareResetCmd  stm32f10x_i2c.o
    0x080023fa   0x00000002   PAD
    0x080023fc   0x000000dc   Code   RO         3243    i.I2C_WriteDeviceRegister  stm3210c_eval_ioe.o
    0x080024d8   0x0000000e   Code   RO         3244    i.IOE_ClearGITPending  stm3210c_eval_ioe.o
    0x080024e6   0x00000002   PAD
    0x080024e8   0x00000130   Code   RO         3246    i.IOE_Config        stm3210c_eval_ioe.o
    0x08002618   0x00000024   Code   RO         3247    i.IOE_FnctCmd       stm3210c_eval_ioe.o
    0x0800263c   0x00000020   Code   RO         3248    i.IOE_GITCmd        stm3210c_eval_ioe.o
    0x0800265c   0x00000024   Code   RO         3249    i.IOE_GITConfig     stm3210c_eval_ioe.o
    0x08002680   0x00000012   Code   RO         3250    i.IOE_GetGITStatus  stm3210c_eval_ioe.o
    0x08002692   0x00000002   PAD
    0x08002694   0x00000038   Code   RO         3252    i.IOE_I2C_Config    stm3210c_eval_ioe.o
    0x080026cc   0x00000024   Code   RO         3253    i.IOE_IOAFConfig    stm3210c_eval_ioe.o
    0x080026f0   0x00000046   Code   RO         3254    i.IOE_IOEdgeConfig  stm3210c_eval_ioe.o
    0x08002736   0x00000024   Code   RO         3255    i.IOE_IOITConfig    stm3210c_eval_ioe.o
    0x0800275a   0x00000024   Code   RO         3256    i.IOE_IOPinConfig   stm3210c_eval_ioe.o
    0x0800277e   0x00000002   PAD
    0x08002780   0x00000104   Code   RO         3257    i.IOE_ITConfig      stm3210c_eval_ioe.o
    0x08002884   0x0000003c   Code   RO         3258    i.IOE_ITOutConfig   stm3210c_eval_ioe.o
    0x080028c0   0x00000024   Code   RO         3259    i.IOE_IsOperational  stm3210c_eval_ioe.o
    0x080028e4   0x00000018   Code   RO         3261    i.IOE_ReadID        stm3210c_eval_ioe.o
    0x080028fc   0x00000020   Code   RO         3263    i.IOE_Reset         stm3210c_eval_ioe.o
    0x0800291c   0x000000bc   Code   RO         3264    i.IOE_TS_Config     stm3210c_eval_ioe.o
    0x080029d8   0x000000ac   Code   RO         3265    i.IOE_TS_GetState   stm3210c_eval_ioe.o
    0x08002a84   0x0000002e   Code   RO         3266    i.IOE_TempSens_Config  stm3210c_eval_ioe.o
    0x08002ab2   0x0000002a   Code   RO         3268    i.IOE_WriteIOPin    stm3210c_eval_ioe.o
    0x08002adc   0x00000038   Code   RO         3469    i.LCD_Clear         stm3210c_eval_lcd.o
    0x08002b14   0x0000002c   Code   RO         3471    i.LCD_CtrlLinesConfig  stm3210c_eval_lcd.o
    0x08002b40   0x00000018   Code   RO         3473    i.LCD_DisplayChar   stm3210c_eval_lcd.o
    0x08002b58   0x0000002e   Code   RO         3476    i.LCD_DisplayStringLine  stm3210c_eval_lcd.o
    0x08002b86   0x00000002   PAD
    0x08002b88   0x00000064   Code   RO         3477    i.LCD_DrawChar      stm3210c_eval_lcd.o
    0x08002bec   0x00000060   Code   RO         3479    i.LCD_DrawLine      stm3210c_eval_lcd.o
    0x08002c4c   0x00000042   Code   RO         3481    i.LCD_DrawRect      stm3210c_eval_lcd.o
    0x08002c8e   0x00000002   PAD
    0x08002c90   0x0000008c   Code   RO         3484    i.LCD_SPIConfig     stm3210c_eval_lcd.o
    0x08002d1c   0x0000000c   Code   RO         3485    i.LCD_SetBackColor  stm3210c_eval_lcd.o
    0x08002d28   0x00000018   Code   RO         3486    i.LCD_SetCursor     stm3210c_eval_lcd.o
    0x08002d40   0x0000000c   Code   RO         3488    i.LCD_SetTextColor  stm3210c_eval_lcd.o
    0x08002d4c   0x00000206   Code   RO         3489    i.LCD_Setup         stm3210c_eval_lcd.o
    0x08002f52   0x00000002   PAD
    0x08002f54   0x00000034   Code   RO         3491    i.LCD_WriteRAM      stm3210c_eval_lcd.o
    0x08002f88   0x00000020   Code   RO         3492    i.LCD_WriteRAMWord  stm3210c_eval_lcd.o
    0x08002fa8   0x00000012   Code   RO         3493    i.LCD_WriteRAM_Prepare  stm3210c_eval_lcd.o
    0x08002fba   0x00000002   PAD
    0x08002fbc   0x00000050   Code   RO         3494    i.LCD_WriteReg      stm3210c_eval_lcd.o
    0x0800300c   0x0000004c   Code   RO         3495    i.LCD_WriteRegIndex  stm3210c_eval_lcd.o
    0x08003058   0x00000030   Code   RO         3496    i.LCD_nCS_StartByte  stm3210c_eval_lcd.o
    0x08003088   0x0000015c   Code   RO          287    i.LwIP_Init         netconf.o
    0x080031e4   0x00000054   Code   RO          288    i.LwIP_Periodic_Handle  netconf.o
    0x08003238   0x0000000c   Code   RO          289    i.LwIP_Pkt_Handle   netconf.o
    0x08003244   0x00000002   Code   RO            6    i.MemManage_Handler  stm32f10x_it.o
    0x08003246   0x00000002   Code   RO            7    i.NMI_Handler       stm32f10x_it.o
    0x08003248   0x00000034   Code   RO          245    i.NVIC_Configuration  stm32f107.o
    0x0800327c   0x0000005c   Code   RO         1649    i.NVIC_Init         misc.o
    0x080032d8   0x00000014   Code   RO         1650    i.NVIC_PriorityGroupConfig  misc.o
    0x080032ec   0x00000020   Code   RO          246    i.NVIC_SetPriority  stm32f107.o
    0x0800330c   0x00000014   Code   RO         1651    i.NVIC_SetVectorTable  misc.o
    0x08003320   0x00000002   Code   RO            8    i.PendSV_Handler    stm32f10x_it.o
    0x08003322   0x00000002   PAD
    0x08003324   0x00000018   Code   RO         1054    i.RCC_AHBPeriphClockCmd  stm32f10x_rcc.o
    0x0800333c   0x00000018   Code   RO         1055    i.RCC_AHBPeriphResetCmd  stm32f10x_rcc.o
    0x08003354   0x00000018   Code   RO         1056    i.RCC_APB1PeriphClockCmd  stm32f10x_rcc.o
    0x0800336c   0x00000018   Code   RO         1057    i.RCC_APB1PeriphResetCmd  stm32f10x_rcc.o
    0x08003384   0x00000018   Code   RO         1058    i.RCC_APB2PeriphClockCmd  stm32f10x_rcc.o
    0x0800339c   0x00000018   Code   RO         1059    i.RCC_APB2PeriphResetCmd  stm32f10x_rcc.o
    0x080033b4   0x000000cc   Code   RO         1066    i.RCC_GetClocksFreq  stm32f10x_rcc.o
    0x08003480   0x00000030   Code   RO         1067    i.RCC_GetFlagStatus  stm32f10x_rcc.o
    0x080034b0   0x0000000c   Code   RO         1078    i.RCC_MCOConfig     stm32f10x_rcc.o
    0x080034bc   0x0000000c   Code   RO         1084    i.RCC_PLL3Cmd       stm32f10x_rcc.o
    0x080034c8   0x00000014   Code   RO         1085    i.RCC_PLL3Config    stm32f10x_rcc.o
    0x080034dc   0x00000014   Code   RO         1312    i.SPI_Cmd           stm32f10x_spi.o
    0x080034f0   0x000000a4   Code   RO         5943    i.SPI_Config        sd_stm32.o
    0x08003594   0x00000054   Code   RO         1319    i.SPI_I2S_DeInit    stm32f10x_spi.o
    0x080035e8   0x0000000e   Code   RO         1320    i.SPI_I2S_GetFlagStatus  stm32f10x_spi.o
    0x080035f6   0x00000004   Code   RO         1323    i.SPI_I2S_ReceiveData  stm32f10x_spi.o
    0x080035fa   0x00000004   Code   RO         1324    i.SPI_I2S_SendData  stm32f10x_spi.o
    0x080035fe   0x00000038   Code   RO         1325    i.SPI_Init          stm32f10x_spi.o
    0x08003636   0x00000004   Code   RO         3497    i.STM3210C_LCD_Init  stm3210c_eval_lcd.o
    0x0800363a   0x00000002   PAD
    0x0800363c   0x00000040   Code   RO         3418    i.STM_EVAL_LEDInit  stm32_eval.o
    0x0800367c   0x00000018   Code   RO         3419    i.STM_EVAL_LEDOff   stm32_eval.o
    0x08003694   0x00000018   Code   RO         3420    i.STM_EVAL_LEDOn    stm32_eval.o
    0x080036ac   0x0000001c   Code   RO         3421    i.STM_EVAL_LEDToggle  stm32_eval.o
    0x080036c8   0x00000018   Code   RO         3422    i.STM_EVAL_PBGetState  stm32_eval.o
    0x080036e0   0x000000a4   Code   RO         3423    i.STM_EVAL_PBInit   stm32_eval.o
    0x08003784   0x00000002   Code   RO            9    i.SVC_Handler       stm32f10x_it.o
    0x08003786   0x00000002   PAD
    0x08003788   0x000000bc   Code   RO         5993    i.SetSysClockTo72   system_stm32f10x.o
    0x08003844   0x00000028   Code   RO         3657    i.Set_MAC_Address   ethernetif.o
    0x0800386c   0x00000004   Code   RO           10    i.SysTick_Handler   stm32f10x_it.o
    0x08003870   0x0000004c   Code   RO         5994    i.SystemInit        system_stm32f10x.o
    0x080038bc   0x00000018   Code   RO          147    i.System_Periodic_Handle  main.o
    0x080038d4   0x00000144   Code   RO          247    i.System_Setup      stm32f107.o
    0x08003a18   0x00000010   Code   RO          148    i.Time_Update       main.o
    0x08003a28   0x00000006   Code   RO          771    i.USART_ClearFlag   stm32f10x_usart.o
    0x08003a2e   0x00000014   Code   RO          775    i.USART_Cmd         stm32f10x_usart.o
    0x08003a42   0x0000000e   Code   RO          778    i.USART_GetFlagStatus  stm32f10x_usart.o
    0x08003a50   0x0000008c   Code   RO          782    i.USART_Init        stm32f10x_usart.o
    0x08003adc   0x00000008   Code   RO          790    i.USART_SendData    stm32f10x_usart.o
    0x08003ae4   0x00000002   Code   RO           11    i.UsageFault_Handler  stm32f10x_it.o
    0x08003ae6   0x00000002   PAD
    0x08003ae8   0x00000094   Code   RO         6056    i.bsp_InitUart      bsp_usart.o
    0x08003b7c   0x00000054   Code   RO          706    i.client_init       client.o
    0x08003bd0   0x0000002c   Code   RO          388    i.close_conn        httpd.o
    0x08003bfc   0x00000004   Code   RO          389    i.conn_err          httpd.o
    0x08003c00   0x00000014   Code   RO         3269    i.delay             stm3210c_eval_ioe.o
    0x08003c14   0x00000014   Code   RO         3498    i.delay             stm3210c_eval_lcd.o
    0x08003c28   0x0000001e   Code   RO         4150    i.dhcp_arp_reply    dhcp.o
    0x08003c46   0x00000002   PAD
    0x08003c48   0x000000d8   Code   RO         4151    i.dhcp_bind         dhcp.o
    0x08003d20   0x00000026   Code   RO         4152    i.dhcp_check        dhcp.o
    0x08003d46   0x00000002   PAD
    0x08003d48   0x00000060   Code   RO         4153    i.dhcp_coarse_tmr   dhcp.o
    0x08003da8   0x00000100   Code   RO         4154    i.dhcp_create_request  dhcp.o
    0x08003ea8   0x00000088   Code   RO         4155    i.dhcp_decline      dhcp.o
    0x08003f30   0x0000001c   Code   RO         4156    i.dhcp_delete_request  dhcp.o
    0x08003f4c   0x000000d0   Code   RO         4157    i.dhcp_discover     dhcp.o
    0x0800401c   0x00000034   Code   RO         4158    i.dhcp_fine_tmr     dhcp.o
    0x08004050   0x00000020   Code   RO         4159    i.dhcp_free_reply   dhcp.o
    0x08004070   0x00000016   Code   RO         4160    i.dhcp_get_option_long  dhcp.o
    0x08004086   0x00000080   Code   RO         4161    i.dhcp_get_option_ptr  dhcp.o
    0x08004106   0x000000dc   Code   RO         4162    i.dhcp_handle_ack   dhcp.o
    0x080041e2   0x00000020   Code   RO         4164    i.dhcp_option       dhcp.o
    0x08004202   0x00000010   Code   RO         4165    i.dhcp_option_byte  dhcp.o
    0x08004212   0x00000042   Code   RO         4166    i.dhcp_option_long  dhcp.o
    0x08004254   0x00000022   Code   RO         4167    i.dhcp_option_short  dhcp.o
    0x08004276   0x00000030   Code   RO         4168    i.dhcp_option_trailer  dhcp.o
    0x080042a6   0x00000002   PAD
    0x080042a8   0x000000a0   Code   RO         4169    i.dhcp_rebind       dhcp.o
    0x08004348   0x00000124   Code   RO         4170    i.dhcp_recv         dhcp.o
    0x0800446c   0x000000c0   Code   RO         4171    i.dhcp_release      dhcp.o
    0x0800452c   0x0000009a   Code   RO         4172    i.dhcp_renew        dhcp.o
    0x080045c6   0x00000002   PAD
    0x080045c8   0x000000fc   Code   RO         4173    i.dhcp_select       dhcp.o
    0x080046c4   0x0000000e   Code   RO         4174    i.dhcp_set_state    dhcp.o
    0x080046d2   0x00000002   PAD
    0x080046d4   0x000000a4   Code   RO         4175    i.dhcp_start        dhcp.o
    0x08004778   0x0000003e   Code   RO         4176    i.dhcp_stop         dhcp.o
    0x080047b6   0x00000074   Code   RO         4177    i.dhcp_timeout      dhcp.o
    0x0800482a   0x00000070   Code   RO         4178    i.dhcp_unfold_reply  dhcp.o
    0x0800489a   0x00000066   Code   RO         4972    i.dir_addCluster    dir.o
    0x08004900   0x00000026   Code   RO         4973    i.dir_createDefaultEntry  dir.o
    0x08004926   0x00000030   Code   RO         4974    i.dir_createDirectoryEntry  dir.o
    0x08004956   0x00000058   Code   RO         4975    i.dir_findFileinBuf  dir.o
    0x080049ae   0x00000040   Code   RO         4976    i.dir_findFreeEntryinBuf  dir.o
    0x080049ee   0x00000020   Code   RO         4977    i.dir_findinBuf     dir.o
    0x08004a0e   0x0000006a   Code   RO         4978    i.dir_findinCluster  dir.o
    0x08004a78   0x0000005a   Code   RO         4979    i.dir_findinDir     dir.o
    0x08004ad2   0x0000006e   Code   RO         4980    i.dir_findinRootArea  dir.o
    0x08004b40   0x00000046   Code   RO         4981    i.dir_getFatFileName  dir.o
    0x08004b86   0x00000030   Code   RO         4982    i.dir_getFileStructure  dir.o
    0x08004bb6   0x00000026   Code   RO         4983    i.dir_setFileSize   dir.o
    0x08004bdc   0x00000030   Code   RO         4984    i.dir_setFirstCluster  dir.o
    0x08004c0c   0x00000032   Code   RO         4985    i.dir_updateDirectoryEntry  dir.o
    0x08004c3e   0x0000000a   Code   RO         5068    i.disc_initDisc     disc.o
    0x08004c48   0x0000003c   Code   RO         5069    i.disc_loadMBR      disc.o
    0x08004c84   0x00000068   Code   RO         5089    i.efs_init          efs.o
    0x08004cec   0x000000d4   Code   RO         4886    i.etharp_arp_input  etharp.o
    0x08004dc0   0x00000028   Code   RO         4888    i.etharp_ip_input   etharp.o
    0x08004de8   0x000000b8   Code   RO         4889    i.etharp_output     etharp.o
    0x08004ea0   0x00000104   Code   RO         4890    i.etharp_query      etharp.o
    0x08004fa4   0x0000009e   Code   RO         4891    i.etharp_raw        etharp.o
    0x08005042   0x00000002   PAD
    0x08005044   0x00000028   Code   RO         4892    i.etharp_request    etharp.o
    0x0800506c   0x00000036   Code   RO         4893    i.etharp_send_ip    etharp.o
    0x080050a2   0x00000002   PAD
    0x080050a4   0x00000054   Code   RO         4894    i.etharp_tmr        etharp.o
    0x080050f8   0x00000054   Code   RO         4895    i.ethernet_input    etharp.o
    0x0800514c   0x00000040   Code   RO         3658    i.ethernetif_init   ethernetif.o
    0x0800518c   0x00000074   Code   RO         3659    i.ethernetif_input  ethernetif.o
    0x08005200   0x0000003c   Code   RO         5104    i.ex_getPartitionField  extract.o
    0x0800523c   0x0000000e   Code   RO         5105    i.ex_getb16         extract.o
    0x0800524a   0x00000018   Code   RO         5106    i.ex_getb32         extract.o
    0x08005262   0x00000038   Code   RO         5146    i.fat_DiscToLogicCluster  fat.o
    0x0800529a   0x00000052   Code   RO         5147    i.fat_LogicToDiscCluster  fat.o
    0x080052ec   0x0000011e   Code   RO         5148    i.fat_allocClusterChain  fat.o
    0x0800540a   0x00000030   Code   RO         5149    i.fat_countClustersInChain  fat.o
    0x0800543a   0x0000009c   Code   RO         5151    i.fat_getNextClusterAddress  fat.o
    0x080054d6   0x00000078   Code   RO         5152    i.fat_getNextClusterAddressWBuf  fat.o
    0x0800554e   0x00000096   Code   RO         5153    i.fat_getNextClusterChain  fat.o
    0x080055e4   0x00000030   Code   RO         5154    i.fat_getSectorAddressFatEntry  fat.o
    0x08005614   0x00000026   Code   RO         5155    i.fat_giveEocMarker  fat.o
    0x0800563a   0x00000002   PAD
    0x0800563c   0x00000038   Code   RO         5156    i.fat_isEocMarker   fat.o
    0x08005674   0x000000e4   Code   RO         5157    i.fat_setNextClusterAddress  fat.o
    0x08005758   0x000000c0   Code   RO         5158    i.fat_setNextClusterAddressWBuf  fat.o
    0x08005818   0x00000064   Code   RO         5238    i.file_fclose       file.o
    0x0800587c   0x0000019e   Code   RO         5239    i.file_fopen        file.o
    0x08005a1a   0x000000c8   Code   RO         5240    i.file_fread        file.o
    0x08005ae2   0x00000108   Code   RO         5241    i.file_fwrite       file.o
    0x08005bea   0x0000002c   Code   RO         5243    i.file_initFile     file.o
    0x08005c16   0x00000088   Code   RO         5244    i.file_normalToFatName  file.o
    0x08005c9e   0x0000001a   Code   RO         5245    i.file_read         file.o
    0x08005cb8   0x00000054   Code   RO         5246    i.file_requiredCluster  file.o
    0x08005d0c   0x00000016   Code   RO         5247    i.file_setAttr      file.o
    0x08005d22   0x00000012   Code   RO         5248    i.file_setpos       file.o
    0x08005d34   0x0000003e   Code   RO         5249    i.file_validateChar  file.o
    0x08005d72   0x0000001a   Code   RO         5250    i.file_write        file.o
    0x08005d8c   0x0000012c   Code   RO         4896    i.find_entry        etharp.o
    0x08005eb8   0x00000024   Code   RO         6039    i.fputc             bsp_printf.o
    0x08005edc   0x0000001e   Code   RO         4897    i.free_etharp_q     etharp.o
    0x08005efa   0x00000042   Code   RO         5320    i.fs_clearCluster   fs.o
    0x08005f3c   0x00000024   Code   RO         5321    i.fs_clusterToSector  fs.o
    0x08005f60   0x0000004c   Code   RO         5322    i.fs_countDataSectors  fs.o
    0x08005fac   0x0000002a   Code   RO         5323    i.fs_determineFatType  fs.o
    0x08005fd6   0x000000ba   Code   RO         5324    i.fs_findFile       fs.o
    0x08006090   0x00000024   Code   RO         5325    i.fs_findFirstSectorRootDir  fs.o
    0x080060b4   0x0000005e   Code   RO         5326    i.fs_findFreeFile   fs.o
    0x08006112   0x0000000a   Code   RO         5327    i.fs_flushFs        fs.o
    0x0800611c   0x00000010   Code   RO         5328    i.fs_getFirstClusterRootDir  fs.o
    0x0800612c   0x00000038   Code   RO         5330    i.fs_getLastCluster  fs.o
    0x08006164   0x00000024   Code   RO         5331    i.fs_getNextFreeCluster  fs.o
    0x08006188   0x00000004   Code   RO         5332    i.fs_giveFreeClusterHint  fs.o
    0x0800618c   0x00000004   Code   RO         5822    i.fs_hasTimeSupport  time.o
    0x08006190   0x00000010   Code   RO         5333    i.fs_initClusterChain  fs.o
    0x080061a0   0x0000004a   Code   RO         5335    i.fs_initFs         fs.o
    0x080061ea   0x0000002e   Code   RO         5336    i.fs_isValidFat     fs.o
    0x08006218   0x00000074   Code   RO         5337    i.fs_loadVolumeId   fs.o
    0x0800628c   0x00000030   Code   RO          390    i.fs_open           httpd.o
    0x080062bc   0x00000008   Code   RO         5339    i.fs_setFirstClusterInDirEntry  fs.o
    0x080062c4   0x00000004   Code   RO         5341    i.fs_umount         fs.o
    0x080062c8   0x00000088   Code   RO         5342    i.fs_verifySanity   fs.o
    0x08006350   0x00000004   Code   RO         4688    i.htonl             inet.o
    0x08006354   0x00000004   Code   RO         4689    i.htons             inet.o
    0x08006358   0x0000004c   Code   RO          391    i.http_accept       httpd.o
    0x080063a4   0x00000018   Code   RO          392    i.http_poll         httpd.o
    0x080063bc   0x00000218   Code   RO          393    i.http_recv         httpd.o
    0x080065d4   0x0000001a   Code   RO          394    i.http_sent         httpd.o
    0x080065ee   0x00000002   PAD
    0x080065f0   0x0000002c   Code   RO          395    i.httpd_init        httpd.o
    0x0800661c   0x00000008   Code   RO         4653    i.icmp_dest_unreach  icmp.o
    0x08006624   0x00000112   Code   RO         4654    i.icmp_input        icmp.o
    0x08006736   0x00000066   Code   RO         4655    i.icmp_send_response  icmp.o
    0x0800679c   0x00000008   Code   RO         4656    i.icmp_time_exceeded  icmp.o
    0x080067a4   0x00000042   Code   RO         5944    i.if_initInterface  sd_stm32.o
    0x080067e6   0x00000008   Code   RO         5945    i.if_readBuf        sd_stm32.o
    0x080067ee   0x00000002   PAD
    0x080067f0   0x00000040   Code   RO         5947    i.if_spiInit        sd_stm32.o
    0x08006830   0x00000040   Code   RO         5948    i.if_spiSend        sd_stm32.o
    0x08006870   0x00000004   Code   RO         5949    i.if_writeBuf       sd_stm32.o
    0x08006874   0x0000000c   Code   RO         4736    i.inet_chksum       inet_chksum.o
    0x08006880   0x00000048   Code   RO         4737    i.inet_chksum_pbuf  inet_chksum.o
    0x080068c8   0x0000001a   Code   RO         5460    i.ioman_decUseCnt   ioman.o
    0x080068e2   0x00000062   Code   RO         5461    i.ioman_directSectorRead  ioman.o
    0x08006944   0x00000094   Code   RO         5462    i.ioman_directSectorWrite  ioman.o
    0x080069d8   0x00000028   Code   RO         5463    i.ioman_findFreeSpot  ioman.o
    0x08006a00   0x00000070   Code   RO         5464    i.ioman_findOverallocableSpot  ioman.o
    0x08006a70   0x00000034   Code   RO         5465    i.ioman_findSectorInCache  ioman.o
    0x08006aa4   0x0000007c   Code   RO         5466    i.ioman_findUnusedSpot  ioman.o
    0x08006b20   0x00000062   Code   RO         5468    i.ioman_flushRange  ioman.o
    0x08006b82   0x0000005a   Code   RO         5469    i.ioman_flushSector  ioman.o
    0x08006bdc   0x0000001a   Code   RO         5470    i.ioman_getAttr     ioman.o
    0x08006bf6   0x00000028   Code   RO         5471    i.ioman_getBp       ioman.o
    0x08006c1e   0x00000016   Code   RO         5473    i.ioman_getPtr      ioman.o
    0x08006c34   0x00000014   Code   RO         5474    i.ioman_getRefCnt   ioman.o
    0x08006c48   0x00000102   Code   RO         5475    i.ioman_getSector   ioman.o
    0x08006d4a   0x00000014   Code   RO         5476    i.ioman_getUseCnt   ioman.o
    0x08006d5e   0x0000001a   Code   RO         5477    i.ioman_incRefCnt   ioman.o
    0x08006d78   0x0000001a   Code   RO         5478    i.ioman_incUseCnt   ioman.o
    0x08006d92   0x00000018   Code   RO         5479    i.ioman_init        ioman.o
    0x08006daa   0x00000046   Code   RO         5480    i.ioman_pop         ioman.o
    0x08006df0   0x00000046   Code   RO         5482    i.ioman_push        ioman.o
    0x08006e36   0x00000046   Code   RO         5483    i.ioman_putSectorInCache  ioman.o
    0x08006e7c   0x0000001c   Code   RO         5484    i.ioman_readSector  ioman.o
    0x08006e98   0x00000050   Code   RO         5485    i.ioman_releaseSector  ioman.o
    0x08006ee8   0x0000005e   Code   RO         5486    i.ioman_reset       ioman.o
    0x08006f46   0x0000001e   Code   RO         5487    i.ioman_resetCacheItem  ioman.o
    0x08006f64   0x00000022   Code   RO         5490    i.ioman_setAttr     ioman.o
    0x08006f86   0x00000020   Code   RO         5491    i.ioman_writeSector  ioman.o
    0x08006fa6   0x00000030   Code   RO         4816    i.ip_addr_isbroadcast  ip_addr.o
    0x08006fd6   0x00000002   PAD
    0x08006fd8   0x0000012c   Code   RO         4839    i.ip_frag           ip_frag.o
    0x08007104   0x00000190   Code   RO         4774    i.ip_input          ip.o
    0x08007294   0x00000036   Code   RO         4775    i.ip_output         ip.o
    0x080072ca   0x00000002   PAD
    0x080072cc   0x000000c8   Code   RO         4776    i.ip_output_if      ip.o
    0x08007394   0x000001b0   Code   RO         4840    i.ip_reass          ip_frag.o
    0x08007544   0x000000ec   Code   RO         4841    i.ip_reass_chain_frag_into_datagram_and_validate  ip_frag.o
    0x08007630   0x00000024   Code   RO         4842    i.ip_reass_dequeue_datagram  ip_frag.o
    0x08007654   0x00000070   Code   RO         4843    i.ip_reass_free_complete_datagram  ip_frag.o
    0x080076c4   0x00000068   Code   RO         4844    i.ip_reass_remove_oldest_datagram  ip_frag.o
    0x0800772c   0x00000048   Code   RO         4777    i.ip_route          ip.o
    0x08007774   0x00000088   Code   RO         3660    i.low_level_init    ethernetif.o
    0x080077fc   0x0000002c   Code   RO         3661    i.low_level_output  ethernetif.o
    0x08007828   0x00000040   Code   RO         5660    i.ls_openDir        ls.o
    0x08007868   0x0000003a   Code   RO         4739    i.lwip_standard_chksum  inet_chksum.o
    0x080078a2   0x00000002   PAD
    0x080078a4   0x00000030   Code   RO          149    i.main              main.o
    0x080078d4   0x00000012   Code   RO         5786    i.memClr            plibc.o
    0x080078e6   0x00000018   Code   RO         5787    i.memCpy            plibc.o
    0x080078fe   0x0000001a   Code   RO         4346    i.mem_calloc        mem.o
    0x08007918   0x0000002c   Code   RO         4347    i.mem_free          mem.o
    0x08007944   0x00000034   Code   RO         4348    i.mem_init          mem.o
    0x08007978   0x000000a4   Code   RO         4349    i.mem_malloc        mem.o
    0x08007a1c   0x000000bc   Code   RO         4350    i.mem_realloc       mem.o
    0x08007ad8   0x00000018   Code   RO         4390    i.memp_free         memp.o
    0x08007af0   0x00000058   Code   RO         4391    i.memp_init         memp.o
    0x08007b48   0x00000020   Code   RO         4392    i.memp_malloc       memp.o
    0x08007b68   0x0000004c   Code   RO         4432    i.netif_add         netif.o
    0x08007bb4   0x0000000a   Code   RO         4434    i.netif_is_up       netif.o
    0x08007bbe   0x00000020   Code   RO         4436    i.netif_set_addr    netif.o
    0x08007bde   0x00000002   PAD
    0x08007be0   0x0000000c   Code   RO         4437    i.netif_set_default  netif.o
    0x08007bec   0x00000012   Code   RO         4438    i.netif_set_down    netif.o
    0x08007bfe   0x00000008   Code   RO         4439    i.netif_set_gw      netif.o
    0x08007c06   0x00000002   PAD
    0x08007c08   0x00000064   Code   RO         4440    i.netif_set_ipaddr  netif.o
    0x08007c6c   0x00000008   Code   RO         4441    i.netif_set_netmask  netif.o
    0x08007c74   0x0000001c   Code   RO         4442    i.netif_set_up      netif.o
    0x08007c90   0x00000004   Code   RO         4693    i.ntohl             inet.o
    0x08007c94   0x00000004   Code   RO         4694    i.ntohs             inet.o
    0x08007c98   0x0000001a   Code   RO         5718    i.part_directSectorRead  partition.o
    0x08007cb2   0x0000001a   Code   RO         5719    i.part_directSectorWrite  partition.o
    0x08007ccc   0x00000026   Code   RO         5720    i.part_flushPart    partition.o
    0x08007cf2   0x00000012   Code   RO         5721    i.part_getRealLBA   partition.o
    0x08007d04   0x0000001a   Code   RO         5722    i.part_getSect      partition.o
    0x08007d1e   0x00000028   Code   RO         5723    i.part_initPartition  partition.o
    0x08007d46   0x00000020   Code   RO         5724    i.part_isFatPart    partition.o
    0x08007d66   0x00000008   Code   RO         5726    i.part_relSect      partition.o
    0x08007d6e   0x00000114   Code   RO         4507    i.pbuf_alloc        pbuf.o
    0x08007e82   0x00000028   Code   RO         4508    i.pbuf_cat          pbuf.o
    0x08007eaa   0x00000012   Code   RO         4509    i.pbuf_chain        pbuf.o
    0x08007ebc   0x00000012   Code   RO         4510    i.pbuf_clen         pbuf.o
    0x08007ece   0x00000090   Code   RO         4512    i.pbuf_copy         pbuf.o
    0x08007f5e   0x00000068   Code   RO         4513    i.pbuf_copy_partial  pbuf.o
    0x08007fc6   0x00000044   Code   RO         4515    i.pbuf_free         pbuf.o
    0x0800800a   0x00000060   Code   RO         4516    i.pbuf_header       pbuf.o
    0x0800806a   0x00000050   Code   RO         4517    i.pbuf_realloc      pbuf.o
    0x080080ba   0x0000000c   Code   RO         4518    i.pbuf_ref          pbuf.o
    0x080080c6   0x00000002   PAD
    0x080080c8   0x00000054   Code   RO         4351    i.plug_holes        mem.o
    0x0800811c   0x000000c4   Code   RO          461    i.process_tftp_request  tftpserver.o
    0x080081e0   0x00000068   Code   RO         4593    i.raw_input         raw.o
    0x08008248   0x00000018   Code   RO          462    i.recv_callback_tftp  tftpserver.o
    0x08008260   0x00000054   Code   RO          463    i.rrq_recv_callback  tftpserver.o
    0x080082b4   0x00000050   Code   RO         5873    i.sd_Command        sd.o
    0x08008304   0x00000068   Code   RO         5874    i.sd_Init           sd.o
    0x0800836c   0x00000016   Code   RO         5875    i.sd_Resp16b        sd.o
    0x08008382   0x0000001c   Code   RO         5876    i.sd_Resp8b         sd.o
    0x0800839e   0x00000026   Code   RO         5878    i.sd_State          sd.o
    0x080083c4   0x0000008e   Code   RO         5879    i.sd_getDriveSize   sd.o
    0x08008452   0x00000074   Code   RO         5880    i.sd_readSector     sd.o
    0x080084c6   0x00000064   Code   RO         5881    i.sd_writeSector    sd.o
    0x0800852a   0x0000002c   Code   RO          396    i.send_data         httpd.o
    0x08008556   0x00000002   PAD
    0x08008558   0x00000028   Code   RO          742    i.server_init       server.o
    0x08008580   0x0000001e   Code   RO         5789    i.strMatch          plibc.o
    0x0800859e   0x00000002   PAD
    0x080085a0   0x00000094   Code   RO         3779    i.tcp_abandon       tcp.o
    0x08008634   0x00000004   Code   RO         3780    i.tcp_accept        tcp.o
    0x08008638   0x00000006   Code   RO         3781    i.tcp_accept_null   tcp.o
    0x0800863e   0x00000002   PAD
    0x08008640   0x000000f8   Code   RO         3782    i.tcp_alloc         tcp.o
    0x08008738   0x00000004   Code   RO         3783    i.tcp_arg           tcp.o
    0x0800873c   0x000000bc   Code   RO         3784    i.tcp_bind          tcp.o
    0x080087f8   0x00000080   Code   RO          707    i.tcp_client_connected  client.o
    0x08008878   0x000000a0   Code   RO         3785    i.tcp_close         tcp.o
    0x08008918   0x000000bc   Code   RO         3786    i.tcp_connect       tcp.o
    0x080089d4   0x0000001e   Code   RO         3787    i.tcp_eff_send_mss  tcp.o
    0x080089f2   0x000002f2   Code   RO         4001    i.tcp_enqueue       tcp_out.o
    0x08008ce4   0x00000006   Code   RO         3788    i.tcp_err           tcp.o
    0x08008cea   0x00000002   PAD
    0x08008cec   0x00000058   Code   RO         3789    i.tcp_fasttmr       tcp.o
    0x08008d44   0x00000334   Code   RO         3955    i.tcp_input         tcp_in.o
    0x08009078   0x00000046   Code   RO         4002    i.tcp_keepalive     tcp_out.o
    0x080090be   0x00000002   PAD
    0x080090c0   0x00000020   Code   RO          708    i.tcp_led_control   client.o
    0x080090e0   0x000000e4   Code   RO         3956    i.tcp_listen_input  tcp_in.o
    0x080091c4   0x00000084   Code   RO         3790    i.tcp_listen_with_backlog  tcp.o
    0x08009248   0x00000006   Code   RO         3791    i.tcp_new           tcp.o
    0x0800924e   0x00000002   PAD
    0x08009250   0x00000060   Code   RO         3792    i.tcp_new_port      tcp.o
    0x080092b0   0x00000010   Code   RO         3793    i.tcp_next_iss      tcp.o
    0x080092c0   0x00000218   Code   RO         4003    i.tcp_output        tcp_out.o
    0x080094d8   0x000000b4   Code   RO         4004    i.tcp_output_segment  tcp_out.o
    0x0800958c   0x00000078   Code   RO         4005    i.tcp_output_set_header  tcp_out.o
    0x08009604   0x00000080   Code   RO         3957    i.tcp_parseopt      tcp_in.o
    0x08009684   0x00000030   Code   RO         3794    i.tcp_pcb_purge     tcp.o
    0x080096b4   0x00000060   Code   RO         3795    i.tcp_pcb_remove    tcp.o
    0x08009714   0x0000000a   Code   RO         3796    i.tcp_poll          tcp.o
    0x0800971e   0x00000002   PAD
    0x08009720   0x00000350   Code   RO         3958    i.tcp_process       tcp_in.o
    0x08009a70   0x0000046c   Code   RO         3959    i.tcp_receive       tcp_in.o
    0x08009edc   0x00000006   Code   RO         3797    i.tcp_recv          tcp.o
    0x08009ee2   0x0000001c   Code   RO         3798    i.tcp_recv_null     tcp.o
    0x08009efe   0x0000003c   Code   RO         3799    i.tcp_recved        tcp.o
    0x08009f3a   0x00000054   Code   RO         4006    i.tcp_rexmit        tcp_out.o
    0x08009f8e   0x0000002e   Code   RO         4007    i.tcp_rexmit_rto    tcp_out.o
    0x08009fbc   0x0000009a   Code   RO         4008    i.tcp_rst           tcp_out.o
    0x0800a056   0x00000020   Code   RO         3800    i.tcp_seg_free      tcp.o
    0x0800a076   0x0000001a   Code   RO         3801    i.tcp_segs_free     tcp.o
    0x0800a090   0x00000016   Code   RO         4009    i.tcp_send_ctrl     tcp_out.o
    0x0800a0a6   0x00000006   Code   RO         3802    i.tcp_sent          tcp.o
    0x0800a0ac   0x00000014   Code   RO          743    i.tcp_server_accept  server.o
    0x0800a0c0   0x00000034   Code   RO          744    i.tcp_server_recv   server.o
    0x0800a0f4   0x0000020c   Code   RO         3804    i.tcp_slowtmr       tcp.o
    0x0800a300   0x00000020   Code   RO         3805    i.tcp_tmr           tcp.o
    0x0800a320   0x0000002c   Code   RO         3806    i.tcp_update_rcv_ann_wnd  tcp.o
    0x0800a34c   0x00000032   Code   RO         4010    i.tcp_write         tcp_out.o
    0x0800a37e   0x00000052   Code   RO         4011    i.tcp_zero_window_probe  tcp_out.o
    0x0800a3d0   0x00000044   Code   RO          464    i.tftp_cleanup_rd   tftpserver.o
    0x0800a414   0x00000044   Code   RO          465    i.tftp_cleanup_wr   tftpserver.o
    0x0800a458   0x00000030   Code   RO          466    i.tftp_construct_error_message  tftpserver.o
    0x0800a488   0x00000004   Code   RO          629    i.tftp_decode_op    tftputils.o
    0x0800a48c   0x00000006   Code   RO          630    i.tftp_extract_block  tftputils.o
    0x0800a492   0x00000006   Code   RO          631    i.tftp_extract_filename  tftputils.o
    0x0800a498   0x0000001a   Code   RO          632    i.tftp_is_correct_ack  tftputils.o
    0x0800a4b2   0x00000002   PAD
    0x0800a4b4   0x0000007c   Code   RO          467    i.tftp_process_read  tftpserver.o
    0x0800a530   0x0000007c   Code   RO          468    i.tftp_process_write  tftpserver.o
    0x0800a5ac   0x00000030   Code   RO          469    i.tftp_send_ack_packet  tftpserver.o
    0x0800a5dc   0x00000046   Code   RO          470    i.tftp_send_data_packet  tftpserver.o
    0x0800a622   0x00000028   Code   RO          471    i.tftp_send_error_message  tftpserver.o
    0x0800a64a   0x00000046   Code   RO          472    i.tftp_send_message  tftpserver.o
    0x0800a690   0x00000038   Code   RO          473    i.tftp_send_next_block  tftpserver.o
    0x0800a6c8   0x0000000e   Code   RO          633    i.tftp_set_block    tftputils.o
    0x0800a6d6   0x00000006   Code   RO          634    i.tftp_set_data_message  tftputils.o
    0x0800a6dc   0x00000008   Code   RO          635    i.tftp_set_errorcode  tftputils.o
    0x0800a6e4   0x00000006   Code   RO          636    i.tftp_set_errormsg  tftputils.o
    0x0800a6ea   0x00000008   Code   RO          637    i.tftp_set_opcode   tftputils.o
    0x0800a6f2   0x00000002   PAD
    0x0800a6f4   0x00000038   Code   RO          474    i.tftpd_init        tftpserver.o
    0x0800a72c   0x0000005c   Code   RO         4071    i.udp_bind          udp.o
    0x0800a788   0x000000a8   Code   RO          709    i.udp_client_callback  client.o
    0x0800a830   0x0000004c   Code   RO         4072    i.udp_connect       udp.o
    0x0800a87c   0x00000018   Code   RO         4073    i.udp_disconnect    udp.o
    0x0800a894   0x00000160   Code   RO         4074    i.udp_input         udp.o
    0x0800a9f4   0x0000001a   Code   RO         4075    i.udp_new           udp.o
    0x0800aa0e   0x00000006   Code   RO         4076    i.udp_recv          udp.o
    0x0800aa14   0x0000002c   Code   RO         4077    i.udp_remove        udp.o
    0x0800aa40   0x00000008   Code   RO         4078    i.udp_send          udp.o
    0x0800aa48   0x00000028   Code   RO         4079    i.udp_sendto        udp.o
    0x0800aa70   0x000000b2   Code   RO         4080    i.udp_sendto_if     udp.o
    0x0800ab22   0x00000002   PAD
    0x0800ab24   0x000000e4   Code   RO          745    i.udp_server_callback  server.o
    0x0800ac08   0x000000a8   Code   RO         4898    i.update_arp_entry  etharp.o
    0x0800acb0   0x000000b4   Code   RO          475    i.wrq_recv_callback  tftpserver.o
    0x0800ad64   0x0000000e   Code   RO         6358    x$fpl$fpinit        fz_ws.l(fpinit.o)
    0x0800ad72   0x00000a93   Data   RO          397    .constdata          httpd.o
    0x0800b805   0x00004a21   Data   RO          398    .constdata          httpd.o
    0x08010226   0x000017ea   Data   RO          399    .constdata          httpd.o
    0x08011a10   0x00000fb9   Data   RO          400    .constdata          httpd.o
    0x080129c9   0x00000003   PAD
    0x080129cc   0x00000010   Data   RO          401    .constdata          httpd.o
    0x080129dc   0x00000010   Data   RO          402    .constdata          httpd.o
    0x080129ec   0x00000010   Data   RO          403    .constdata          httpd.o
    0x080129fc   0x00000010   Data   RO          404    .constdata          httpd.o
    0x08012a0c   0x00000050   Data   RO         3424    .constdata          stm32_eval.o
    0x08012a5c   0x000011d0   Data   RO         3499    .constdata          stm3210c_eval_lcd.o
    0x08013c2c   0x00000014   Data   RO         3807    .constdata          tcp.o
    0x08013c40   0x00000024   Data   RO         4394    .constdata          memp.o
    0x08013c64   0x00000004   Data   RO         4817    .constdata          ip_addr.o
    0x08013c68   0x00000004   Data   RO         4818    .constdata          ip_addr.o
    0x08013c6c   0x0000000c   Data   RO         4900    .constdata          etharp.o
    0x08013c78   0x00000004   Data   RO         6168    .constdata          c_w.l(sys_io.o)
    0x08013c7c   0x00000004   Data   RO         6169    .constdata          c_w.l(sys_io.o)
    0x08013c80   0x00000004   Data   RO         6170    .constdata          c_w.l(sys_io.o)
    0x08013c84   0x0000000f   Data   RO          405    .conststring        httpd.o
    0x08013c93   0x0000001b   Data   RO          406    .conststring        httpd.o
    0x08013cae   0x00000010   Data   RO          407    .conststring        httpd.o
    0x08013cbe   0x00000013   Data   RO          408    .conststring        httpd.o
    0x08013cd1   0x00000013   Data   RO          409    .conststring        httpd.o
    0x08013ce4   0x0000007d   Data   RO          477    .conststring        tftpserver.o
    0x08013d61   0x00000003   PAD
    0x08013d64   0x00000020   Data   RO         6444    Region$$Table       anon$$obj.o


    Execution Region RW_IRAM1 (Base: 0x20000000, Size: 0x0000e2c8, Max: 0x00010000, ABSOLUTE, COMPRESSED[0x00000738])

    Base Addr    Size         Type   Attr      Idx    E Section Name        Object

    0x20000000   0x00000004   Data   RW           12    .data               stm32f10x_it.o
    0x20000004   0x00000008   Data   RW          150    .data               main.o
    0x2000000c   0x0000001c   Data   RW          291    .data               netconf.o
    0x20000028   0x000011f9   Data   RW          410    .data               httpd.o
    0x20001221   0x00000003   PAD
    0x20001224   0x00000010   Data   RW          411    .data               httpd.o
    0x20001234   0x00000024   Data   RW          478    .data               tftpserver.o
    0x20001258   0x00000004   Data   RW          710    .data               client.o
    0x2000125c   0x00000014   Data   RW         1094    .data               stm32f10x_rcc.o
    0x20001270   0x00000010   Data   RW         2738    .data               stm32_eth.o
    0x20001280   0x00000018   Data   RW         3270    .data               stm3210c_eval_ioe.o
    0x20001298   0x00000024   Data   RW         3425    .data               stm32_eval.o
    0x200012bc   0x00000004   Data   RW         3500    .data               stm3210c_eval_lcd.o
    0x200012c0   0x00000006   Data   RW         3666    .data               ethernetif.o
    0x200012c6   0x00000002   PAD
    0x200012c8   0x00000020   Data   RW         3808    .data               tcp.o
    0x200012e8   0x0000001c   Data   RW         3961    .data               tcp_in.o
    0x20001304   0x00000004   Data   RW         4081    .data               udp.o
    0x20001308   0x00000004   Data   RW         4179    .data               dhcp.o
    0x2000130c   0x00000010   Data   RW         4353    .data               mem.o
    0x2000131c   0x0000000c   Data   RW         4443    .data               netif.o
    0x20001328   0x00000004   Data   RW         4599    .data               raw.o
    0x2000132c   0x0000000c   Data   RW         4778    .data               ip.o
    0x20001338   0x00000008   Data   RW         4847    .data               ip_frag.o
    0x20001340   0x00000001   Data   RW         4901    .data               etharp.o
    0x20001341   0x00000003   PAD
    0x20001344   0x00000004   Data   RW         6136    .data               c_w.l(stdio_streams.o)
    0x20001348   0x00000004   Data   RW         6137    .data               c_w.l(stdio_streams.o)
    0x2000134c   0x00000004   Data   RW         6138    .data               c_w.l(stdio_streams.o)
    0x20001350   0x00000034   Zero   RW          290    .bss                netconf.o
    0x20001384   0x00000670   Zero   RW          476    .bss                tftpserver.o
    0x200019f4   0x00002400   Zero   RW         3662    .bss                ethernetif.o
    0x20003df4   0x00000014   Zero   RW         3960    .bss                tcp_in.o
    0x20003e08   0x00005014   Zero   RW         4352    .bss                mem.o
    0x20008e1c   0x000046af   Zero   RW         4393    .bss                memp.o
    0x2000d4cb   0x000005e0   Zero   RW         4846    .bss                ip_frag.o
    0x2000daab   0x00000001   PAD
    0x2000daac   0x000000c8   Zero   RW         4899    .bss                etharp.o
    0x2000db74   0x00000050   Zero   RW         6133    .bss                c_w.l(stdio_streams.o)
    0x2000dbc4   0x00000050   Zero   RW         6134    .bss                c_w.l(stdio_streams.o)
    0x2000dc14   0x00000050   Zero   RW         6135    .bss                c_w.l(stdio_streams.o)
    0x2000dc64   0x00000060   Zero   RW         6313    .bss                c_w.l(libspace.o)
    0x2000dcc4   0x00000004   PAD
    0x2000dcc8   0x00000200   Zero   RW         6032    HEAP                startup_stm32f10x_cl.o
    0x2000dec8   0x00000400   Zero   RW         6031    STACK               startup_stm32f10x_cl.o


==============================================================================

Image component sizes


      Code (inc. data)   RO Data    RW Data    ZI Data      Debug   Object Name

        36          6          0          0          0        580   bsp_printf.o
       148         10          0          0          0        647   bsp_usart.o
       412        100          0          4          0       3489   client.o
         0          0          0          0          0         32   core_cm3.o
      3176         82          0          4          0      21076   dhcp.o
       932          0          0          0          0      11498   dir.o
        70          0          0          0          0       1511   disc.o
       104          0          0          0          0       1027   efs.o
      1614         34         12          1        200      13412   etharp.o
       552         52          0          6       9216       7534   ethernetif.o
        98          0          0          0          0       2159   extract.o
      1460          4          0          0          0      11074   fat.o
      1396          0          0          0          0      10697   file.o
      1058          0          0          0          0      13188   fs.o
       372         54          0          0          0       3610   helloworld.o
       846        142      31991       4617          0       8351   httpd.o
       392          0          0          0          0       3618   icmp.o
        16          0          0          0          0       3026   inet.o
       142          0          0          0          0       5741   inet_chksum.o
         0          0          0          0          0        700   init.o
      1758          0          0          0          0      19646   ioman.o
       726         24          0         12          0       5077   ip.o
        48          0          8          0          0       5561   ip_addr.o
      1220         28          0          8       1504       7689   ip_frag.o
        64          0          0          0          0       1377   ls.o
       108         26          0          8          0      14920   main.o
       558         28          0         16      20500       5734   mem.o
       144         20         36          0      18095       3970   memp.o
       132         18          0          0          0       2373   misc.o
      1120        472          0         28         52      21485   netconf.o
       292         20          0         12          0       7822   netif.o
       214          0          0          0          0       5494   partition.o
       856          0          0          0          0       8609   pbuf.o
        72          0          0          0          0       2185   plibc.o
       104          6          0          4          0       1720   raw.o
       630          0          0          0          0       7407   sd.o
       370         34          0          0          0       4664   sd_stm32.o
       340         68          0          0          0       3456   server.o
        56         22        336          0       1536        884   startup_stm32f10x_cl.o
      2398         90          0         24          0      24729   stm3210c_eval_ioe.o
      1468        104       4560          4          0      15060   stm3210c_eval_lcd.o
      1314        144          0         16          0      16356   stm32_eth.o
       328         52         80         36          0       4920   stm32_eval.o
       912        120          0          0          0       8970   stm32f107.o
       234         10          0          0          0       5652   stm32f10x_adc.o
       176         16          0          0          0       2544   stm32f10x_exti.o
       312         18          0          0          0       6892   stm32f10x_gpio.o
       334          8          0          0          0       8459   stm32f10x_i2c.o
       374        102          0          4          0     318166   stm32f10x_it.o
       440         82          0         20          0      10759   stm32f10x_rcc.o
       182         12          0          0          0       4971   stm32f10x_spi.o
       188          6          0          0          0       4910   stm32f10x_usart.o
       264         30          0          0          0       1697   system_stm32f10x.o
      2232         92         20         32          0      27652   tcp.o
      3156         76          0         28         20      14720   tcp_in.o
      2098         14          0          0          0      11115   tcp_out.o
      1256         96        125         36       1648      21386   tftpserver.o
        84          0          0          0          0       5922   tftputils.o
         4          0          0          0          0        496   time.o
       846         22          0          4          0      14858   udp.o

    ----------------------------------------------------------------------
     40324       2344      37206       4932      52772     783277   Object Totals
         0          0         32          0          0          0   (incl. Generated)
        88          0          6          8          1          3   (incl. Padding)

    ----------------------------------------------------------------------

      Code (inc. data)   RO Data    RW Data    ZI Data      Debug   Library Member Name

       100          0          0          0          0          0   __dclz77c.o
         8          0          0          0          0         68   __main.o
       106          0          0          0          0         84   __printf.o
        52          8          0          0          0          0   __scatter.o
        28          0          0          0          0          0   __scatter_zi.o
        48          6          0          0          0         96   _printf_char_common.o
        36          4          0          0          0         80   _printf_char_file.o
         6          0          0          0          0          0   _printf_d.o
       120         18          0          0          0         92   _printf_dec.o
       180          0          0          0          0         88   _printf_intcommon.o
         0          0          0          0          0          0   _printf_percent.o
         4          0          0          0          0          0   _printf_percent_end.o
        10          0          0          0          0         68   _sputc.o
        10          0          0          0          0         68   defsig_exit.o
        50          0          0          0          0         88   defsig_general.o
        76         56          0          0          0         76   defsig_rtmem_inner.o
        14          0          0          0          0         80   defsig_rtmem_outer.o
        52         38          0          0          0         76   defsig_rtred_inner.o
        14          0          0          0          0         80   defsig_rtred_outer.o
        12          0          0          0          0         68   exit.o
        76          0          0          0          0         88   fclose.o
         8          0          0          0          0         68   ferror.o
       236          4          0          0          0        128   fopen.o
       248          4          0          0          0         84   fseek.o
        70          0          0          0          0         76   ftell.o
        94          0          0          0          0         80   h1_alloc.o
        50          0          0          0          0         68   h1_extend.o
        78          0          0          0          0         80   h1_free.o
        14          0          0          0          0         84   h1_init.o
         6          0          0          0          0        152   heapauxi.o
         4          0          0          0          0        136   hguard.o
       138          0          0          0          0        168   init_alloc.o
       312         46          0          0          0        112   initio.o
         6          0          0          0          0          0   libinit.o
        14          0          0          0          0          0   libinit2.o
         2          0          0          0          0          0   libshutdown.o
         6          0          0          0          0          0   libshutdown2.o
         8          4          0          0         96         68   libspace.o
         0          0          0          0          0         68   maybetermalloc1.o
        24          4          0          0          0         84   noretval__2printf.o
        40          6          0          0          0         84   noretval__2sprintf.o
         8          4          0          0          0         68   rt_errno_addr_intlibspace.o
         8          4          0          0          0         68   rt_fp_status_addr_intlibspace.o
         8          4          0          0          0         68   rt_heap_descriptor_intlibspace.o
        68          0          0          0          0         68   rt_memclr.o
        78          0          0          0          0         80   rt_memclr_w.o
       138          0          0          0          0         68   rt_memcpy_v6.o
       100          0          0          0          0         80   rt_memcpy_w.o
         0          0          0          0          0          0   rtentry.o
        12          0          0          0          0          0   rtentry2.o
         6          0          0          0          0          0   rtentry4.o
         2          0          0          0          0          0   rtexit.o
        10          0          0          0          0          0   rtexit2.o
        70          0          0          0          0         80   setvbuf.o
       240          6          0          0          0        156   stdio.o
         0          0          0         12        240          0   stdio_streams.o
       128          0          0          0          0         68   strcmpv7m.o
        72          0          0          0          0         80   strcpy.o
        62          0          0          0          0         76   strlen.o
       140          0          0          0          0         80   strncmp.o
        12          4          0          0          0         68   sys_exit.o
       102          0         12          0          0        240   sys_io.o
        74          0          0          0          0         80   sys_stackheap_outer.o
        14          0          0          0          0         76   sys_wrch.o
         2          0          0          0          0         68   use_no_semi.o
        14          0          0          0          0         76   fpinit.o

    ----------------------------------------------------------------------
      3742        220         12         12        340       4388   Library Totals
        14          0          0          0          4          0   (incl. Padding)

    ----------------------------------------------------------------------

      Code (inc. data)   RO Data    RW Data    ZI Data      Debug   Library Name

      3714        220         12         12        336       4312   c_w.l
        14          0          0          0          0         76   fz_ws.l

    ----------------------------------------------------------------------
      3742        220         12         12        340       4388   Library Totals

    ----------------------------------------------------------------------

==============================================================================


      Code (inc. data)   RO Data    RW Data    ZI Data      Debug   

     44066       2564      37218       4944      53112     761044   Grand Totals
     44066       2564      37218       1848      53112     761044   ELF Image Totals (compressed)
     44066       2564      37218       1848          0          0   ROM Totals

==============================================================================

    Total RO  Size (Code + RO Data)                81284 (  79.38kB)
    Total RW  Size (RW Data + ZI Data)             58056 (  56.70kB)
    Total ROM Size (Code + RO Data + RW Data)      83132 (  81.18kB)

==============================================================================

