<html>
<body>
<pre>
<h1>礦ision Build Log</h1>
<h2>Project:</h2>
D:\用户目录\Pictures\HDPLC_COAXIAL_201509\PROGRAM\glexer_HDPLC_COAXIAL\HDPLC_STM32F107VC\STM32F107_ETH_LwIP_V1.0.0\Project\RVMDK\Project.uvproj
Project File Date:  12/08/2015

<h2>Output:</h2>
Build target 'STM3210C-EVAL'
compiling stm32f10x_it.c...
compiling main.c...
..\src\main.c(53): warning:  #1295-D: Deprecated declaration menu_handle - give arg types
..\src\main.c(84): warning:  #223-D: function "client_init" declared implicitly
..\src\main.c(127): warning:  #223-D: function "ADC_Configuration" declared implicitly
compiling stm32f107.c...
compiling netconf.c...
..\src\netconf.c(46): warning:  #177-D: variable "IPaddress" was declared but never referenced
compiling helloworld.c...
compiling httpd.c...
compiling tftpserver.c...
compiling tftputils.c...
compiling client.c...
..\..\Utilities\lwip-1.3.1\port\client.c(56): warning:  #1295-D: Deprecated declaration menu_handle - give arg types
..\..\Utilities\lwip-1.3.1\port\client.c(57): warning:  #1295-D: Deprecated declaration rec_handle - give arg types
..\..\Utilities\lwip-1.3.1\port\client.c(353): warning:  #940-D: missing return statement at end of non-void function "EtherTx"
..\..\Utilities\lwip-1.3.1\port\client.c(342): warning:  #177-D: variable "theRet" was declared but never referenced
..\..\Utilities\lwip-1.3.1\port\client.c(357): warning:  #117-D: non-void function "EtherRx" should return a value
..\..\Utilities\lwip-1.3.1\port\client.c(378): warning:  #174-D: expression has no effect
..\..\Utilities\lwip-1.3.1\port\client.c(383): warning:  #174-D: expression has no effect
..\..\Utilities\lwip-1.3.1\port\client.c(388): warning:  #174-D: expression has no effect
..\..\Utilities\lwip-1.3.1\port\client.c(452): warning:  #1-D: last line of file ends without a newline
compiling server.c...
compiling hdplc_struct.c...
..\src\hdplc_struct.c(17): warning:  #223-D: function "memset" declared implicitly
..\src\hdplc_struct.c(57): warning:  #223-D: function "strlen" declared implicitly
..\src\hdplc_struct.c(63): warning:  #223-D: function "memcpy" declared implicitly
..\src\hdplc_struct.c(91): warning:  #550-D: variable "theReq" was set but never used
..\src\hdplc_struct.c(154): warning:  #940-D: missing return statement at end of non-void function "print_GetStatus"
..\src\hdplc_struct.c(202): warning:  #940-D: missing return statement at end of non-void function "print_StartSpeedTest"
..\src\hdplc_struct.c(237): warning:  #174-D: expression has no effect
..\src\hdplc_struct.c(279): warning:  #223-D: function "strlen" declared implicitly
..\src\hdplc_struct.c(305): warning:  #223-D: function "strlen" declared implicitly
..\src\hdplc_struct.c(304): warning:  #550-D: variable "len" was set but never used
..\src\hdplc_struct.c(338): warning:  #223-D: function "strcpy" declared implicitly
..\src\hdplc_struct.c(339): warning:  #223-D: function "strcat" declared implicitly
..\src\hdplc_struct.c(346): warning:  #223-D: function "strlen" declared implicitly
..\src\hdplc_struct.c(376): warning:  #223-D: function "strlen" declared implicitly
..\src\hdplc_struct.c(408): warning:  #223-D: function "strcpy" declared implicitly
..\src\hdplc_struct.c(409): warning:  #223-D: function "strcat" declared implicitly
..\src\hdplc_struct.c(426): warning:  #940-D: missing return statement at end of non-void function "run_GetAllMessages"
..\src\hdplc_struct.c(395): warning:  #177-D: variable "theReq" was declared but never referenced
..\src\hdplc_struct.c(396): warning:  #177-D: variable "theBuf" was declared but never referenced
..\src\hdplc_struct.c(450): warning:  #223-D: function "strcpy" declared implicitly
..\src\hdplc_struct.c(453): warning:  #223-D: function "strlen" declared implicitly
..\src\hdplc_struct.c(490): warning:  #223-D: function "strcpy" declared implicitly
..\src\hdplc_struct.c(499): warning:  #223-D: function "strcpy" declared implicitly
..\src\hdplc_struct.c(507): warning:  #223-D: function "strcpy" declared implicitly
..\src\hdplc_struct.c(508): warning:  #223-D: function "strcat" declared implicitly
..\src\hdplc_struct.c(516): warning:  #223-D: function "strcpy" declared implicitly
..\src\hdplc_struct.c(523): warning:  #940-D: missing return statement at end of non-void function "run_SetMacAddress"
..\src\hdplc_struct.c(542): warning:  #167-D: argument of type "unsigned char *" is incompatible with parameter of type "char *"
..\src\hdplc_struct.c(559): warning:  #940-D: missing return statement at end of non-void function "print_StartChannelEstimate"
..\src\hdplc_struct.c(564): warning:  #940-D: missing return statement at end of non-void function "run_GetCINRMap2To28"
..\src\hdplc_struct.c(584): warning:  #940-D: missing return statement at end of non-void function "print_GetCINRMap2To28"
compiling stm32f10x_usart.c...
compiling stm32f10x_gpio.c...
compiling stm32f10x_rcc.c...
compiling stm32f10x_spi.c...
compiling stm32f10x_exti.c...
compiling stm32f10x_flash.c...
compiling misc.c...
compiling stm32f10x_adc.c...
compiling stm32f10x_tim.c...
compiling stm32f10x_i2c.c...
compiling stm32_eth.c...
compiling stm3210c_eval_ioe.c...
compiling stm32_eval.c...
compiling stm3210c_eval_lcd.c...
compiling ethernetif.c...
compiling tcpip.c...
compiling api_lib.c...
compiling netbuf.c...
compiling netifapi.c...
compiling netdb.c...
compiling api_msg.c...
compiling err.c...
compiling stats.c...
compiling sys.c...
compiling tcp.c...
compiling tcp_in.c...
compiling tcp_out.c...
..\..\Utilities\lwip-1.3.1\src\core\tcp_out.c(458): warning:  #550-D: variable "tcphdr" was set but never used
..\..\Utilities\lwip-1.3.1\src\core\tcp_out.c(871): warning:  #550-D: variable "tcphdr" was set but never used
..\..\Utilities\lwip-1.3.1\src\core\tcp_out.c(925): warning:  #550-D: variable "tcphdr" was set but never used
compiling udp.c...
compiling dhcp.c...
compiling init.c...
compiling mem.c...
..\..\Utilities\lwip-1.3.1\src\core\mem.c(184): warning:  #550-D: variable "mem_sem" was set but never used
compiling memp.c...
compiling netif.c...
compiling pbuf.c...
compiling raw.c...
compiling autoip.c...
compiling icmp.c...
compiling igmp.c...
compiling inet.c...
compiling inet_chksum.c...
compiling ip.c...
compiling ip_addr.c...
compiling ip_frag.c...
compiling etharp.c...
compiling dir.c...
..\..\Utilities\efsl\source\dir.c(245): warning:  #1293-D: assignment in condition
..\..\Utilities\efsl\source\dir.c(274): warning:  #1293-D: assignment in condition
..\..\Utilities\efsl\source\dir.c(296): warning:  #1293-D: assignment in condition
..\..\Utilities\efsl\source\dir.c(322): warning:  #1293-D: assignment in condition
compiling disc.c...
compiling efs.c...
compiling extract.c...
compiling fat.c...
compiling file.c...
compiling fs.c...
compiling ioman.c...
compiling ls.c...
compiling mkfs.c...
compiling partition.c...
compiling plibc.c...
compiling time.c...
compiling ui.c...
compiling sd.c...
compiling sd_stm32.c...
compiling system_stm32f10x.c...
compiling core_cm3.c...
assembling startup_stm32f10x_cl.s...
compiling usart_printf.c...
linking...
Program Size: Code=38524 RO-data=5220 RW-data=356 ZI-data=54932  
FromELF: creating hex file...
".\Obj\output.axf" - 0 Error(s), 52 Warning(s).
Load "D:\\用户目录\\Pictures\\HDPLC_COAXIAL_201509\\PROGRAM\\glexer_HDPLC_COAXIAL\\HDPLC_STM32F107VC\\STM32F107_ETH_LwIP_V1.0.0\\Project\\RVMDK\\Obj\\output.AXF" 
