<html>
<body>
<pre>
<h1>µVision Build Log</h1>
<h2>Project:</h2>
C:\Users\Administrator\Desktop\8 STM32-ETH-17V\1 ETH PROGRAME\1 ETH PROGRAME\STM32F107_ETH_LwIP_V1.0.0\Project\RVMDK\Project.uvproj
Project File Date:  11/16/2015

<h2>Output:</h2>
Load "C:\\Users\\Administrator\\Desktop\\8 STM32-ETH-17V\\1 ETH PROGRAME\\1 ETH PROGRAME\\STM32F107_ETH_LwIP_V1.0.0\\Project\\RVMDK\\Obj\\STM3210C-EVAL.AXF" 
Set JLink Project File to "C:\Users\Administrator\Desktop\8 STM32-ETH-17V\1 ETH PROGRAME\1 ETH PROGRAME\STM32F107_ETH_LwIP_V1.0.0\Project\RVMDK\JLinkSettings.ini"
 
JLink info:
------------
DLL: V4.41b, compiled Dec 21 2011 19:07:35
Firmware: J-Link ARM V8 compiled Nov 25 2013 19:20:08
Hardware: V8.00
S/N : 20100213 
Feature(s) : RDI,FlashDL,FlashBP,JFlash,GDBFULL 
 
* JLink Info: Found SWD-DP with ID 0x1BA01477
* JLink Info: TPIU fitted.
* JLink Info: ETM fitted.
* JLink Info:   FPUnit: 6 code (BP) slots and 2 literal slots
* JLink Info: Found Cortex-M3 r1p1, Little endian.
ROMTableAddr = 0xE00FF003
 
Target info:
------------
Device: STM32F107xC
* JLink Info: Device "STM32F107RC" selected (256 KB flash, 20 KB RAM).
VTarget = 3.274V
State of Pins: 
TCK: 0, TDI: 1, TDO: 1, TMS: 1, TRES: 1, TRST: 1
Hardware-Breakpoints: 6
Software-Breakpoints: 8192
Watchpoints:          4
JTAG speed: 2000 kHz
 
Erase Done.
Programming Done.
Verify OK.
* JLink Info: Found SWD-DP with ID 0x1BA01477
* JLink Info: TPIU fitted.
* JLink Info: ETM fitted.
* JLink Info:   FPUnit: 6 code (BP) slots and 2 literal slots
* JLink Info: Found Cortex-M3 r1p1, Little endian.
Application running ...
Build target 'STM3210C-EVAL'
compiling stm32f10x_it.c...
compiling main.c...
..\src\main.c(66): warning:  #223-D: function "bsp_InitUart" declared implicitly
..\src\main.c(67): warning:  #223-D: function "printf" declared implicitly
compiling stm32f107.c...
compiling netconf.c...
compiling helloworld.c...
compiling httpd.c...
compiling tftpserver.c...
compiling tftputils.c...
compiling client.c...
compiling server.c...
compiling stm32f10x_usart.c...
compiling stm32f10x_gpio.c...
compiling stm32f10x_rcc.c...
compiling stm32f10x_spi.c...
compiling stm32f10x_exti.c...
compiling stm32f10x_flash.c...
compiling misc.c...
compiling stm32f10x_adc.c...
compiling stm32f10x_tim.c...
compiling stm32f10x_i2c.c...
compiling stm32_eth.c...
compiling stm3210c_eval_ioe.c...
compiling stm32_eval.c...
compiling stm3210c_eval_lcd.c...
compiling ethernetif.c...
compiling tcpip.c...
compiling api_lib.c...
compiling netbuf.c...
compiling netifapi.c...
compiling netdb.c...
compiling api_msg.c...
compiling err.c...
compiling stats.c...
compiling sys.c...
compiling tcp.c...
compiling tcp_in.c...
compiling tcp_out.c...
..\..\Utilities\lwip-1.3.1\src\core\tcp_out.c(458): warning:  #550-D: variable "tcphdr" was set but never used
..\..\Utilities\lwip-1.3.1\src\core\tcp_out.c(871): warning:  #550-D: variable "tcphdr" was set but never used
..\..\Utilities\lwip-1.3.1\src\core\tcp_out.c(925): warning:  #550-D: variable "tcphdr" was set but never used
compiling udp.c...
compiling dhcp.c...
compiling init.c...
compiling mem.c...
..\..\Utilities\lwip-1.3.1\src\core\mem.c(184): warning:  #550-D: variable "mem_sem" was set but never used
compiling memp.c...
compiling netif.c...
compiling pbuf.c...
compiling raw.c...
compiling autoip.c...
compiling icmp.c...
compiling igmp.c...
compiling inet.c...
compiling inet_chksum.c...
compiling ip.c...
compiling ip_addr.c...
compiling ip_frag.c...
compiling etharp.c...
compiling dir.c...
..\..\Utilities\efsl\source\dir.c(245): warning:  #1293-D: assignment in condition
..\..\Utilities\efsl\source\dir.c(274): warning:  #1293-D: assignment in condition
..\..\Utilities\efsl\source\dir.c(296): warning:  #1293-D: assignment in condition
..\..\Utilities\efsl\source\dir.c(322): warning:  #1293-D: assignment in condition
compiling disc.c...
compiling efs.c...
compiling extract.c...
compiling fat.c...
compiling file.c...
compiling fs.c...
compiling ioman.c...
compiling ls.c...
compiling mkfs.c...
compiling partition.c...
compiling plibc.c...
compiling time.c...
compiling ui.c...
compiling sd.c...
compiling sd_stm32.c...
compiling system_stm32f10x.c...
compiling core_cm3.c...
assembling startup_stm32f10x_cl.s...
compiling bsp_printf.c...
compiling bsp_usart.c...
linking...
Program Size: Code=44066 RO-data=37218 RW-data=4944 ZI-data=53112  
".\Obj\STM3210C-EVAL.axf" - 0 Error(s), 10 Warning(s).
Build target 'STM3210C-EVAL'
compiling stm32f10x_it.c...
compiling main.c...
..\src\main.c(69): warning:  #223-D: function "printf" declared implicitly
compiling stm32f107.c...
compiling netconf.c...
compiling helloworld.c...
compiling httpd.c...
compiling tftpserver.c...
compiling tftputils.c...
compiling client.c...
compiling server.c...
compiling stm32f10x_usart.c...
compiling stm32f10x_gpio.c...
compiling stm32f10x_rcc.c...
compiling stm32f10x_spi.c...
compiling stm32f10x_exti.c...
compiling stm32f10x_flash.c...
compiling misc.c...
compiling stm32f10x_adc.c...
compiling stm32f10x_tim.c...
compiling stm32f10x_i2c.c...
compiling stm32_eth.c...
compiling stm3210c_eval_ioe.c...
compiling stm32_eval.c...
compiling stm3210c_eval_lcd.c...
compiling ethernetif.c...
compiling tcpip.c...
compiling api_lib.c...
compiling netbuf.c...
compiling netifapi.c...
compiling netdb.c...
compiling api_msg.c...
compiling err.c...
compiling stats.c...
compiling sys.c...
compiling tcp.c...
compiling tcp_in.c...
compiling tcp_out.c...
..\..\Utilities\lwip-1.3.1\src\core\tcp_out.c(458): warning:  #550-D: variable "tcphdr" was set but never used
..\..\Utilities\lwip-1.3.1\src\core\tcp_out.c(871): warning:  #550-D: variable "tcphdr" was set but never used
..\..\Utilities\lwip-1.3.1\src\core\tcp_out.c(925): warning:  #550-D: variable "tcphdr" was set but never used
compiling udp.c...
compiling dhcp.c...
compiling init.c...
compiling mem.c...
..\..\Utilities\lwip-1.3.1\src\core\mem.c(184): warning:  #550-D: variable "mem_sem" was set but never used
compiling memp.c...
compiling netif.c...
compiling pbuf.c...
compiling raw.c...
compiling autoip.c...
compiling icmp.c...
compiling igmp.c...
compiling inet.c...
compiling inet_chksum.c...
compiling ip.c...
compiling ip_addr.c...
compiling ip_frag.c...
compiling etharp.c...
compiling dir.c...
..\..\Utilities\efsl\source\dir.c(245): warning:  #1293-D: assignment in condition
..\..\Utilities\efsl\source\dir.c(274): warning:  #1293-D: assignment in condition
..\..\Utilities\efsl\source\dir.c(296): warning:  #1293-D: assignment in condition
..\..\Utilities\efsl\source\dir.c(322): warning:  #1293-D: assignment in condition
compiling disc.c...
compiling efs.c...
compiling extract.c...
compiling fat.c...
compiling file.c...
compiling fs.c...
compiling ioman.c...
compiling ls.c...
compiling mkfs.c...
compiling partition.c...
compiling plibc.c...
compiling time.c...
compiling ui.c...
compiling sd.c...
compiling sd_stm32.c...
compiling system_stm32f10x.c...
compiling core_cm3.c...
assembling startup_stm32f10x_cl.s...
compiling bsp_printf.c...
compiling bsp_usart.c...
linking...
Program Size: Code=44066 RO-data=37218 RW-data=4944 ZI-data=53112  
FromELF: creating hex file...
".\Obj\output.axf" - 0 Error(s), 9 Warning(s).
Load "C:\\Users\\Administrator\\Desktop\\8 STM32-ETH-17V\\1 ETH PROGRAME\\1 ETH PROGRAME\\STM32F107_ETH_LwIP_V1.0.0\\Project\\RVMDK\\Obj\\output.AXF" 
Set JLink Project File to "C:\Users\Administrator\Desktop\8 STM32-ETH-17V\1 ETH PROGRAME\1 ETH PROGRAME\STM32F107_ETH_LwIP_V1.0.0\Project\RVMDK\JLinkSettings.ini"
 
JLink info:
------------
DLL: V4.41b, compiled Dec 21 2011 19:07:35
Firmware: J-Link ARM V8 compiled Nov 25 2013 19:20:08
Hardware: V8.00
S/N : 20100213 
Feature(s) : RDI,FlashDL,FlashBP,JFlash,GDBFULL 
 
* JLink Info: Found SWD-DP with ID 0x1BA01477
* JLink Info: TPIU fitted.
* JLink Info: ETM fitted.
* JLink Info:   FPUnit: 6 code (BP) slots and 2 literal slots
* JLink Info: Found Cortex-M3 r1p1, Little endian.
ROMTableAddr = 0xE00FF003
 
Target info:
------------
Device: STM32F107xC
* JLink Info: Device "STM32F107RC" selected (256 KB flash, 20 KB RAM).
VTarget = 3.274V
State of Pins: 
TCK: 0, TDI: 1, TDO: 1, TMS: 1, TRES: 1, TRST: 1
Hardware-Breakpoints: 6
Software-Breakpoints: 8192
Watchpoints:          4
JTAG speed: 2000 kHz
 
Erase Done.
Programming Done.
Verify OK.
* JLink Info: Found SWD-DP with ID 0x1BA01477
* JLink Info: TPIU fitted.
* JLink Info: ETM fitted.
* JLink Info:   FPUnit: 6 code (BP) slots and 2 literal slots
* JLink Info: Found Cortex-M3 r1p1, Little endian.
Application running ...
